Archive member included to satisfy reference by file (symbol)

d:/apps/ac6/systemworkbench/plugins/fr.ac6.mcu.externaltools.arm-none.win32_1.17.0.201812190825/tools/compiler/bin/../lib/gcc/arm-none-eabi/7.3.1/../../../../arm-none-eabi/lib/thumb/v7-m\libc.a(lib_a-exit.o)
                              d:/apps/ac6/systemworkbench/plugins/fr.ac6.mcu.externaltools.arm-none.win32_1.17.0.201812190825/tools/compiler/bin/../lib/gcc/arm-none-eabi/7.3.1/../../../../arm-none-eabi/lib/thumb/v7-m/crt0.o (exit)
d:/apps/ac6/systemworkbench/plugins/fr.ac6.mcu.externaltools.arm-none.win32_1.17.0.201812190825/tools/compiler/bin/../lib/gcc/arm-none-eabi/7.3.1/../../../../arm-none-eabi/lib/thumb/v7-m\libc.a(lib_a-impure.o)
                              d:/apps/ac6/systemworkbench/plugins/fr.ac6.mcu.externaltools.arm-none.win32_1.17.0.201812190825/tools/compiler/bin/../lib/gcc/arm-none-eabi/7.3.1/../../../../arm-none-eabi/lib/thumb/v7-m\libc.a(lib_a-exit.o) (_global_impure_ptr)
d:/apps/ac6/systemworkbench/plugins/fr.ac6.mcu.externaltools.arm-none.win32_1.17.0.201812190825/tools/compiler/bin/../lib/gcc/arm-none-eabi/7.3.1/../../../../arm-none-eabi/lib/thumb/v7-m\libc.a(lib_a-init.o)
                              d:/apps/ac6/systemworkbench/plugins/fr.ac6.mcu.externaltools.arm-none.win32_1.17.0.201812190825/tools/compiler/bin/../lib/gcc/arm-none-eabi/7.3.1/../../../../arm-none-eabi/lib/thumb/v7-m/crt0.o (__libc_init_array)
d:/apps/ac6/systemworkbench/plugins/fr.ac6.mcu.externaltools.arm-none.win32_1.17.0.201812190825/tools/compiler/bin/../lib/gcc/arm-none-eabi/7.3.1/../../../../arm-none-eabi/lib/thumb/v7-m\libc.a(lib_a-memset.o)
                              d:/apps/ac6/systemworkbench/plugins/fr.ac6.mcu.externaltools.arm-none.win32_1.17.0.201812190825/tools/compiler/bin/../lib/gcc/arm-none-eabi/7.3.1/../../../../arm-none-eabi/lib/thumb/v7-m/crt0.o (memset)
d:/apps/ac6/systemworkbench/plugins/fr.ac6.mcu.externaltools.arm-none.win32_1.17.0.201812190825/tools/compiler/bin/../lib/gcc/arm-none-eabi/7.3.1/../../../../arm-none-eabi/lib/thumb/v7-m\libc.a(lib_a-__call_atexit.o)
                              d:/apps/ac6/systemworkbench/plugins/fr.ac6.mcu.externaltools.arm-none.win32_1.17.0.201812190825/tools/compiler/bin/../lib/gcc/arm-none-eabi/7.3.1/../../../../arm-none-eabi/lib/thumb/v7-m\libc.a(lib_a-exit.o) (__call_exitprocs)
d:/apps/ac6/systemworkbench/plugins/fr.ac6.mcu.externaltools.arm-none.win32_1.17.0.201812190825/tools/compiler/bin/../lib/gcc/arm-none-eabi/7.3.1/../../../../arm-none-eabi/lib/thumb/v7-m\libc.a(lib_a-atexit.o)
                              d:/apps/ac6/systemworkbench/plugins/fr.ac6.mcu.externaltools.arm-none.win32_1.17.0.201812190825/tools/compiler/bin/../lib/gcc/arm-none-eabi/7.3.1/../../../../arm-none-eabi/lib/thumb/v7-m\libc.a(lib_a-__call_atexit.o) (atexit)
d:/apps/ac6/systemworkbench/plugins/fr.ac6.mcu.externaltools.arm-none.win32_1.17.0.201812190825/tools/compiler/bin/../lib/gcc/arm-none-eabi/7.3.1/../../../../arm-none-eabi/lib/thumb/v7-m\libc.a(lib_a-fini.o)
                              d:/apps/ac6/systemworkbench/plugins/fr.ac6.mcu.externaltools.arm-none.win32_1.17.0.201812190825/tools/compiler/bin/../lib/gcc/arm-none-eabi/7.3.1/../../../../arm-none-eabi/lib/thumb/v7-m\libc.a(lib_a-__call_atexit.o) (__libc_fini_array)
d:/apps/ac6/systemworkbench/plugins/fr.ac6.mcu.externaltools.arm-none.win32_1.17.0.201812190825/tools/compiler/bin/../lib/gcc/arm-none-eabi/7.3.1/../../../../arm-none-eabi/lib/thumb/v7-m\libc.a(lib_a-lock.o)
                              d:/apps/ac6/systemworkbench/plugins/fr.ac6.mcu.externaltools.arm-none.win32_1.17.0.201812190825/tools/compiler/bin/../lib/gcc/arm-none-eabi/7.3.1/../../../../arm-none-eabi/lib/thumb/v7-m\libc.a(lib_a-__call_atexit.o) (__retarget_lock_acquire_recursive)
d:/apps/ac6/systemworkbench/plugins/fr.ac6.mcu.externaltools.arm-none.win32_1.17.0.201812190825/tools/compiler/bin/../lib/gcc/arm-none-eabi/7.3.1/../../../../arm-none-eabi/lib/thumb/v7-m\libc.a(lib_a-__atexit.o)
                              d:/apps/ac6/systemworkbench/plugins/fr.ac6.mcu.externaltools.arm-none.win32_1.17.0.201812190825/tools/compiler/bin/../lib/gcc/arm-none-eabi/7.3.1/../../../../arm-none-eabi/lib/thumb/v7-m\libc.a(lib_a-atexit.o) (__register_exitproc)

Allocating common symbols
Common symbol       size              file

__lock___atexit_recursive_mutex
                    0x1               d:/apps/ac6/systemworkbench/plugins/fr.ac6.mcu.externaltools.arm-none.win32_1.17.0.201812190825/tools/compiler/bin/../lib/gcc/arm-none-eabi/7.3.1/../../../../arm-none-eabi/lib/thumb/v7-m\libc.a(lib_a-lock.o)
__lock___arc4random_mutex
                    0x1               d:/apps/ac6/systemworkbench/plugins/fr.ac6.mcu.externaltools.arm-none.win32_1.17.0.201812190825/tools/compiler/bin/../lib/gcc/arm-none-eabi/7.3.1/../../../../arm-none-eabi/lib/thumb/v7-m\libc.a(lib_a-lock.o)
__lock___env_recursive_mutex
[...]
Memory Configuration

Name             Origin             Length             Attributes
RAM              0x20000000         0x00005000         xrw
ROM              0x08000000         0x00020000         xr
*default*        0x00000000         0xffffffff

Linker script and memory map

LOAD d:/apps/ac6/systemworkbench/plugins/fr.ac6.mcu.externaltools.arm-none.win32_1.17.0.201812190825/tools/compiler/bin/../lib/gcc/arm-none-eabi/7.3.1/thumb/v7-m/crti.o
LOAD d:/apps/ac6/systemworkbench/plugins/fr.ac6.mcu.externaltools.arm-none.win32_1.17.0.201812190825/tools/compiler/bin/../lib/gcc/arm-none-eabi/7.3.1/thumb/v7-m/crtbegin.o
LOAD d:/apps/ac6/systemworkbench/plugins/fr.ac6.mcu.externaltools.arm-none.win32_1.17.0.201812190825/tools/compiler/bin/../lib/gcc/arm-none-eabi/7.3.1/../../../../arm-none-eabi/lib/thumb/v7-m/crt0.o
LOAD CMSIS/core/core_cm3.o
LOAD StdPeriph_Driver/src/misc.o
LOAD StdPeriph_Driver/src/stm32f10x_adc.o
LOAD StdPeriph_Driver/src/stm32f10x_bkp.o
LOAD StdPeriph_Driver/src/stm32f10x_can.o
LOAD StdPeriph_Driver/src/stm32f10x_cec.o
LOAD StdPeriph_Driver/src/stm32f10x_crc.o
LOAD StdPeriph_Driver/src/stm32f10x_dac.o
LOAD StdPeriph_Driver/src/stm32f10x_dbgmcu.o
LOAD StdPeriph_Driver/src/stm32f10x_dma.o
LOAD StdPeriph_Driver/src/stm32f10x_exti.o
LOAD StdPeriph_Driver/src/stm32f10x_flash.o
LOAD StdPeriph_Driver/src/stm32f10x_fsmc.o
LOAD StdPeriph_Driver/src/stm32f10x_gpio.o
LOAD StdPeriph_Driver/src/stm32f10x_i2c.o
LOAD StdPeriph_Driver/src/stm32f10x_iwdg.o
LOAD StdPeriph_Driver/src/stm32f10x_pwr.o
LOAD StdPeriph_Driver/src/stm32f10x_rcc.o
LOAD StdPeriph_Driver/src/stm32f10x_rtc.o
LOAD StdPeriph_Driver/src/stm32f10x_sdio.o
LOAD StdPeriph_Driver/src/stm32f10x_spi.o
LOAD StdPeriph_Driver/src/stm32f10x_tim.o
LOAD StdPeriph_Driver/src/stm32f10x_usart.o
LOAD StdPeriph_Driver/src/stm32f10x_wwdg.o
LOAD src/at_cmd.o
LOAD src/epoch.o
LOAD src/hpdl1414.o
LOAD src/io_setup.o
LOAD src/main.o
LOAD src/rtc.o
LOAD src/stm32f10x_it.o
LOAD src/system_stm32f10x.o
LOAD src/uart.o
LOAD startup/startup_stm32.o
LOAD d:/apps/ac6/systemworkbench/plugins/fr.ac6.mcu.externaltools.arm-none.win32_1.17.0.201812190825/tools/compiler/bin/../lib/gcc/arm-none-eabi/7.3.1/../../../../arm-none-eabi/lib/thumb/v7-m\libm.a
START GROUP
LOAD d:/apps/ac6/systemworkbench/plugins/fr.ac6.mcu.externaltools.arm-none.win32_1.17.0.201812190825/tools/compiler/bin/../lib/gcc/arm-none-eabi/7.3.1/thumb/v7-m\libgcc.a
LOAD d:/apps/ac6/systemworkbench/plugins/fr.ac6.mcu.externaltools.arm-none.win32_1.17.0.201812190825/tools/compiler/bin/../lib/gcc/arm-none-eabi/7.3.1/../../../../arm-none-eabi/lib/thumb/v7-m\libc.a
END GROUP
LOAD d:/apps/ac6/systemworkbench/plugins/fr.ac6.mcu.externaltools.arm-none.win32_1.17.0.201812190825/tools/compiler/bin/../lib/gcc/arm-none-eabi/7.3.1/thumb/v7-m/crtend.o
LOAD d:/apps/ac6/systemworkbench/plugins/fr.ac6.mcu.externaltools.arm-none.win32_1.17.0.201812190825/tools/compiler/bin/../lib/gcc/arm-none-eabi/7.3.1/thumb/v7-m/crtn.o
                0x20005000                _estack = 0x20005000
                0x00000000                _Min_Heap_Size = 0x0
                0x00001000                _Min_Stack_Size = 0x1000

.isr_vector     0x08000000      0x130
                0x08000000                . = ALIGN (0x4)
 *(.isr_vector)
 .isr_vector    0x08000000      0x130 startup/startup_stm32.o
                0x08000000                g_pfnVectors
                0x08000130                . = ALIGN (0x4)

.text           0x08000130     0x283c
                0x08000130                . = ALIGN (0x4)
 *(.text)
 .text          0x08000130       0x40 d:/apps/ac6/systemworkbench/plugins/fr.ac6.mcu.externaltools.arm-none.win32_1.17.0.201812190825/tools/compiler/bin/../lib/gcc/arm-none-eabi/7.3.1/thumb/v7-m/crtbegin.o
 *(.text*)
 .text.NVIC_Init
                0x08000170       0xc4 StdPeriph_Driver/src/misc.o
                0x08000170                NVIC_Init
 .text.BKP_DeInit
                0x08000234       0x14 StdPeriph_Driver/src/stm32f10x_bkp.o
                0x08000234                BKP_DeInit
 .text.DMA_DeInit
                0x08000248      0x178 StdPeriph_Driver/src/stm32f10x_dma.o
                0x08000248                DMA_DeInit
 .text.DMA_Init
                0x080003c0       0x7c StdPeriph_Driver/src/stm32f10x_dma.o
                0x080003c0                DMA_Init
 .text.DMA_Cmd  0x0800043c       0x38 StdPeriph_Driver/src/stm32f10x_dma.o
                0x0800043c                DMA_Cmd
 .text.DMA_ITConfig
                0x08000474       0x3a StdPeriph_Driver/src/stm32f10x_dma.o
                0x08000474                DMA_ITConfig
 .text.DMA_GetCurrDataCounter
                0x080004ae       0x18 StdPeriph_Driver/src/stm32f10x_dma.o
                0x080004ae                DMA_GetCurrDataCounter
 *fill*         0x080004c6        0x2 
 .text.DMA_GetITStatus
                0x080004c8       0x50 StdPeriph_Driver/src/stm32f10x_dma.o
                0x080004c8                DMA_GetITStatus
 .text.DMA_ClearITPendingBit
                0x08000518       0x34 StdPeriph_Driver/src/stm32f10x_dma.o
                0x08000518                DMA_ClearITPendingBit
 .text.GPIO_Init
                0x0800054c      0x178 StdPeriph_Driver/src/stm32f10x_gpio.o
                0x0800054c                GPIO_Init
 .text.GPIO_WriteBit
                0x080006c4       0x2e StdPeriph_Driver/src/stm32f10x_gpio.o
                0x080006c4                GPIO_WriteBit
 .text.GPIO_Write
                0x080006f2       0x1c StdPeriph_Driver/src/stm32f10x_gpio.o
                0x080006f2                GPIO_Write
 *fill*         0x0800070e        0x2 
 .text.GPIO_PinRemapConfig
                0x08000710       0xe0 StdPeriph_Driver/src/stm32f10x_gpio.o
                0x08000710                GPIO_PinRemapConfig
 .text.PWR_BackupAccessCmd
                0x080007f0       0x20 StdPeriph_Driver/src/stm32f10x_pwr.o
                0x080007f0                PWR_BackupAccessCmd
 .text.RCC_LSEConfig
                0x08000810       0x40 StdPeriph_Driver/src/stm32f10x_rcc.o
                0x08000810                RCC_LSEConfig
 .text.RCC_LSICmd
                0x08000850       0x20 StdPeriph_Driver/src/stm32f10x_rcc.o
                0x08000850                RCC_LSICmd
 .text.RCC_RTCCLKConfig
                0x08000870       0x24 StdPeriph_Driver/src/stm32f10x_rcc.o
                0x08000870                RCC_RTCCLKConfig
 .text.RCC_RTCCLKCmd
                0x08000894       0x20 StdPeriph_Driver/src/stm32f10x_rcc.o
                0x08000894                RCC_RTCCLKCmd
 .text.RCC_GetClocksFreq
                0x080008b4      0x15c StdPeriph_Driver/src/stm32f10x_rcc.o
                0x080008b4                RCC_GetClocksFreq
 .text.RCC_AHBPeriphClockCmd
                0x08000a10       0x3c StdPeriph_Driver/src/stm32f10x_rcc.o
                0x08000a10                RCC_AHBPeriphClockCmd
 .text.RCC_APB2PeriphClockCmd
                0x08000a4c       0x3c StdPeriph_Driver/src/stm32f10x_rcc.o
                0x08000a4c                RCC_APB2PeriphClockCmd
 .text.RCC_APB1PeriphClockCmd
                0x08000a88       0x3c StdPeriph_Driver/src/stm32f10x_rcc.o
                0x08000a88                RCC_APB1PeriphClockCmd
 .text.RCC_APB1PeriphResetCmd
                0x08000ac4       0x3c StdPeriph_Driver/src/stm32f10x_rcc.o
                0x08000ac4                RCC_APB1PeriphResetCmd
 .text.RCC_BackupResetCmd
                0x08000b00       0x20 StdPeriph_Driver/src/stm32f10x_rcc.o
                0x08000b00                RCC_BackupResetCmd
 .text.RCC_GetFlagStatus
                0x08000b20       0x74 StdPeriph_Driver/src/stm32f10x_rcc.o
                0x08000b20                RCC_GetFlagStatus
 .text.RTC_EnterConfigMode
                0x08000b94       0x20 StdPeriph_Driver/src/stm32f10x_rtc.o
                0x08000b94                RTC_EnterConfigMode
 .text.RTC_ExitConfigMode
                0x08000bb4       0x20 StdPeriph_Driver/src/stm32f10x_rtc.o
                0x08000bb4                RTC_ExitConfigMode
 .text.RTC_GetCounter
                0x08000bd4       0x2c StdPeriph_Driver/src/stm32f10x_rtc.o
                0x08000bd4                RTC_GetCounter
 .text.RTC_SetCounter
                0x08000c00       0x30 StdPeriph_Driver/src/stm32f10x_rtc.o
                0x08000c00                RTC_SetCounter
 .text.RTC_SetPrescaler
                0x08000c30       0x34 StdPeriph_Driver/src/stm32f10x_rtc.o
                0x08000c30                RTC_SetPrescaler
 .text.RTC_WaitForLastTask
                0x08000c64       0x20 StdPeriph_Driver/src/stm32f10x_rtc.o
                0x08000c64                RTC_WaitForLastTask
 .text.RTC_WaitForSynchro
                0x08000c84       0x30 StdPeriph_Driver/src/stm32f10x_rtc.o
                0x08000c84                RTC_WaitForSynchro
 .text.USART_Init
                0x08000cb4      0x174 StdPeriph_Driver/src/stm32f10x_usart.o
                0x08000cb4                USART_Init
 .text.USART_Cmd
                0x08000e28       0x3e StdPeriph_Driver/src/stm32f10x_usart.o
                0x08000e28                USART_Cmd
 .text.USART_DMACmd
                0x08000e66       0x46 StdPeriph_Driver/src/stm32f10x_usart.o
                0x08000e66                USART_DMACmd
 .text._AtCmdCmp
                0x08000eac       0x4e src/at_cmd.o
                0x08000eac                _AtCmdCmp
 *fill*         0x08000efa        0x2 
 .text._AtCmdFindHead
                0x08000efc       0xcc src/at_cmd.o
                0x08000efc                _AtCmdFindHead
 .text._AtCmdFindCmd
                0x08000fc8       0xdc src/at_cmd.o
                0x08000fc8                _AtCmdFindCmd
 .text._AtCmdExtractCmd
                0x080010a4       0x7c src/at_cmd.o
                0x080010a4                _AtCmdExtractCmd
 .text.AtCmdDataIn
                0x08001120       0xd0 src/at_cmd.o
                0x08001120                AtCmdDataIn
 .text.AtCmdGetCmd
                0x080011f0       0x90 src/at_cmd.o
                0x080011f0                AtCmdGetCmd
 .text.AtCmdDumpCmd
                0x08001280       0x2c src/at_cmd.o
                0x08001280                AtCmdDumpCmd
 .text.date_time_to_epoch
                0x080012ac       0x9c src/epoch.o
                0x080012ac                date_time_to_epoch
 .text.epoch_to_date_time
                0x08001348      0x158 src/epoch.o
                0x08001348                epoch_to_date_time
 .text.Hdpl1414Write
                0x080014a0      0x108 src/hpdl1414.o
                0x080014a0                Hdpl1414Write
 .text.IoSetup  0x080015a8      0x1a0 src/io_setup.o
                0x080015a8                IoSetup
 .text.main     0x08001748      0x7f4 src/main.o
                0x08001748                main
 .text.RtcGet   0x08001f3c       0x46 src/rtc.o
                0x08001f3c                RtcGet
 .text.RtcSet   0x08001f82       0x4a src/rtc.o
                0x08001f82                RtcSet
 .text.RtcInit  0x08001fcc       0x9a src/rtc.o
                0x08001fcc                RtcInit
 .text.NMI_Handler
                0x08002066        0xc src/stm32f10x_it.o
                0x08002066                NMI_Handler
 .text.HardFault_Handler
                0x08002072        0x6 src/stm32f10x_it.o
                0x08002072                HardFault_Handler
 .text.MemManage_Handler
                0x08002078        0x6 src/stm32f10x_it.o
                0x08002078                MemManage_Handler
 .text.BusFault_Handler
                0x0800207e        0x6 src/stm32f10x_it.o
                0x0800207e                BusFault_Handler
 .text.UsageFault_Handler
                0x08002084        0x6 src/stm32f10x_it.o
                0x08002084                UsageFault_Handler
 .text.SVC_Handler
                0x0800208a        0xc src/stm32f10x_it.o
                0x0800208a                SVC_Handler
 .text.DebugMon_Handler
                0x08002096        0xc src/stm32f10x_it.o
                0x08002096                DebugMon_Handler
 .text.PendSV_Handler
                0x080020a2        0xc src/stm32f10x_it.o
                0x080020a2                PendSV_Handler
 .text.SysTick_Handler
                0x080020ae        0xc src/stm32f10x_it.o
                0x080020ae                SysTick_Handler
 .text.DMA1_Channel4_IRQHandler
                0x080020ba        0xc src/stm32f10x_it.o
                0x080020ba                DMA1_Channel4_IRQHandler
 .text.DMA1_Channel5_IRQHandler
                0x080020c6        0xc src/stm32f10x_it.o
                0x080020c6                DMA1_Channel5_IRQHandler
 *fill*         0x080020d2        0x2 
 .text.SystemInit
                0x080020d4       0x70 src/system_stm32f10x.o
                0x080020d4                SystemInit
 .text.SetSysClock
                0x08002144        0xc src/system_stm32f10x.o
 .text._Uart1Memcpy
                0x08002150       0x32 src/uart.o
                0x08002150                _Uart1Memcpy
 *fill*         0x08002182        0x2 
 .text._Uart1CriticalStart
                0x08002184       0x2c src/uart.o
                0x08002184                _Uart1CriticalStart
 .text._Uart1CriticalEnd
                0x080021b0       0x24 src/uart.o
                0x080021b0                _Uart1CriticalEnd
 .text._Uart1NvicConfig
                0x080021d4       0x26 src/uart.o
                0x080021d4                _Uart1NvicConfig
 .text._Uart1DmaConfig
                0x080021fa       0x10 src/uart.o
                0x080021fa                _Uart1DmaConfig
 *fill*         0x0800220a        0x2 
 .text.Uart1InputFill
                0x0800220c       0x58 src/uart.o
                0x0800220c                Uart1InputFill
 .text.Uart1Read
                0x08002264       0x8c src/uart.o
                0x08002264                Uart1Read
 .text.Uart1Peek
                0x080022f0       0xbc src/uart.o
                0x080022f0                Uart1Peek
 .text._Uart1StartRx
                0x080023ac       0x70 src/uart.o
                0x080023ac                _Uart1StartRx
 .text._Uart1StartTx
                0x0800241c       0x78 src/uart.o
                0x0800241c                _Uart1StartTx
 .text.Uart1Write
                0x08002494       0xd4 src/uart.o
                0x08002494                Uart1Write
 .text.Uart1ISR
                0x08002568       0xc0 src/uart.o
                0x08002568                Uart1ISR
 .text._Uart1GpioConfig
                0x08002628       0x4c src/uart.o
                0x08002628                _Uart1GpioConfig
 .text._Uart1Config
                0x08002674       0x60 src/uart.o
                0x08002674                _Uart1Config
 .text.Uart1Init
                0x080026d4       0x34 src/uart.o
                0x080026d4                Uart1Init
 .text.Reset_Handler
                0x08002708       0x50 startup/startup_stm32.o
                0x08002708                Reset_Handler
 .text.Default_Handler
                0x08002758        0x2 startup/startup_stm32.o
                0x08002758                EXTI2_IRQHandler
                0x08002758                TIM8_TRG_COM_IRQHandler
                0x08002758                TIM8_CC_IRQHandler
                0x08002758                TIM1_CC_IRQHandler
                0x08002758                TIM6_IRQHandler
                0x08002758                PVD_IRQHandler
                0x08002758                SDIO_IRQHandler
                0x08002758                EXTI3_IRQHandler
                0x08002758                USB_HP_CAN_TX_IRQHandler
                0x08002758                EXTI0_IRQHandler
                0x08002758                I2C2_EV_IRQHandler
                0x08002758                ADC1_2_IRQHandler
                0x08002758                SPI1_IRQHandler
                0x08002758                CAN_SCE_IRQHandler
                0x08002758                TAMPER_IRQHandler
                0x08002758                TIM8_UP_IRQHandler
                0x08002758                DMA2_Channel2_IRQHandler
                0x08002758                USART3_IRQHandler
                0x08002758                RTC_IRQHandler
                0x08002758                DMA1_Channel7_IRQHandler
                0x08002758                UART5_IRQHandler
                0x08002758                ADC3_IRQHandler
                0x08002758                TIM4_IRQHandler
                0x08002758                CAN_RX1_IRQHandler
                0x08002758                DMA2_Channel1_IRQHandler
                0x08002758                I2C1_EV_IRQHandler
                0x08002758                DMA1_Channel6_IRQHandler
                0x08002758                UART4_IRQHandler
                0x08002758                TIM3_IRQHandler
                0x08002758                RCC_IRQHandler
                0x08002758                TIM1_TRG_COM_IRQHandler
                0x08002758                DMA1_Channel1_IRQHandler
                0x08002758                Default_Handler
                0x08002758                EXTI15_10_IRQHandler
                0x08002758                TIM7_IRQHandler
                0x08002758                TIM5_IRQHandler
                0x08002758                EXTI9_5_IRQHandler
                0x08002758                SPI2_IRQHandler
                0x08002758                USB_LP_CAN_RX0_IRQHandler
                0x08002758                EXTI4_IRQHandler
                0x08002758                DMA1_Channel3_IRQHandler
                0x08002758                FSMC_IRQHandler
                0x08002758                TIM1_UP_IRQHandler
                0x08002758                WWDG_IRQHandler
                0x08002758                TIM2_IRQHandler
                0x08002758                TIM1_BRK_IRQHandler
                0x08002758                EXTI1_IRQHandler
                0x08002758                RTCAlarm_IRQHandler
                0x08002758                DMA2_Channel4_5_IRQHandler
                0x08002758                USART2_IRQHandler
                0x08002758                I2C2_ER_IRQHandler
                0x08002758                DMA1_Channel2_IRQHandler
                0x08002758                TIM8_BRK_IRQHandler
                0x08002758                FLASH_IRQHandler
                0x08002758                USART1_IRQHandler
                0x08002758                SPI3_IRQHandler
                0x08002758                I2C1_ER_IRQHandler
                0x08002758                DMA2_Channel3_IRQHandler
 *fill*         0x0800275a        0x2 
 .text.__libc_init_array
                0x0800275c       0x48 d:/apps/ac6/systemworkbench/plugins/fr.ac6.mcu.externaltools.arm-none.win32_1.17.0.201812190825/tools/compiler/bin/../lib/gcc/arm-none-eabi/7.3.1/../../../../arm-none-eabi/lib/thumb/v7-m\libc.a(lib_a-init.o)
                0x0800275c                __libc_init_array
 .text.memset   0x080027a4       0x94 d:/apps/ac6/systemworkbench/plugins/fr.ac6.mcu.externaltools.arm-none.win32_1.17.0.201812190825/tools/compiler/bin/../lib/gcc/arm-none-eabi/7.3.1/../../../../arm-none-eabi/lib/thumb/v7-m\libc.a(lib_a-memset.o)
                0x080027a4                memset
 .text.startup.register_fini
                0x08002838       0x14 d:/apps/ac6/systemworkbench/plugins/fr.ac6.mcu.externaltools.arm-none.win32_1.17.0.201812190825/tools/compiler/bin/../lib/gcc/arm-none-eabi/7.3.1/../../../../arm-none-eabi/lib/thumb/v7-m\libc.a(lib_a-__call_atexit.o)
 .text.atexit   0x0800284c        0xc d:/apps/ac6/systemworkbench/plugins/fr.ac6.mcu.externaltools.arm-none.win32_1.17.0.201812190825/tools/compiler/bin/../lib/gcc/arm-none-eabi/7.3.1/../../../../arm-none-eabi/lib/thumb/v7-m\libc.a(lib_a-atexit.o)
                0x0800284c                atexit
 .text.__libc_fini_array
                0x08002858       0x34 d:/apps/ac6/systemworkbench/plugins/fr.ac6.mcu.externaltools.arm-none.win32_1.17.0.201812190825/tools/compiler/bin/../lib/gcc/arm-none-eabi/7.3.1/../../../../arm-none-eabi/lib/thumb/v7-m\libc.a(lib_a-fini.o)
                0x08002858                __libc_fini_array
 .text.__retarget_lock_acquire_recursive
                0x0800288c        0x4 d:/apps/ac6/systemworkbench/plugins/fr.ac6.mcu.externaltools.arm-none.win32_1.17.0.201812190825/tools/compiler/bin/../lib/gcc/arm-none-eabi/7.3.1/../../../../arm-none-eabi/lib/thumb/v7-m\libc.a(lib_a-lock.o)
                0x0800288c                __retarget_lock_acquire_recursive
 .text.__retarget_lock_release_recursive
                0x08002890        0x4 d:/apps/ac6/systemworkbench/plugins/fr.ac6.mcu.externaltools.arm-none.win32_1.17.0.201812190825/tools/compiler/bin/../lib/gcc/arm-none-eabi/7.3.1/../../../../arm-none-eabi/lib/thumb/v7-m\libc.a(lib_a-lock.o)
                0x08002890                __retarget_lock_release_recursive
 .text.__register_exitproc
                0x08002894       0xc0 d:/apps/ac6/systemworkbench/plugins/fr.ac6.mcu.externaltools.arm-none.win32_1.17.0.201812190825/tools/compiler/bin/../lib/gcc/arm-none-eabi/7.3.1/../../../../arm-none-eabi/lib/thumb/v7-m\libc.a(lib_a-__atexit.o)
                0x08002894                __register_exitproc
 *(.glue_7)
 .glue_7        0x08002954        0x0 linker stubs
 *(.glue_7t)
 .glue_7t       0x08002954        0x0 linker stubs
 *(.eh_frame)
 .eh_frame      0x08002954        0x0 d:/apps/ac6/systemworkbench/plugins/fr.ac6.mcu.externaltools.arm-none.win32_1.17.0.201812190825/tools/compiler/bin/../lib/gcc/arm-none-eabi/7.3.1/thumb/v7-m/crtbegin.o
 *(.init)
 .init          0x08002954        0x4 d:/apps/ac6/systemworkbench/plugins/fr.ac6.mcu.externaltools.arm-none.win32_1.17.0.201812190825/tools/compiler/bin/../lib/gcc/arm-none-eabi/7.3.1/thumb/v7-m/crti.o
                0x08002954                _init
 .init          0x08002958        0x8 d:/apps/ac6/systemworkbench/plugins/fr.ac6.mcu.externaltools.arm-none.win32_1.17.0.201812190825/tools/compiler/bin/../lib/gcc/arm-none-eabi/7.3.1/thumb/v7-m/crtn.o
 *(.fini)
 .fini          0x08002960        0x4 d:/apps/ac6/systemworkbench/plugins/fr.ac6.mcu.externaltools.arm-none.win32_1.17.0.201812190825/tools/compiler/bin/../lib/gcc/arm-none-eabi/7.3.1/thumb/v7-m/crti.o
                0x08002960                _fini
 .fini          0x08002964        0x8 d:/apps/ac6/systemworkbench/plugins/fr.ac6.mcu.externaltools.arm-none.win32_1.17.0.201812190825/tools/compiler/bin/../lib/gcc/arm-none-eabi/7.3.1/thumb/v7-m/crtn.o
                0x0800296c                . = ALIGN (0x4)
                0x0800296c                _etext = .

.vfp11_veneer   0x0800296c        0x0
 .vfp11_veneer  0x0800296c        0x0 linker stubs

.v4_bx          0x0800296c        0x0
 .v4_bx         0x0800296c        0x0 linker stubs

.iplt           0x0800296c        0x0
 .iplt          0x0800296c        0x0 d:/apps/ac6/systemworkbench/plugins/fr.ac6.mcu.externaltools.arm-none.win32_1.17.0.201812190825/tools/compiler/bin/../lib/gcc/arm-none-eabi/7.3.1/thumb/v7-m/crtbegin.o

.rodata         0x0800296c      0x158
                0x0800296c                . = ALIGN (0x4)
 *(.rodata)
 .rodata        0x0800296c       0x48 src/at_cmd.o
                0x0800296c                _at_cmds_lens
                0x08002978                _at_cmds
 .rodata        0x080029b4       0x60 src/epoch.o
                0x080029b4                days
 .rodata        0x08002a14       0xaa src/main.o
 *(.rodata*)
 *fill*         0x08002abe        0x2 
 .rodata._global_impure_ptr
                0x08002ac0        0x4 d:/apps/ac6/systemworkbench/plugins/fr.ac6.mcu.externaltools.arm-none.win32_1.17.0.201812190825/tools/compiler/bin/../lib/gcc/arm-none-eabi/7.3.1/../../../../arm-none-eabi/lib/thumb/v7-m\libc.a(lib_a-impure.o)
                0x08002ac0                _global_impure_ptr
                0x08002ac4                . = ALIGN (0x4)

.rel.dyn        0x08002ac4        0x0
 .rel.iplt      0x08002ac4        0x0 d:/apps/ac6/systemworkbench/plugins/fr.ac6.mcu.externaltools.arm-none.win32_1.17.0.201812190825/tools/compiler/bin/../lib/gcc/arm-none-eabi/7.3.1/thumb/v7-m/crtbegin.o

.ARM.extab      0x08002ac4        0x0
                0x08002ac4                . = ALIGN (0x4)
 *(.ARM.extab* .gnu.linkonce.armextab.*)
                0x08002ac4                . = ALIGN (0x4)

.ARM            0x08002ac4        0x0
                0x08002ac4                . = ALIGN (0x4)
                0x08002ac4                __exidx_start = .
 *(.ARM.exidx*)
                0x08002ac4                __exidx_end = .
                0x08002ac4                . = ALIGN (0x4)

.preinit_array  0x08002ac4        0x0
                0x08002ac4                . = ALIGN (0x4)
                0x08002ac4                PROVIDE (__preinit_array_start = .)
 *(.preinit_array*)
                0x08002ac4                PROVIDE (__preinit_array_end = .)
                0x08002ac4                . = ALIGN (0x4)

.init_array     0x08002ac4        0x8
                0x08002ac4                . = ALIGN (0x4)
                0x08002ac4                PROVIDE (__init_array_start = .)
 *(SORT_BY_NAME(.init_array.*))
 .init_array.00000
                0x08002ac4        0x4 d:/apps/ac6/systemworkbench/plugins/fr.ac6.mcu.externaltools.arm-none.win32_1.17.0.201812190825/tools/compiler/bin/../lib/gcc/arm-none-eabi/7.3.1/../../../../arm-none-eabi/lib/thumb/v7-m\libc.a(lib_a-__call_atexit.o)
 *(.init_array*)
 .init_array    0x08002ac8        0x4 d:/apps/ac6/systemworkbench/plugins/fr.ac6.mcu.externaltools.arm-none.win32_1.17.0.201812190825/tools/compiler/bin/../lib/gcc/arm-none-eabi/7.3.1/thumb/v7-m/crtbegin.o
                0x08002acc                PROVIDE (__init_array_end = .)
                0x08002acc                . = ALIGN (0x4)

.fini_array     0x08002acc        0x4
                0x08002acc                . = ALIGN (0x4)
                0x08002acc                PROVIDE (__fini_array_start = .)
 *(SORT_BY_NAME(.fini_array.*))
 *(.fini_array*)
 .fini_array    0x08002acc        0x4 d:/apps/ac6/systemworkbench/plugins/fr.ac6.mcu.externaltools.arm-none.win32_1.17.0.201812190825/tools/compiler/bin/../lib/gcc/arm-none-eabi/7.3.1/thumb/v7-m/crtbegin.o
                0x08002ad0                PROVIDE (__fini_array_end = .)
                0x08002ad0                . = ALIGN (0x4)
                0x08002ad0                _sidata = LOADADDR (.data)

.data           0x20000000      0x444 load address 0x08002ad0
                0x20000000                . = ALIGN (0x4)
                0x20000000                _sdata = .
 *(.data)
 .data          0x20000000       0x14 StdPeriph_Driver/src/stm32f10x_rcc.o
 .data          0x20000014        0x1 src/at_cmd.o
 *(.data*)
 *fill*         0x20000015        0x3 
 .data.impure_data
                0x20000018      0x428 d:/apps/ac6/systemworkbench/plugins/fr.ac6.mcu.externaltools.arm-none.win32_1.17.0.201812190825/tools/compiler/bin/../lib/gcc/arm-none-eabi/7.3.1/../../../../arm-none-eabi/lib/thumb/v7-m\libc.a(lib_a-impure.o)
 .data.__atexit_recursive_mutex
                0x20000440        0x4 d:/apps/ac6/systemworkbench/plugins/fr.ac6.mcu.externaltools.arm-none.win32_1.17.0.201812190825/tools/compiler/bin/../lib/gcc/arm-none-eabi/7.3.1/../../../../arm-none-eabi/lib/thumb/v7-m\libc.a(lib_a-__call_atexit.o)
                0x20000440                __atexit_recursive_mutex
                0x20000444                . = ALIGN (0x4)
                0x20000444                _edata = .

.igot.plt       0x20000444        0x0 load address 0x08002f14
 .igot.plt      0x20000444        0x0 d:/apps/ac6/systemworkbench/plugins/fr.ac6.mcu.externaltools.arm-none.win32_1.17.0.201812190825/tools/compiler/bin/../lib/gcc/arm-none-eabi/7.3.1/thumb/v7-m/crtbegin.o
                0x20000444                . = ALIGN (0x4)

.bss            0x20000444      0x4d0 load address 0x08002f14
                0x20000444                _sbss = .
                0x20000444                __bss_start__ = _sbss
 *(.bss)
 .bss           0x20000444       0x1c d:/apps/ac6/systemworkbench/plugins/fr.ac6.mcu.externaltools.arm-none.win32_1.17.0.201812190825/tools/compiler/bin/../lib/gcc/arm-none-eabi/7.3.1/thumb/v7-m/crtbegin.o
 .bss           0x20000460       0x68 src/at_cmd.o
 .bss           0x200004c8       0x1c src/uart.o
                0x200004c8                uart1_rx_buffer_p
                0x200004cc                uart1_tx_buffer_len
                0x200004d4                uart1_tx_in_use_p
                0x200004d5                uart1_tx_running
                0x200004d8                uart1_end_callback
                0x200004dc                uart1_nvic_val
 *(.bss*)
 *(COMMON)
 COMMON         0x200004e4      0x409 src/uart.o
                0x200004e4                uart1_tx_buffer
                0x200006e4                uart1_rx_buffer
 *fill*         0x200008ed        0x3 
 COMMON         0x200008f0       0x21 d:/apps/ac6/systemworkbench/plugins/fr.ac6.mcu.externaltools.arm-none.win32_1.17.0.201812190825/tools/compiler/bin/../lib/gcc/arm-none-eabi/7.3.1/../../../../arm-none-eabi/lib/thumb/v7-m\libc.a(lib_a-lock.o)
                0x200008f0                __lock___atexit_recursive_mutex
                0x200008f4                __lock___arc4random_mutex
                0x200008f8                __lock___env_recursive_mutex
                0x200008fc                __lock___sinit_recursive_mutex
                0x20000900                __lock___malloc_recursive_mutex
                0x20000904                __lock___at_quick_exit_mutex
                0x20000908                __lock___dd_hash_mutex
                0x2000090c                __lock___tz_mutex
                0x20000910                __lock___sfp_recursive_mutex
                0x20000914                . = ALIGN (0x4)
 *fill*         0x20000911        0x3 
                0x20000914                _ebss = .
                0x20000914                __bss_end__ = _ebss

._user_heap_stack
                0x20000914     0x1004 load address 0x08002f14
                0x20000918                . = ALIGN (0x8)
 *fill*         0x20000914        0x4 
                [!provide]                PROVIDE (end = .)
                [!provide]                PROVIDE (_end = .)
                0x20000918                . = (. + _Min_Heap_Size)
                0x20001918                . = (. + _Min_Stack_Size)
 *fill*         0x20000918     0x1000 
                0x20001918                . = ALIGN (0x8)

/DISCARD/
 libc.a(*)
 libm.a(*)
 libgcc.a(*)

.ARM.attributes
                0x00000000       0x29
 *(.ARM.attributes)
 .ARM.attributes
                0x00000000       0x1d d:/apps/ac6/systemworkbench/plugins/fr.ac6.mcu.externaltools.arm-none.win32_1.17.0.201812190825/tools/compiler/bin/../lib/gcc/arm-none-eabi/7.3.1/thumb/v7-m/crti.o
 .ARM.attributes
                0x0000001d       0x2d d:/apps/ac6/systemworkbench/plugins/fr.ac6.mcu.externaltools.arm-none.win32_1.17.0.201812190825/tools/compiler/bin/../lib/gcc/arm-none-eabi/7.3.1/thumb/v7-m/crtbegin.o
 .ARM.attributes
                0x0000004a       0x33 StdPeriph_Driver/src/misc.o
 .ARM.attributes
                0x0000007d       0x33 StdPeriph_Driver/src/stm32f10x_bkp.o
 .ARM.attributes
                0x000000b0       0x33 StdPeriph_Driver/src/stm32f10x_dma.o
 .ARM.attributes
                0x000000e3       0x33 StdPeriph_Driver/src/stm32f10x_gpio.o
 .ARM.attributes
                0x00000116       0x33 StdPeriph_Driver/src/stm32f10x_pwr.o
 .ARM.attributes
                0x00000149       0x33 StdPeriph_Driver/src/stm32f10x_rcc.o
 .ARM.attributes
                0x0000017c       0x33 StdPeriph_Driver/src/stm32f10x_rtc.o
 .ARM.attributes
                0x000001af       0x33 StdPeriph_Driver/src/stm32f10x_usart.o
 .ARM.attributes
                0x000001e2       0x33 src/at_cmd.o
 .ARM.attributes
                0x00000215       0x33 src/epoch.o
 .ARM.attributes
                0x00000248       0x33 src/hpdl1414.o
 .ARM.attributes
                0x0000027b       0x33 src/io_setup.o
 .ARM.attributes
                0x000002ae       0x33 src/main.o
 .ARM.attributes
                0x000002e1       0x33 src/rtc.o
 .ARM.attributes
                0x00000314       0x33 src/stm32f10x_it.o
 .ARM.attributes
                0x00000347       0x33 src/system_stm32f10x.o
 .ARM.attributes
                0x0000037a       0x33 src/uart.o
 .ARM.attributes
                0x000003ad       0x21 startup/startup_stm32.o
 .ARM.attributes
                0x000003ce       0x2d d:/apps/ac6/systemworkbench/plugins/fr.ac6.mcu.externaltools.arm-none.win32_1.17.0.201812190825/tools/compiler/bin/../lib/gcc/arm-none-eabi/7.3.1/../../../../arm-none-eabi/lib/thumb/v7-m\libc.a(lib_a-impure.o)
 .ARM.attributes
                0x000003fb       0x2d d:/apps/ac6/systemworkbench/plugins/fr.ac6.mcu.externaltools.arm-none.win32_1.17.0.201812190825/tools/compiler/bin/../lib/gcc/arm-none-eabi/7.3.1/../../../../arm-none-eabi/lib/thumb/v7-m\libc.a(lib_a-init.o)
 .ARM.attributes
                0x00000428       0x2d d:/apps/ac6/systemworkbench/plugins/fr.ac6.mcu.externaltools.arm-none.win32_1.17.0.201812190825/tools/compiler/bin/../lib/gcc/arm-none-eabi/7.3.1/../../../../arm-none-eabi/lib/thumb/v7-m\libc.a(lib_a-memset.o)
 .ARM.attributes
                0x00000455       0x2d d:/apps/ac6/systemworkbench/plugins/fr.ac6.mcu.externaltools.arm-none.win32_1.17.0.201812190825/tools/compiler/bin/../lib/gcc/arm-none-eabi/7.3.1/../../../../arm-none-eabi/lib/thumb/v7-m\libc.a(lib_a-__call_atexit.o)
 .ARM.attributes
                0x00000482       0x2d d:/apps/ac6/systemworkbench/plugins/fr.ac6.mcu.externaltools.arm-none.win32_1.17.0.201812190825/tools/compiler/bin/../lib/gcc/arm-none-eabi/7.3.1/../../../../arm-none-eabi/lib/thumb/v7-m\libc.a(lib_a-atexit.o)
 .ARM.attributes
                0x000004af       0x2d d:/apps/ac6/systemworkbench/plugins/fr.ac6.mcu.externaltools.arm-none.win32_1.17.0.201812190825/tools/compiler/bin/../lib/gcc/arm-none-eabi/7.3.1/../../../../arm-none-eabi/lib/thumb/v7-m\libc.a(lib_a-fini.o)
 .ARM.attributes
                0x000004dc       0x2d d:/apps/ac6/systemworkbench/plugins/fr.ac6.mcu.externaltools.arm-none.win32_1.17.0.201812190825/tools/compiler/bin/../lib/gcc/arm-none-eabi/7.3.1/../../../../arm-none-eabi/lib/thumb/v7-m\libc.a(lib_a-lock.o)
 .ARM.attributes
                0x00000509       0x2d d:/apps/ac6/systemworkbench/plugins/fr.ac6.mcu.externaltools.arm-none.win32_1.17.0.201812190825/tools/compiler/bin/../lib/gcc/arm-none-eabi/7.3.1/../../../../arm-none-eabi/lib/thumb/v7-m\libc.a(lib_a-__atexit.o)
 .ARM.attributes
                0x00000536       0x1d d:/apps/ac6/systemworkbench/plugins/fr.ac6.mcu.externaltools.arm-none.win32_1.17.0.201812190825/tools/compiler/bin/../lib/gcc/arm-none-eabi/7.3.1/thumb/v7-m/crtn.o
OUTPUT(HPDL1414_DISPLAY.elf elf32-littlearm)

.debug_info     0x00000000     0x5294
 .debug_info    0x00000000      0x4e7 StdPeriph_Driver/src/misc.o
 .debug_info    0x000004e7      0x79d StdPeriph_Driver/src/stm32f10x_bkp.o
 .debug_info    0x00000c84      0x46f StdPeriph_Driver/src/stm32f10x_dma.o
 .debug_info    0x000010f3      0x6ec StdPeriph_Driver/src/stm32f10x_gpio.o
 .debug_info    0x000017df      0x438 StdPeriph_Driver/src/stm32f10x_pwr.o
 .debug_info    0x00001c17      0x909 StdPeriph_Driver/src/stm32f10x_rcc.o
 .debug_info    0x00002520      0x430 StdPeriph_Driver/src/stm32f10x_rtc.o
 .debug_info    0x00002950      0x9e4 StdPeriph_Driver/src/stm32f10x_usart.o
 .debug_info    0x00003334      0x42d src/at_cmd.o
 .debug_info    0x00003761      0x227 src/epoch.o
 .debug_info    0x00003988      0x201 src/hpdl1414.o
 .debug_info    0x00003b89      0x22f src/io_setup.o
 .debug_info    0x00003db8      0x3ac src/main.o
 .debug_info    0x00004164      0x201 src/rtc.o
 .debug_info    0x00004365      0x15d src/stm32f10x_it.o
 .debug_info    0x000044c2      0x38b src/system_stm32f10x.o
 .debug_info    0x0000484d      0xa25 src/uart.o
 .debug_info    0x00005272       0x22 startup/startup_stm32.o

.debug_abbrev   0x00000000     0x185e
 .debug_abbrev  0x00000000      0x186 StdPeriph_Driver/src/misc.o
 .debug_abbrev  0x00000186      0x17d StdPeriph_Driver/src/stm32f10x_bkp.o
 .debug_abbrev  0x00000303      0x187 StdPeriph_Driver/src/stm32f10x_dma.o
 .debug_abbrev  0x0000048a      0x1e4 StdPeriph_Driver/src/stm32f10x_gpio.o
 .debug_abbrev  0x0000066e      0x1c5 StdPeriph_Driver/src/stm32f10x_pwr.o
 .debug_abbrev  0x00000833      0x1d4 StdPeriph_Driver/src/stm32f10x_rcc.o
 .debug_abbrev  0x00000a07      0x1a5 StdPeriph_Driver/src/stm32f10x_rtc.o
 .debug_abbrev  0x00000bac      0x194 StdPeriph_Driver/src/stm32f10x_usart.o
 .debug_abbrev  0x00000d40      0x155 src/at_cmd.o
 .debug_abbrev  0x00000e95       0xf9 src/epoch.o
 .debug_abbrev  0x00000f8e       0xe7 src/hpdl1414.o
 .debug_abbrev  0x00001075      0x109 src/io_setup.o
 .debug_abbrev  0x0000117e      0x150 src/main.o
 .debug_abbrev  0x000012ce      0x103 src/rtc.o
 .debug_abbrev  0x000013d1       0x93 src/stm32f10x_it.o
 .debug_abbrev  0x00001464      0x163 src/system_stm32f10x.o
 .debug_abbrev  0x000015c7      0x285 src/uart.o
 .debug_abbrev  0x0000184c       0x12 startup/startup_stm32.o

.debug_aranges  0x00000000      0x778
 .debug_aranges
                0x00000000       0x40 StdPeriph_Driver/src/misc.o
 .debug_aranges
                0x00000040       0x78 StdPeriph_Driver/src/stm32f10x_bkp.o
 .debug_aranges
                0x000000b8       0x70 StdPeriph_Driver/src/stm32f10x_dma.o
 .debug_aranges
                0x00000128       0xa8 StdPeriph_Driver/src/stm32f10x_gpio.o
 .debug_aranges
                0x000001d0       0x70 StdPeriph_Driver/src/stm32f10x_pwr.o
 .debug_aranges
                0x00000240      0x120 StdPeriph_Driver/src/stm32f10x_rcc.o
 .debug_aranges
                0x00000360       0x88 StdPeriph_Driver/src/stm32f10x_rtc.o
 .debug_aranges
                0x000003e8      0x100 StdPeriph_Driver/src/stm32f10x_usart.o
 .debug_aranges
                0x000004e8       0x50 src/at_cmd.o
 .debug_aranges
                0x00000538       0x28 src/epoch.o
 .debug_aranges
                0x00000560       0x20 src/hpdl1414.o
 .debug_aranges
                0x00000580       0x20 src/io_setup.o
 .debug_aranges
                0x000005a0       0x20 src/main.o
 .debug_aranges
                0x000005c0       0x38 src/rtc.o
 .debug_aranges
                0x000005f8       0x70 src/stm32f10x_it.o
 .debug_aranges
                0x00000668       0x30 src/system_stm32f10x.o
 .debug_aranges
                0x00000698       0xb8 src/uart.o
 .debug_aranges
                0x00000750       0x28 startup/startup_stm32.o

.debug_ranges   0x00000000      0x6a8
 .debug_ranges  0x00000000       0x30 StdPeriph_Driver/src/misc.o
 .debug_ranges  0x00000030       0x68 StdPeriph_Driver/src/stm32f10x_bkp.o
 .debug_ranges  0x00000098       0x60 StdPeriph_Driver/src/stm32f10x_dma.o
 .debug_ranges  0x000000f8       0x98 StdPeriph_Driver/src/stm32f10x_gpio.o
 .debug_ranges  0x00000190       0x60 StdPeriph_Driver/src/stm32f10x_pwr.o
 .debug_ranges  0x000001f0      0x110 StdPeriph_Driver/src/stm32f10x_rcc.o
 .debug_ranges  0x00000300       0x78 StdPeriph_Driver/src/stm32f10x_rtc.o
 .debug_ranges  0x00000378       0xf0 StdPeriph_Driver/src/stm32f10x_usart.o
 .debug_ranges  0x00000468       0x88 src/at_cmd.o
 .debug_ranges  0x000004f0       0x18 src/epoch.o
 .debug_ranges  0x00000508       0x10 src/hpdl1414.o
 .debug_ranges  0x00000518       0x10 src/io_setup.o
 .debug_ranges  0x00000528       0x10 src/main.o
 .debug_ranges  0x00000538       0x28 src/rtc.o
 .debug_ranges  0x00000560       0x60 src/stm32f10x_it.o
 .debug_ranges  0x000005c0       0x20 src/system_stm32f10x.o
 .debug_ranges  0x000005e0       0xa8 src/uart.o
 .debug_ranges  0x00000688       0x20 startup/startup_stm32.o

.debug_macro    0x00000000     0xe6e1
 .debug_macro   0x00000000      0x18b StdPeriph_Driver/src/misc.o
 .debug_macro   0x0000018b       0x56 StdPeriph_Driver/src/misc.o
 .debug_macro   0x000001e1       0x22 StdPeriph_Driver/src/misc.o
 .debug_macro   0x00000203      0x69f StdPeriph_Driver/src/misc.o
 .debug_macro   0x000008a2     0x7eb3 StdPeriph_Driver/src/misc.o
 .debug_macro   0x00008755      0x2df StdPeriph_Driver/src/misc.o
 .debug_macro   0x00008a34      0x144 StdPeriph_Driver/src/misc.o
 .debug_macro   0x00008b78      0x3cf StdPeriph_Driver/src/misc.o
 .debug_macro   0x00008f47       0xc8 StdPeriph_Driver/src/misc.o
 .debug_macro   0x0000900f      0x196 StdPeriph_Driver/src/misc.o
 .debug_macro   0x000091a5       0xac StdPeriph_Driver/src/misc.o
 .debug_macro   0x00009251      0x3ad StdPeriph_Driver/src/misc.o
 .debug_macro   0x000095fe       0x9a StdPeriph_Driver/src/misc.o
 .debug_macro   0x00009698      0x2cf StdPeriph_Driver/src/misc.o
 .debug_macro   0x00009967      0x279 StdPeriph_Driver/src/misc.o
 .debug_macro   0x00009be0      0x2ac StdPeriph_Driver/src/misc.o
 .debug_macro   0x00009e8c      0x2b1 StdPeriph_Driver/src/misc.o
 .debug_macro   0x0000a13d       0x64 StdPeriph_Driver/src/misc.o
 .debug_macro   0x0000a1a1       0x82 StdPeriph_Driver/src/misc.o
 .debug_macro   0x0000a223      0x461 StdPeriph_Driver/src/misc.o
 .debug_macro   0x0000a684       0x58 StdPeriph_Driver/src/misc.o
 .debug_macro   0x0000a6dc      0x341 StdPeriph_Driver/src/misc.o
 .debug_macro   0x0000aa1d      0x2c4 StdPeriph_Driver/src/misc.o
 .debug_macro   0x0000ace1      0x711 StdPeriph_Driver/src/misc.o
 .debug_macro   0x0000b3f2      0x220 StdPeriph_Driver/src/misc.o
 .debug_macro   0x0000b612       0x34 StdPeriph_Driver/src/misc.o
 .debug_macro   0x0000b646       0x35 StdPeriph_Driver/src/misc.o
 .debug_macro   0x0000b67b       0x85 StdPeriph_Driver/src/misc.o
 .debug_macro   0x0000b700      0x1e3 StdPeriph_Driver/src/stm32f10x_bkp.o
 .debug_macro   0x0000b8e3      0x1dd StdPeriph_Driver/src/stm32f10x_dma.o
 .debug_macro   0x0000bac0      0x3a7 StdPeriph_Driver/src/stm32f10x_dma.o
 .debug_macro   0x0000be67      0x1d7 StdPeriph_Driver/src/stm32f10x_gpio.o
 .debug_macro   0x0000c03e      0x2a6 StdPeriph_Driver/src/stm32f10x_gpio.o
 .debug_macro   0x0000c2e4      0x1cb StdPeriph_Driver/src/stm32f10x_pwr.o
 .debug_macro   0x0000c4af       0x7c StdPeriph_Driver/src/stm32f10x_pwr.o
 .debug_macro   0x0000c52b      0x2af StdPeriph_Driver/src/stm32f10x_rcc.o
 .debug_macro   0x0000c7da      0x45b StdPeriph_Driver/src/stm32f10x_rcc.o
 .debug_macro   0x0000cc35      0x191 StdPeriph_Driver/src/stm32f10x_rtc.o
 .debug_macro   0x0000cdc6       0x52 StdPeriph_Driver/src/stm32f10x_rtc.o
 .debug_macro   0x0000ce18      0x23d StdPeriph_Driver/src/stm32f10x_usart.o
 .debug_macro   0x0000d055      0x21a StdPeriph_Driver/src/stm32f10x_usart.o
 .debug_macro   0x0000d26f       0x9a src/at_cmd.o
 .debug_macro   0x0000d309       0x22 src/at_cmd.o
 .debug_macro   0x0000d32b       0x76 src/epoch.o
 .debug_macro   0x0000d3a1      0x1a2 src/hpdl1414.o
 .debug_macro   0x0000d543      0x6bd src/hpdl1414.o
 .debug_macro   0x0000dc00       0xee src/hpdl1414.o
 .debug_macro   0x0000dcee      0x192 src/io_setup.o
 .debug_macro   0x0000de80      0x1cb src/main.o
 .debug_macro   0x0000e04b       0x16 src/main.o
 .debug_macro   0x0000e061      0x19a src/rtc.o
 .debug_macro   0x0000e1fb      0x1a0 src/stm32f10x_it.o
 .debug_macro   0x0000e39b      0x188 src/system_stm32f10x.o
 .debug_macro   0x0000e523      0x1be src/uart.o

.debug_line     0x00000000     0x6de4
 .debug_line    0x00000000      0x600 StdPeriph_Driver/src/misc.o
 .debug_line    0x00000600      0x67d StdPeriph_Driver/src/stm32f10x_bkp.o
 .debug_line    0x00000c7d      0x6ea StdPeriph_Driver/src/stm32f10x_dma.o
 .debug_line    0x00001367      0x781 StdPeriph_Driver/src/stm32f10x_gpio.o
 .debug_line    0x00001ae8      0x681 StdPeriph_Driver/src/stm32f10x_pwr.o
 .debug_line    0x00002169      0x88d StdPeriph_Driver/src/stm32f10x_rcc.o
 .debug_line    0x000029f6      0x6c2 StdPeriph_Driver/src/stm32f10x_rtc.o
 .debug_line    0x000030b8      0x84f StdPeriph_Driver/src/stm32f10x_usart.o
 .debug_line    0x00003907      0x405 src/at_cmd.o
 .debug_line    0x00003d0c      0x332 src/epoch.o
 .debug_line    0x0000403e      0x5e5 src/hpdl1414.o
 .debug_line    0x00004623      0x5df src/io_setup.o
 .debug_line    0x00004c02      0x6ee src/main.o
 .debug_line    0x000052f0      0x627 src/rtc.o
 .debug_line    0x00005917      0x6c3 src/stm32f10x_it.o
 .debug_line    0x00005fda      0x5e5 src/system_stm32f10x.o
 .debug_line    0x000065bf      0x7a9 src/uart.o
 .debug_line    0x00006d68       0x7c startup/startup_stm32.o

.debug_str      0x00000000    0x51a15
 .debug_str     0x00000000    0x4dead StdPeriph_Driver/src/misc.o
                              0x4e019 (size before relaxing)
 .debug_str     0x0004dead      0x623 StdPeriph_Driver/src/stm32f10x_bkp.o
                              0x4e44c (size before relaxing)
 .debug_str     0x0004e4d0      0x6e0 StdPeriph_Driver/src/stm32f10x_dma.o
                              0x4e4c1 (size before relaxing)
 .debug_str     0x0004ebb0      0x5a4 StdPeriph_Driver/src/stm32f10x_gpio.o
                              0x4e391 (size before relaxing)
 .debug_str     0x0004f154      0x2ba StdPeriph_Driver/src/stm32f10x_pwr.o
                              0x4e0fc (size before relaxing)
 .debug_str     0x0004f40e      0xbc2 StdPeriph_Driver/src/stm32f10x_rcc.o
                              0x4ea17 (size before relaxing)
 .debug_str     0x0004ffd0      0x1c8 StdPeriph_Driver/src/stm32f10x_rtc.o
                              0x4e022 (size before relaxing)
 .debug_str     0x00050198      0x7f0 StdPeriph_Driver/src/stm32f10x_usart.o
                              0x4e6a1 (size before relaxing)
 .debug_str     0x00050988      0x268 src/at_cmd.o
                               0x3e8d (size before relaxing)
 .debug_str     0x00050bf0       0x74 src/epoch.o
                               0x3ce3 (size before relaxing)
 .debug_str     0x00050c64      0x4d3 src/hpdl1414.o
                              0x4e30f (size before relaxing)
 .debug_str     0x00051137       0x2d src/io_setup.o
                              0x4e340 (size before relaxing)
 .debug_str     0x00051164      0x112 src/main.o
                              0x4e44f (size before relaxing)
 .debug_str     0x00051276       0xa2 src/rtc.o
                              0x4e2f3 (size before relaxing)
 .debug_str     0x00051318       0xea src/stm32f10x_it.o
                              0x4e32a (size before relaxing)
 .debug_str     0x00051402       0x73 src/system_stm32f10x.o
                              0x4ded4 (size before relaxing)
 .debug_str     0x00051475      0x577 src/uart.o
                              0x4e766 (size before relaxing)
 .debug_str     0x000519ec       0x29 startup/startup_stm32.o
                                 0x5d (size before relaxing)

.comment        0x00000000       0x7f
 .comment       0x00000000       0x7f StdPeriph_Driver/src/misc.o
                                 0x80 (size before relaxing)
 .comment       0x0000007f       0x80 StdPeriph_Driver/src/stm32f10x_bkp.o
 .comment       0x0000007f       0x80 StdPeriph_Driver/src/stm32f10x_dma.o
 .comment       0x0000007f       0x80 StdPeriph_Driver/src/stm32f10x_gpio.o
 .comment       0x0000007f       0x80 StdPeriph_Driver/src/stm32f10x_pwr.o
 .comment       0x0000007f       0x80 StdPeriph_Driver/src/stm32f10x_rcc.o
 .comment       0x0000007f       0x80 StdPeriph_Driver/src/stm32f10x_rtc.o
 .comment       0x0000007f       0x80 StdPeriph_Driver/src/stm32f10x_usart.o
 .comment       0x0000007f       0x80 src/at_cmd.o
 .comment       0x0000007f       0x80 src/epoch.o
 .comment       0x0000007f       0x80 src/hpdl1414.o
 .comment       0x0000007f       0x80 src/io_setup.o
 .comment       0x0000007f       0x80 src/main.o
 .comment       0x0000007f       0x80 src/rtc.o
 .comment       0x0000007f       0x80 src/stm32f10x_it.o
 .comment       0x0000007f       0x80 src/system_stm32f10x.o
 .comment       0x0000007f       0x80 src/uart.o

.debug_frame    0x00000000     0x1db8
 .debug_frame   0x00000000       0xd8 StdPeriph_Driver/src/misc.o
 .debug_frame   0x000000d8      0x1c4 StdPeriph_Driver/src/stm32f10x_bkp.o
 .debug_frame   0x0000029c      0x1c8 StdPeriph_Driver/src/stm32f10x_dma.o
 .debug_frame   0x00000464      0x2d0 StdPeriph_Driver/src/stm32f10x_gpio.o
 .debug_frame   0x00000734      0x19c StdPeriph_Driver/src/stm32f10x_pwr.o
 .debug_frame   0x000008d0      0x51c StdPeriph_Driver/src/stm32f10x_rcc.o
 .debug_frame   0x00000dec      0x214 StdPeriph_Driver/src/stm32f10x_rtc.o
 .debug_frame   0x00001000      0x490 StdPeriph_Driver/src/stm32f10x_usart.o
 .debug_frame   0x00001490      0x114 src/at_cmd.o
 .debug_frame   0x000015a4       0x68 src/epoch.o
 .debug_frame   0x0000160c       0x34 src/hpdl1414.o
 .debug_frame   0x00001640       0x34 src/io_setup.o
 .debug_frame   0x00001674       0x34 src/main.o
 .debug_frame   0x000016a8       0xa0 src/rtc.o
 .debug_frame   0x00001748      0x148 src/stm32f10x_it.o
 .debug_frame   0x00001890       0x74 src/system_stm32f10x.o
 .debug_frame   0x00001904      0x2bc src/uart.o
 .debug_frame   0x00001bc0       0x2c d:/apps/ac6/systemworkbench/plugins/fr.ac6.mcu.externaltools.arm-none.win32_1.17.0.201812190825/tools/compiler/bin/../lib/gcc/arm-none-eabi/7.3.1/../../../../arm-none-eabi/lib/thumb/v7-m\libc.a(lib_a-init.o)
 .debug_frame   0x00001bec       0x38 d:/apps/ac6/systemworkbench/plugins/fr.ac6.mcu.externaltools.arm-none.win32_1.17.0.201812190825/tools/compiler/bin/../lib/gcc/arm-none-eabi/7.3.1/../../../../arm-none-eabi/lib/thumb/v7-m\libc.a(lib_a-memset.o)
 .debug_frame   0x00001c24       0x5c d:/apps/ac6/systemworkbench/plugins/fr.ac6.mcu.externaltools.arm-none.win32_1.17.0.201812190825/tools/compiler/bin/../lib/gcc/arm-none-eabi/7.3.1/../../../../arm-none-eabi/lib/thumb/v7-m\libc.a(lib_a-__call_atexit.o)
 .debug_frame   0x00001c80       0x20 d:/apps/ac6/systemworkbench/plugins/fr.ac6.mcu.externaltools.arm-none.win32_1.17.0.201812190825/tools/compiler/bin/../lib/gcc/arm-none-eabi/7.3.1/../../../../arm-none-eabi/lib/thumb/v7-m\libc.a(lib_a-atexit.o)
 .debug_frame   0x00001ca0       0x34 d:/apps/ac6/systemworkbench/plugins/fr.ac6.mcu.externaltools.arm-none.win32_1.17.0.201812190825/tools/compiler/bin/../lib/gcc/arm-none-eabi/7.3.1/../../../../arm-none-eabi/lib/thumb/v7-m\libc.a(lib_a-fini.o)
 .debug_frame   0x00001cd4       0xb0 d:/apps/ac6/systemworkbench/plugins/fr.ac6.mcu.externaltools.arm-none.win32_1.17.0.201812190825/tools/compiler/bin/../lib/gcc/arm-none-eabi/7.3.1/../../../../arm-none-eabi/lib/thumb/v7-m\libc.a(lib_a-lock.o)
 .debug_frame   0x00001d84       0x34 d:/apps/ac6/systemworkbench/plugins/fr.ac6.mcu.externaltools.arm-none.win32_1.17.0.201812190825/tools/compiler/bin/../lib/gcc/arm-none-eabi/7.3.1/../../../../arm-none-eabi/lib/thumb/v7-m\libc.a(lib_a-__atexit.o)
