Archive member included to satisfy reference by file (symbol)

d:/apps/ac6/systemworkbench/plugins/fr.ac6.mcu.externaltools.arm-none.win32_1.17.0.201812190825/tools/compiler/bin/../lib/gcc/arm-none-eabi/7.3.1/../../../../arm-none-eabi/lib/thumb/v7-m\libc.a(lib_a-exit.o)
                              d:/apps/ac6/systemworkbench/plugins/fr.ac6.mcu.externaltools.arm-none.win32_1.17.0.201812190825/tools/compiler/bin/../lib/gcc/arm-none-eabi/7.3.1/../../../../arm-none-eabi/lib/thumb/v7-m/crt0.o (exit)
d:/apps/ac6/systemworkbench/plugins/fr.ac6.mcu.externaltools.arm-none.win32_1.17.0.201812190825/tools/compiler/bin/../lib/gcc/arm-none-eabi/7.3.1/../../../../arm-none-eabi/lib/thumb/v7-m\libc.a(lib_a-impure.o)
                              d:/apps/ac6/systemworkbench/plugins/fr.ac6.mcu.externaltools.arm-none.win32_1.17.0.201812190825/tools/compiler/bin/../lib/gcc/arm-none-eabi/7.3.1/../../../../arm-none-eabi/lib/thumb/v7-m\libc.a(lib_a-exit.o) (_global_impure_ptr)
d:/apps/ac6/systemworkbench/plugins/fr.ac6.mcu.externaltools.arm-none.win32_1.17.0.201812190825/tools/compiler/bin/../lib/gcc/arm-none-eabi/7.3.1/../../../../arm-none-eabi/lib/thumb/v7-m\libc.a(lib_a-init.o)
                              d:/apps/ac6/systemworkbench/plugins/fr.ac6.mcu.externaltools.arm-none.win32_1.17.0.201812190825/tools/compiler/bin/../lib/gcc/arm-none-eabi/7.3.1/../../../../arm-none-eabi/lib/thumb/v7-m/crt0.o (__libc_init_array)
d:/apps/ac6/systemworkbench/plugins/fr.ac6.mcu.externaltools.arm-none.win32_1.17.0.201812190825/tools/compiler/bin/../lib/gcc/arm-none-eabi/7.3.1/../../../../arm-none-eabi/lib/thumb/v7-m\libc.a(lib_a-memcpy.o)
                              src/main.o (memcpy)
d:/apps/ac6/systemworkbench/plugins/fr.ac6.mcu.externaltools.arm-none.win32_1.17.0.201812190825/tools/compiler/bin/../lib/gcc/arm-none-eabi/7.3.1/../../../../arm-none-eabi/lib/thumb/v7-m\libc.a(lib_a-memmove.o)
                              src/main.o (memmove)
d:/apps/ac6/systemworkbench/plugins/fr.ac6.mcu.externaltools.arm-none.win32_1.17.0.201812190825/tools/compiler/bin/../lib/gcc/arm-none-eabi/7.3.1/../../../../arm-none-eabi/lib/thumb/v7-m\libc.a(lib_a-memset.o)
                              d:/apps/ac6/systemworkbench/plugins/fr.ac6.mcu.externaltools.arm-none.win32_1.17.0.201812190825/tools/compiler/bin/../lib/gcc/arm-none-eabi/7.3.1/../../../../arm-none-eabi/lib/thumb/v7-m/crt0.o (memset)
d:/apps/ac6/systemworkbench/plugins/fr.ac6.mcu.externaltools.arm-none.win32_1.17.0.201812190825/tools/compiler/bin/../lib/gcc/arm-none-eabi/7.3.1/../../../../arm-none-eabi/lib/thumb/v7-m\libc.a(lib_a-__call_atexit.o)
                              d:/apps/ac6/systemworkbench/plugins/fr.ac6.mcu.externaltools.arm-none.win32_1.17.0.201812190825/tools/compiler/bin/../lib/gcc/arm-none-eabi/7.3.1/../../../../arm-none-eabi/lib/thumb/v7-m\libc.a(lib_a-exit.o) (__call_exitprocs)
d:/apps/ac6/systemworkbench/plugins/fr.ac6.mcu.externaltools.arm-none.win32_1.17.0.201812190825/tools/compiler/bin/../lib/gcc/arm-none-eabi/7.3.1/../../../../arm-none-eabi/lib/thumb/v7-m\libc.a(lib_a-atexit.o)
                              d:/apps/ac6/systemworkbench/plugins/fr.ac6.mcu.externaltools.arm-none.win32_1.17.0.201812190825/tools/compiler/bin/../lib/gcc/arm-none-eabi/7.3.1/../../../../arm-none-eabi/lib/thumb/v7-m\libc.a(lib_a-__call_atexit.o) (atexit)
d:/apps/ac6/systemworkbench/plugins/fr.ac6.mcu.externaltools.arm-none.win32_1.17.0.201812190825/tools/compiler/bin/../lib/gcc/arm-none-eabi/7.3.1/../../../../arm-none-eabi/lib/thumb/v7-m\libc.a(lib_a-fini.o)
                              d:/apps/ac6/systemworkbench/plugins/fr.ac6.mcu.externaltools.arm-none.win32_1.17.0.201812190825/tools/compiler/bin/../lib/gcc/arm-none-eabi/7.3.1/../../../../arm-none-eabi/lib/thumb/v7-m\libc.a(lib_a-__call_atexit.o) (__libc_fini_array)
d:/apps/ac6/systemworkbench/plugins/fr.ac6.mcu.externaltools.arm-none.win32_1.17.0.201812190825/tools/compiler/bin/../lib/gcc/arm-none-eabi/7.3.1/../../../../arm-none-eabi/lib/thumb/v7-m\libc.a(lib_a-lock.o)
                              d:/apps/ac6/systemworkbench/plugins/fr.ac6.mcu.externaltools.arm-none.win32_1.17.0.201812190825/tools/compiler/bin/../lib/gcc/arm-none-eabi/7.3.1/../../../../arm-none-eabi/lib/thumb/v7-m\libc.a(lib_a-__call_atexit.o) (__retarget_lock_acquire_recursive)
d:/apps/ac6/systemworkbench/plugins/fr.ac6.mcu.externaltools.arm-none.win32_1.17.0.201812190825/tools/compiler/bin/../lib/gcc/arm-none-eabi/7.3.1/../../../../arm-none-eabi/lib/thumb/v7-m\libc.a(lib_a-__atexit.o)
                              d:/apps/ac6/systemworkbench/plugins/fr.ac6.mcu.externaltools.arm-none.win32_1.17.0.201812190825/tools/compiler/bin/../lib/gcc/arm-none-eabi/7.3.1/../../../../arm-none-eabi/lib/thumb/v7-m\libc.a(lib_a-atexit.o) (__register_exitproc)

Allocating common symbols
Common symbol       size              file

__lock___atexit_recursive_mutex
[...]
Memory Configuration

Name             Origin             Length             Attributes
RAM              0x20000000         0x00005000         xrw
ROM              0x08000000         0x00020000         xr
*default*        0x00000000         0xffffffff

Linker script and memory map

LOAD d:/apps/ac6/systemworkbench/plugins/fr.ac6.mcu.externaltools.arm-none.win32_1.17.0.201812190825/tools/compiler/bin/../lib/gcc/arm-none-eabi/7.3.1/thumb/v7-m/crti.o
LOAD d:/apps/ac6/systemworkbench/plugins/fr.ac6.mcu.externaltools.arm-none.win32_1.17.0.201812190825/tools/compiler/bin/../lib/gcc/arm-none-eabi/7.3.1/thumb/v7-m/crtbegin.o
LOAD d:/apps/ac6/systemworkbench/plugins/fr.ac6.mcu.externaltools.arm-none.win32_1.17.0.201812190825/tools/compiler/bin/../lib/gcc/arm-none-eabi/7.3.1/../../../../arm-none-eabi/lib/thumb/v7-m/crt0.o
LOAD CMSIS/core/core_cm3.o
LOAD StdPeriph_Driver/src/misc.o
LOAD StdPeriph_Driver/src/stm32f10x_adc.o
LOAD StdPeriph_Driver/src/stm32f10x_bkp.o
LOAD StdPeriph_Driver/src/stm32f10x_can.o
LOAD StdPeriph_Driver/src/stm32f10x_cec.o
LOAD StdPeriph_Driver/src/stm32f10x_crc.o
LOAD StdPeriph_Driver/src/stm32f10x_dac.o
LOAD StdPeriph_Driver/src/stm32f10x_dbgmcu.o
LOAD StdPeriph_Driver/src/stm32f10x_dma.o
LOAD StdPeriph_Driver/src/stm32f10x_exti.o
LOAD StdPeriph_Driver/src/stm32f10x_flash.o
LOAD StdPeriph_Driver/src/stm32f10x_fsmc.o
LOAD StdPeriph_Driver/src/stm32f10x_gpio.o
LOAD StdPeriph_Driver/src/stm32f10x_i2c.o
LOAD StdPeriph_Driver/src/stm32f10x_iwdg.o
LOAD StdPeriph_Driver/src/stm32f10x_pwr.o
LOAD StdPeriph_Driver/src/stm32f10x_rcc.o
LOAD StdPeriph_Driver/src/stm32f10x_rtc.o
LOAD StdPeriph_Driver/src/stm32f10x_sdio.o
LOAD StdPeriph_Driver/src/stm32f10x_spi.o
LOAD StdPeriph_Driver/src/stm32f10x_tim.o
LOAD StdPeriph_Driver/src/stm32f10x_usart.o
LOAD StdPeriph_Driver/src/stm32f10x_wwdg.o
LOAD src/at_cmd.o
LOAD src/epoch.o
LOAD src/hpdl1414.o
LOAD src/io_setup.o
LOAD src/main.o
LOAD src/rtc.o
LOAD src/stm32f10x_it.o
LOAD src/system_stm32f10x.o
LOAD src/uart.o
LOAD startup/startup_stm32.o
LOAD d:/apps/ac6/systemworkbench/plugins/fr.ac6.mcu.externaltools.arm-none.win32_1.17.0.201812190825/tools/compiler/bin/../lib/gcc/arm-none-eabi/7.3.1/../../../../arm-none-eabi/lib/thumb/v7-m\libm.a
START GROUP
LOAD d:/apps/ac6/systemworkbench/plugins/fr.ac6.mcu.externaltools.arm-none.win32_1.17.0.201812190825/tools/compiler/bin/../lib/gcc/arm-none-eabi/7.3.1/thumb/v7-m\libgcc.a
LOAD d:/apps/ac6/systemworkbench/plugins/fr.ac6.mcu.externaltools.arm-none.win32_1.17.0.201812190825/tools/compiler/bin/../lib/gcc/arm-none-eabi/7.3.1/../../../../arm-none-eabi/lib/thumb/v7-m\libc.a
END GROUP
LOAD d:/apps/ac6/systemworkbench/plugins/fr.ac6.mcu.externaltools.arm-none.win32_1.17.0.201812190825/tools/compiler/bin/../lib/gcc/arm-none-eabi/7.3.1/thumb/v7-m/crtend.o
LOAD d:/apps/ac6/systemworkbench/plugins/fr.ac6.mcu.externaltools.arm-none.win32_1.17.0.201812190825/tools/compiler/bin/../lib/gcc/arm-none-eabi/7.3.1/thumb/v7-m/crtn.o
                0x20005000                _estack = 0x20005000
                0x00000000                _Min_Heap_Size = 0x0
                0x00001000                _Min_Stack_Size = 0x1000

.isr_vector     0x08000000      0x130
                0x08000000                . = ALIGN (0x4)
 *(.isr_vector)
 .isr_vector    0x08000000      0x130 startup/startup_stm32.o
                0x08000000                g_pfnVectors
                0x08000130                . = ALIGN (0x4)

.text           0x08000130     0x1eac
                0x08000130                . = ALIGN (0x4)
 *(.text)
 .text          0x08000130       0x40 d:/apps/ac6/systemworkbench/plugins/fr.ac6.mcu.externaltools.arm-none.win32_1.17.0.201812190825/tools/compiler/bin/../lib/gcc/arm-none-eabi/7.3.1/thumb/v7-m/crtbegin.o
 .text          0x08000170       0xec d:/apps/ac6/systemworkbench/plugins/fr.ac6.mcu.externaltools.arm-none.win32_1.17.0.201812190825/tools/compiler/bin/../lib/gcc/arm-none-eabi/7.3.1/../../../../arm-none-eabi/lib/thumb/v7-m\libc.a(lib_a-memcpy.o)
                0x08000170                memcpy
 *(.text*)
 .text.NVIC_Init
                0x0800025c       0x58 StdPeriph_Driver/src/misc.o
                0x0800025c                NVIC_Init
 .text.BKP_DeInit
                0x080002b4       0x14 StdPeriph_Driver/src/stm32f10x_bkp.o
                0x080002b4                BKP_DeInit
 .text.DMA_DeInit
                0x080002c8      0x130 StdPeriph_Driver/src/stm32f10x_dma.o
                0x080002c8                DMA_DeInit
 .text.DMA_Init
                0x080003f8       0x40 StdPeriph_Driver/src/stm32f10x_dma.o
                0x080003f8                DMA_Init
 .text.DMA_Cmd  0x08000438       0x18 StdPeriph_Driver/src/stm32f10x_dma.o
                0x08000438                DMA_Cmd
 .text.DMA_ITConfig
                0x08000450       0x14 StdPeriph_Driver/src/stm32f10x_dma.o
                0x08000450                DMA_ITConfig
 .text.DMA_GetCurrDataCounter
                0x08000464        0x8 StdPeriph_Driver/src/stm32f10x_dma.o
                0x08000464                DMA_GetCurrDataCounter
 .text.DMA_GetITStatus
                0x0800046c       0x1c StdPeriph_Driver/src/stm32f10x_dma.o
                0x0800046c                DMA_GetITStatus
 .text.DMA_ClearITPendingBit
                0x08000488       0x14 StdPeriph_Driver/src/stm32f10x_dma.o
                0x08000488                DMA_ClearITPendingBit
 .text.GPIO_Init
                0x0800049c      0x30c StdPeriph_Driver/src/stm32f10x_gpio.o
                0x0800049c                GPIO_Init
 .text.GPIO_WriteBit
                0x080007a8        0xc StdPeriph_Driver/src/stm32f10x_gpio.o
                0x080007a8                GPIO_WriteBit
 .text.GPIO_Write
                0x080007b4        0x4 StdPeriph_Driver/src/stm32f10x_gpio.o
                0x080007b4                GPIO_Write
 .text.GPIO_PinRemapConfig
                0x080007b8       0x6c StdPeriph_Driver/src/stm32f10x_gpio.o
                0x080007b8                GPIO_PinRemapConfig
 .text.PWR_BackupAccessCmd
                0x08000824        0xc StdPeriph_Driver/src/stm32f10x_pwr.o
                0x08000824                PWR_BackupAccessCmd
 .text.RCC_LSEConfig
                0x08000830       0x20 StdPeriph_Driver/src/stm32f10x_rcc.o
                0x08000830                RCC_LSEConfig
 .text.RCC_LSICmd
                0x08000850        0xc StdPeriph_Driver/src/stm32f10x_rcc.o
                0x08000850                RCC_LSICmd
 .text.RCC_RTCCLKConfig
                0x0800085c       0x10 StdPeriph_Driver/src/stm32f10x_rcc.o
                0x0800085c                RCC_RTCCLKConfig
 .text.RCC_RTCCLKCmd
                0x0800086c        0xc StdPeriph_Driver/src/stm32f10x_rcc.o
                0x0800086c                RCC_RTCCLKCmd
 .text.RCC_GetClocksFreq
                0x08000878       0x90 StdPeriph_Driver/src/stm32f10x_rcc.o
                0x08000878                RCC_GetClocksFreq
 .text.RCC_AHBPeriphClockCmd
                0x08000908       0x18 StdPeriph_Driver/src/stm32f10x_rcc.o
                0x08000908                RCC_AHBPeriphClockCmd
 .text.RCC_APB2PeriphClockCmd
                0x08000920       0x18 StdPeriph_Driver/src/stm32f10x_rcc.o
                0x08000920                RCC_APB2PeriphClockCmd
 .text.RCC_APB1PeriphClockCmd
                0x08000938       0x18 StdPeriph_Driver/src/stm32f10x_rcc.o
                0x08000938                RCC_APB1PeriphClockCmd
 .text.RCC_APB1PeriphResetCmd
                0x08000950       0x18 StdPeriph_Driver/src/stm32f10x_rcc.o
                0x08000950                RCC_APB1PeriphResetCmd
 .text.RCC_BackupResetCmd
                0x08000968        0xc StdPeriph_Driver/src/stm32f10x_rcc.o
                0x08000968                RCC_BackupResetCmd
 .text.RCC_GetFlagStatus
                0x08000974       0x34 StdPeriph_Driver/src/stm32f10x_rcc.o
                0x08000974                RCC_GetFlagStatus
 .text.RTC_ITConfig
                0x080009a8       0x1c StdPeriph_Driver/src/stm32f10x_rtc.o
                0x080009a8                RTC_ITConfig
 .text.RTC_GetCounter
                0x080009c4       0x10 StdPeriph_Driver/src/stm32f10x_rtc.o
                0x080009c4                RTC_GetCounter
 .text.RTC_SetCounter
                0x080009d4       0x24 StdPeriph_Driver/src/stm32f10x_rtc.o
                0x080009d4                RTC_SetCounter
 .text.RTC_SetPrescaler
                0x080009f8       0x28 StdPeriph_Driver/src/stm32f10x_rtc.o
                0x080009f8                RTC_SetPrescaler
 .text.RTC_WaitForLastTask
                0x08000a20       0x10 StdPeriph_Driver/src/stm32f10x_rtc.o
                0x08000a20                RTC_WaitForLastTask
 .text.RTC_WaitForSynchro
                0x08000a30       0x1c StdPeriph_Driver/src/stm32f10x_rtc.o
                0x08000a30                RTC_WaitForSynchro
 .text.USART_Init
                0x08000a4c       0xb4 StdPeriph_Driver/src/stm32f10x_usart.o
                0x08000a4c                USART_Init
 .text.USART_Cmd
                0x08000b00       0x18 StdPeriph_Driver/src/stm32f10x_usart.o
                0x08000b00                USART_Cmd
 .text.USART_DMACmd
                0x08000b18       0x14 StdPeriph_Driver/src/stm32f10x_usart.o
                0x08000b18                USART_DMACmd
 .text.AtCmdDataIn
                0x08000b2c      0x22c src/at_cmd.o
                0x08000b2c                AtCmdDataIn
 .text.AtCmdGetCmd
                0x08000d58       0x58 src/at_cmd.o
                0x08000d58                AtCmdGetCmd
 .text.AtCmdDumpCmd
                0x08000db0       0x1c src/at_cmd.o
                0x08000db0                AtCmdDumpCmd
 .text.date_time_to_epoch
                0x08000dcc       0x54 src/epoch.o
                0x08000dcc                date_time_to_epoch
 .text.epoch_to_date_time
                0x08000e20      0x14c src/epoch.o
                0x08000e20                epoch_to_date_time
 .text.Hdpl1414Write
                0x08000f6c       0x7c src/hpdl1414.o
                0x08000f6c                Hdpl1414Write
 .text.IoSetup  0x08000fe8      0x1c4 src/io_setup.o
                0x08000fe8                IoSetup
 .text.startup.main
                0x080011ac      0x488 src/main.o
                0x080011ac                main
 .text.RtcGet   0x08001634       0x2c src/rtc.o
                0x08001634                RtcGet
 .text.RtcSet   0x08001660       0x28 src/rtc.o
                0x08001660                RtcSet
 .text.RtcInit  0x08001688       0xa0 src/rtc.o
                0x08001688                RtcInit
 .text.NMI_Handler
                0x08001728        0x4 src/stm32f10x_it.o
                0x08001728                NMI_Handler
 .text.HardFault_Handler
                0x0800172c        0x4 src/stm32f10x_it.o
                0x0800172c                HardFault_Handler
 .text.MemManage_Handler
                0x08001730        0x4 src/stm32f10x_it.o
                0x08001730                MemManage_Handler
 .text.BusFault_Handler
                0x08001734        0x4 src/stm32f10x_it.o
                0x08001734                BusFault_Handler
 .text.UsageFault_Handler
                0x08001738        0x4 src/stm32f10x_it.o
                0x08001738                UsageFault_Handler
 .text.SVC_Handler
                0x0800173c        0x4 src/stm32f10x_it.o
                0x0800173c                SVC_Handler
 .text.DebugMon_Handler
                0x08001740        0x4 src/stm32f10x_it.o
                0x08001740                DebugMon_Handler
 .text.PendSV_Handler
                0x08001744        0x4 src/stm32f10x_it.o
                0x08001744                PendSV_Handler
 .text.SysTick_Handler
                0x08001748        0x4 src/stm32f10x_it.o
                0x08001748                SysTick_Handler
 .text.DMA1_Channel4_IRQHandler
                0x0800174c        0x4 src/stm32f10x_it.o
                0x0800174c                DMA1_Channel4_IRQHandler
 .text.DMA1_Channel5_IRQHandler
                0x08001750        0x4 src/stm32f10x_it.o
                0x08001750                DMA1_Channel5_IRQHandler
 .text.SystemInit
                0x08001754       0x54 src/system_stm32f10x.o
                0x08001754                SystemInit
 .text.Uart1Read
                0x080017a8       0x98 src/uart.o
                0x080017a8                Uart1Read
 .text.Uart1Peek
                0x08001840       0xbc src/uart.o
                0x08001840                Uart1Peek
 .text.Uart1Write
                0x080018fc      0x1e4 src/uart.o
                0x080018fc                Uart1Write
 .text.Uart1ISR
                0x08001ae0       0xcc src/uart.o
                0x08001ae0                Uart1ISR
 .text.Uart1Init
                0x08001bac      0x108 src/uart.o
                0x08001bac                Uart1Init
 .text.Reset_Handler
                0x08001cb4       0x50 startup/startup_stm32.o
                0x08001cb4                Reset_Handler
 .text.Default_Handler
                0x08001d04        0x2 startup/startup_stm32.o
                0x08001d04                EXTI2_IRQHandler
                0x08001d04                TIM8_TRG_COM_IRQHandler
                0x08001d04                TIM8_CC_IRQHandler
                0x08001d04                TIM1_CC_IRQHandler
                0x08001d04                TIM6_IRQHandler
                0x08001d04                PVD_IRQHandler
                0x08001d04                SDIO_IRQHandler
                0x08001d04                EXTI3_IRQHandler
                0x08001d04                USB_HP_CAN_TX_IRQHandler
                0x08001d04                EXTI0_IRQHandler
                0x08001d04                I2C2_EV_IRQHandler
                0x08001d04                ADC1_2_IRQHandler
                0x08001d04                SPI1_IRQHandler
                0x08001d04                CAN_SCE_IRQHandler
                0x08001d04                TAMPER_IRQHandler
                0x08001d04                TIM8_UP_IRQHandler
                0x08001d04                DMA2_Channel2_IRQHandler
                0x08001d04                USART3_IRQHandler
                0x08001d04                RTC_IRQHandler
                0x08001d04                DMA1_Channel7_IRQHandler
                0x08001d04                UART5_IRQHandler
                0x08001d04                ADC3_IRQHandler
                0x08001d04                TIM4_IRQHandler
                0x08001d04                CAN_RX1_IRQHandler
                0x08001d04                DMA2_Channel1_IRQHandler
                0x08001d04                I2C1_EV_IRQHandler
                0x08001d04                DMA1_Channel6_IRQHandler
                0x08001d04                UART4_IRQHandler
                0x08001d04                TIM3_IRQHandler
                0x08001d04                RCC_IRQHandler
                0x08001d04                TIM1_TRG_COM_IRQHandler
                0x08001d04                DMA1_Channel1_IRQHandler
                0x08001d04                Default_Handler
                0x08001d04                EXTI15_10_IRQHandler
                0x08001d04                TIM7_IRQHandler
                0x08001d04                TIM5_IRQHandler
                0x08001d04                EXTI9_5_IRQHandler
                0x08001d04                SPI2_IRQHandler
                0x08001d04                USB_LP_CAN_RX0_IRQHandler
                0x08001d04                EXTI4_IRQHandler
                0x08001d04                DMA1_Channel3_IRQHandler
                0x08001d04                FSMC_IRQHandler
                0x08001d04                TIM1_UP_IRQHandler
                0x08001d04                WWDG_IRQHandler
                0x08001d04                TIM2_IRQHandler
                0x08001d04                TIM1_BRK_IRQHandler
                0x08001d04                EXTI1_IRQHandler
                0x08001d04                RTCAlarm_IRQHandler
                0x08001d04                DMA2_Channel4_5_IRQHandler
                0x08001d04                USART2_IRQHandler
                0x08001d04                I2C2_ER_IRQHandler
                0x08001d04                DMA1_Channel2_IRQHandler
                0x08001d04                TIM8_BRK_IRQHandler
                0x08001d04                FLASH_IRQHandler
                0x08001d04                USART1_IRQHandler
                0x08001d04                SPI3_IRQHandler
                0x08001d04                I2C1_ER_IRQHandler
                0x08001d04                DMA2_Channel3_IRQHandler
 *fill*         0x08001d06        0x2 
 .text.__libc_init_array
                0x08001d08       0x48 d:/apps/ac6/systemworkbench/plugins/fr.ac6.mcu.externaltools.arm-none.win32_1.17.0.201812190825/tools/compiler/bin/../lib/gcc/arm-none-eabi/7.3.1/../../../../arm-none-eabi/lib/thumb/v7-m\libc.a(lib_a-init.o)
                0x08001d08                __libc_init_array
 .text.memmove  0x08001d50       0xc4 d:/apps/ac6/systemworkbench/plugins/fr.ac6.mcu.externaltools.arm-none.win32_1.17.0.201812190825/tools/compiler/bin/../lib/gcc/arm-none-eabi/7.3.1/../../../../arm-none-eabi/lib/thumb/v7-m\libc.a(lib_a-memmove.o)
                0x08001d50                memmove
 .text.memset   0x08001e14       0x94 d:/apps/ac6/systemworkbench/plugins/fr.ac6.mcu.externaltools.arm-none.win32_1.17.0.201812190825/tools/compiler/bin/../lib/gcc/arm-none-eabi/7.3.1/../../../../arm-none-eabi/lib/thumb/v7-m\libc.a(lib_a-memset.o)
                0x08001e14                memset
 .text.startup.register_fini
                0x08001ea8       0x14 d:/apps/ac6/systemworkbench/plugins/fr.ac6.mcu.externaltools.arm-none.win32_1.17.0.201812190825/tools/compiler/bin/../lib/gcc/arm-none-eabi/7.3.1/../../../../arm-none-eabi/lib/thumb/v7-m\libc.a(lib_a-__call_atexit.o)
 .text.atexit   0x08001ebc        0xc d:/apps/ac6/systemworkbench/plugins/fr.ac6.mcu.externaltools.arm-none.win32_1.17.0.201812190825/tools/compiler/bin/../lib/gcc/arm-none-eabi/7.3.1/../../../../arm-none-eabi/lib/thumb/v7-m\libc.a(lib_a-atexit.o)
                0x08001ebc                atexit
 .text.__libc_fini_array
                0x08001ec8       0x34 d:/apps/ac6/systemworkbench/plugins/fr.ac6.mcu.externaltools.arm-none.win32_1.17.0.201812190825/tools/compiler/bin/../lib/gcc/arm-none-eabi/7.3.1/../../../../arm-none-eabi/lib/thumb/v7-m\libc.a(lib_a-fini.o)
                0x08001ec8                __libc_fini_array
 .text.__retarget_lock_acquire_recursive
                0x08001efc        0x4 d:/apps/ac6/systemworkbench/plugins/fr.ac6.mcu.externaltools.arm-none.win32_1.17.0.201812190825/tools/compiler/bin/../lib/gcc/arm-none-eabi/7.3.1/../../../../arm-none-eabi/lib/thumb/v7-m\libc.a(lib_a-lock.o)
                0x08001efc                __retarget_lock_acquire_recursive
 .text.__retarget_lock_release_recursive
                0x08001f00        0x4 d:/apps/ac6/systemworkbench/plugins/fr.ac6.mcu.externaltools.arm-none.win32_1.17.0.201812190825/tools/compiler/bin/../lib/gcc/arm-none-eabi/7.3.1/../../../../arm-none-eabi/lib/thumb/v7-m\libc.a(lib_a-lock.o)
                0x08001f00                __retarget_lock_release_recursive
 .text.__register_exitproc
                0x08001f04       0xc0 d:/apps/ac6/systemworkbench/plugins/fr.ac6.mcu.externaltools.arm-none.win32_1.17.0.201812190825/tools/compiler/bin/../lib/gcc/arm-none-eabi/7.3.1/../../../../arm-none-eabi/lib/thumb/v7-m\libc.a(lib_a-__atexit.o)
                0x08001f04                __register_exitproc
 *(.glue_7)
 .glue_7        0x08001fc4        0x0 linker stubs
 *(.glue_7t)
 .glue_7t       0x08001fc4        0x0 linker stubs
 *(.eh_frame)
 .eh_frame      0x08001fc4        0x0 d:/apps/ac6/systemworkbench/plugins/fr.ac6.mcu.externaltools.arm-none.win32_1.17.0.201812190825/tools/compiler/bin/../lib/gcc/arm-none-eabi/7.3.1/thumb/v7-m/crtbegin.o
 *(.init)
 .init          0x08001fc4        0x4 d:/apps/ac6/systemworkbench/plugins/fr.ac6.mcu.externaltools.arm-none.win32_1.17.0.201812190825/tools/compiler/bin/../lib/gcc/arm-none-eabi/7.3.1/thumb/v7-m/crti.o
                0x08001fc4                _init
 .init          0x08001fc8        0x8 d:/apps/ac6/systemworkbench/plugins/fr.ac6.mcu.externaltools.arm-none.win32_1.17.0.201812190825/tools/compiler/bin/../lib/gcc/arm-none-eabi/7.3.1/thumb/v7-m/crtn.o
 *(.fini)
 .fini          0x08001fd0        0x4 d:/apps/ac6/systemworkbench/plugins/fr.ac6.mcu.externaltools.arm-none.win32_1.17.0.201812190825/tools/compiler/bin/../lib/gcc/arm-none-eabi/7.3.1/thumb/v7-m/crti.o
                0x08001fd0                _fini
 .fini          0x08001fd4        0x8 d:/apps/ac6/systemworkbench/plugins/fr.ac6.mcu.externaltools.arm-none.win32_1.17.0.201812190825/tools/compiler/bin/../lib/gcc/arm-none-eabi/7.3.1/thumb/v7-m/crtn.o
                0x08001fdc                . = ALIGN (0x4)
                0x08001fdc                _etext = .

.vfp11_veneer   0x08001fdc        0x0
 .vfp11_veneer  0x08001fdc        0x0 linker stubs

.v4_bx          0x08001fdc        0x0
 .v4_bx         0x08001fdc        0x0 linker stubs

.iplt           0x08001fdc        0x0
 .iplt          0x08001fdc        0x0 d:/apps/ac6/systemworkbench/plugins/fr.ac6.mcu.externaltools.arm-none.win32_1.17.0.201812190825/tools/compiler/bin/../lib/gcc/arm-none-eabi/7.3.1/thumb/v7-m/crtbegin.o

.rodata         0x08001fdc      0x154
                0x08001fdc                . = ALIGN (0x4)
 *(.rodata)
 .rodata        0x08001fdc       0x44 src/at_cmd.o
                0x08001fdc                _at_cmds
                0x08002014                _at_cmds_lens
 .rodata        0x08002020       0x60 src/epoch.o
                0x08002020                days
 .rodata        0x08002080       0x8a src/main.o
 *(.rodata*)
 *fill*         0x0800210a        0x2 
 .rodata.str1.4
                0x0800210c       0x20 src/main.o
                                 0x1f (size before relaxing)
 .rodata._global_impure_ptr
                0x0800212c        0x4 d:/apps/ac6/systemworkbench/plugins/fr.ac6.mcu.externaltools.arm-none.win32_1.17.0.201812190825/tools/compiler/bin/../lib/gcc/arm-none-eabi/7.3.1/../../../../arm-none-eabi/lib/thumb/v7-m\libc.a(lib_a-impure.o)
                0x0800212c                _global_impure_ptr
                0x08002130                . = ALIGN (0x4)

.rel.dyn        0x08002130        0x0
 .rel.iplt      0x08002130        0x0 d:/apps/ac6/systemworkbench/plugins/fr.ac6.mcu.externaltools.arm-none.win32_1.17.0.201812190825/tools/compiler/bin/../lib/gcc/arm-none-eabi/7.3.1/thumb/v7-m/crtbegin.o

.ARM.extab      0x08002130        0x0
                0x08002130                . = ALIGN (0x4)
 *(.ARM.extab* .gnu.linkonce.armextab.*)
                0x08002130                . = ALIGN (0x4)

.ARM            0x08002130        0x0
                0x08002130                . = ALIGN (0x4)
                0x08002130                __exidx_start = .
 *(.ARM.exidx*)
                0x08002130                __exidx_end = .
                0x08002130                . = ALIGN (0x4)

.preinit_array  0x08002130        0x0
                0x08002130                . = ALIGN (0x4)
                0x08002130                PROVIDE (__preinit_array_start = .)
 *(.preinit_array*)
                0x08002130                PROVIDE (__preinit_array_end = .)
                0x08002130                . = ALIGN (0x4)

.init_array     0x08002130        0x8
                0x08002130                . = ALIGN (0x4)
                0x08002130                PROVIDE (__init_array_start = .)
 *(SORT_BY_NAME(.init_array.*))
 .init_array.00000
                0x08002130        0x4 d:/apps/ac6/systemworkbench/plugins/fr.ac6.mcu.externaltools.arm-none.win32_1.17.0.201812190825/tools/compiler/bin/../lib/gcc/arm-none-eabi/7.3.1/../../../../arm-none-eabi/lib/thumb/v7-m\libc.a(lib_a-__call_atexit.o)
 *(.init_array*)
 .init_array    0x08002134        0x4 d:/apps/ac6/systemworkbench/plugins/fr.ac6.mcu.externaltools.arm-none.win32_1.17.0.201812190825/tools/compiler/bin/../lib/gcc/arm-none-eabi/7.3.1/thumb/v7-m/crtbegin.o
                0x08002138                PROVIDE (__init_array_end = .)
                0x08002138                . = ALIGN (0x4)

.fini_array     0x08002138        0x4
                0x08002138                . = ALIGN (0x4)
                0x08002138                PROVIDE (__fini_array_start = .)
 *(SORT_BY_NAME(.fini_array.*))
 *(.fini_array*)
 .fini_array    0x08002138        0x4 d:/apps/ac6/systemworkbench/plugins/fr.ac6.mcu.externaltools.arm-none.win32_1.17.0.201812190825/tools/compiler/bin/../lib/gcc/arm-none-eabi/7.3.1/thumb/v7-m/crtbegin.o
                0x0800213c                PROVIDE (__fini_array_end = .)
                0x0800213c                . = ALIGN (0x4)
                0x0800213c                _sidata = LOADADDR (.data)

.data           0x20000000      0x444 load address 0x0800213c
                0x20000000                . = ALIGN (0x4)
                0x20000000                _sdata = .
 *(.data)
 .data          0x20000000       0x14 StdPeriph_Driver/src/stm32f10x_rcc.o
 .data          0x20000014        0x1 src/at_cmd.o
 *(.data*)
 *fill*         0x20000015        0x3 
 .data.impure_data
                0x20000018      0x428 d:/apps/ac6/systemworkbench/plugins/fr.ac6.mcu.externaltools.arm-none.win32_1.17.0.201812190825/tools/compiler/bin/../lib/gcc/arm-none-eabi/7.3.1/../../../../arm-none-eabi/lib/thumb/v7-m\libc.a(lib_a-impure.o)
 .data.__atexit_recursive_mutex
                0x20000440        0x4 d:/apps/ac6/systemworkbench/plugins/fr.ac6.mcu.externaltools.arm-none.win32_1.17.0.201812190825/tools/compiler/bin/../lib/gcc/arm-none-eabi/7.3.1/../../../../arm-none-eabi/lib/thumb/v7-m\libc.a(lib_a-__call_atexit.o)
                0x20000440                __atexit_recursive_mutex
                0x20000444                . = ALIGN (0x4)
                0x20000444                _edata = .

.igot.plt       0x20000444        0x0 load address 0x08002580
 .igot.plt      0x20000444        0x0 d:/apps/ac6/systemworkbench/plugins/fr.ac6.mcu.externaltools.arm-none.win32_1.17.0.201812190825/tools/compiler/bin/../lib/gcc/arm-none-eabi/7.3.1/thumb/v7-m/crtbegin.o
                0x20000444                . = ALIGN (0x4)

.bss            0x20000444      0x4d8 load address 0x08002580
                0x20000444                _sbss = .
                0x20000444                __bss_start__ = _sbss
 *(.bss)
 .bss           0x20000444       0x1c d:/apps/ac6/systemworkbench/plugins/fr.ac6.mcu.externaltools.arm-none.win32_1.17.0.201812190825/tools/compiler/bin/../lib/gcc/arm-none-eabi/7.3.1/thumb/v7-m/crtbegin.o
 .bss           0x20000460       0x69 src/at_cmd.o
 *fill*         0x200004c9        0x3 
 .bss           0x200004cc       0x20 src/uart.o
                0x200004d0                uart1_rx_buffer_p
                0x200004d4                uart1_end_callback
                0x200004d8                uart1_tx_in_use_p
                0x200004dc                uart1_tx_buffer_len
                0x200004e4                uart1_tx_running
                0x200004e8                uart1_nvic_val
 *(.bss*)
 *(COMMON)
 COMMON         0x200004ec      0x409 src/uart.o
                0x200004ec                uart1_tx_buffer
                0x200006ec                uart1_rx_buffer
 *fill*         0x200008f5        0x3 
 COMMON         0x200008f8       0x21 d:/apps/ac6/systemworkbench/plugins/fr.ac6.mcu.externaltools.arm-none.win32_1.17.0.201812190825/tools/compiler/bin/../lib/gcc/arm-none-eabi/7.3.1/../../../../arm-none-eabi/lib/thumb/v7-m\libc.a(lib_a-lock.o)
                0x200008f8                __lock___atexit_recursive_mutex
                0x200008fc                __lock___arc4random_mutex
                0x20000900                __lock___env_recursive_mutex
                0x20000904                __lock___sinit_recursive_mutex
                0x20000908                __lock___malloc_recursive_mutex
                0x2000090c                __lock___at_quick_exit_mutex
                0x20000910                __lock___dd_hash_mutex
                0x20000914                __lock___tz_mutex
                0x20000918                __lock___sfp_recursive_mutex
                0x2000091c                . = ALIGN (0x4)
 *fill*         0x20000919        0x3 
                0x2000091c                _ebss = .
                0x2000091c                __bss_end__ = _ebss

._user_heap_stack
                0x2000091c     0x1004 load address 0x08002580
                0x20000920                . = ALIGN (0x8)
 *fill*         0x2000091c        0x4 
                [!provide]                PROVIDE (end = .)
                [!provide]                PROVIDE (_end = .)
                0x20000920                . = (. + _Min_Heap_Size)
                0x20001920                . = (. + _Min_Stack_Size)
 *fill*         0x20000920     0x1000 
                0x20001920                . = ALIGN (0x8)

/DISCARD/
 libc.a(*)
 libm.a(*)
 libgcc.a(*)

.ARM.attributes
                0x00000000       0x29
 *(.ARM.attributes)
 .ARM.attributes
                0x00000000       0x1d d:/apps/ac6/systemworkbench/plugins/fr.ac6.mcu.externaltools.arm-none.win32_1.17.0.201812190825/tools/compiler/bin/../lib/gcc/arm-none-eabi/7.3.1/thumb/v7-m/crti.o
 .ARM.attributes
                0x0000001d       0x2d d:/apps/ac6/systemworkbench/plugins/fr.ac6.mcu.externaltools.arm-none.win32_1.17.0.201812190825/tools/compiler/bin/../lib/gcc/arm-none-eabi/7.3.1/thumb/v7-m/crtbegin.o
 .ARM.attributes
                0x0000004a       0x33 StdPeriph_Driver/src/misc.o
 .ARM.attributes
                0x0000007d       0x33 StdPeriph_Driver/src/stm32f10x_bkp.o
 .ARM.attributes
                0x000000b0       0x33 StdPeriph_Driver/src/stm32f10x_dma.o
 .ARM.attributes
                0x000000e3       0x33 StdPeriph_Driver/src/stm32f10x_gpio.o
 .ARM.attributes
                0x00000116       0x33 StdPeriph_Driver/src/stm32f10x_pwr.o
 .ARM.attributes
                0x00000149       0x33 StdPeriph_Driver/src/stm32f10x_rcc.o
 .ARM.attributes
                0x0000017c       0x33 StdPeriph_Driver/src/stm32f10x_rtc.o
 .ARM.attributes
                0x000001af       0x33 StdPeriph_Driver/src/stm32f10x_usart.o
 .ARM.attributes
                0x000001e2       0x33 src/at_cmd.o
 .ARM.attributes
                0x00000215       0x33 src/epoch.o
 .ARM.attributes
                0x00000248       0x33 src/hpdl1414.o
 .ARM.attributes
                0x0000027b       0x33 src/io_setup.o
 .ARM.attributes
                0x000002ae       0x33 src/main.o
 .ARM.attributes
                0x000002e1       0x33 src/rtc.o
 .ARM.attributes
                0x00000314       0x33 src/stm32f10x_it.o
 .ARM.attributes
                0x00000347       0x33 src/system_stm32f10x.o
 .ARM.attributes
                0x0000037a       0x33 src/uart.o
 .ARM.attributes
                0x000003ad       0x21 startup/startup_stm32.o
 .ARM.attributes
                0x000003ce       0x2d d:/apps/ac6/systemworkbench/plugins/fr.ac6.mcu.externaltools.arm-none.win32_1.17.0.201812190825/tools/compiler/bin/../lib/gcc/arm-none-eabi/7.3.1/../../../../arm-none-eabi/lib/thumb/v7-m\libc.a(lib_a-impure.o)
 .ARM.attributes
                0x000003fb       0x2d d:/apps/ac6/systemworkbench/plugins/fr.ac6.mcu.externaltools.arm-none.win32_1.17.0.201812190825/tools/compiler/bin/../lib/gcc/arm-none-eabi/7.3.1/../../../../arm-none-eabi/lib/thumb/v7-m\libc.a(lib_a-init.o)
 .ARM.attributes
                0x00000428       0x1b d:/apps/ac6/systemworkbench/plugins/fr.ac6.mcu.externaltools.arm-none.win32_1.17.0.201812190825/tools/compiler/bin/../lib/gcc/arm-none-eabi/7.3.1/../../../../arm-none-eabi/lib/thumb/v7-m\libc.a(lib_a-memcpy.o)
 .ARM.attributes
                0x00000443       0x2d d:/apps/ac6/systemworkbench/plugins/fr.ac6.mcu.externaltools.arm-none.win32_1.17.0.201812190825/tools/compiler/bin/../lib/gcc/arm-none-eabi/7.3.1/../../../../arm-none-eabi/lib/thumb/v7-m\libc.a(lib_a-memmove.o)
 .ARM.attributes
                0x00000470       0x2d d:/apps/ac6/systemworkbench/plugins/fr.ac6.mcu.externaltools.arm-none.win32_1.17.0.201812190825/tools/compiler/bin/../lib/gcc/arm-none-eabi/7.3.1/../../../../arm-none-eabi/lib/thumb/v7-m\libc.a(lib_a-memset.o)
 .ARM.attributes
                0x0000049d       0x2d d:/apps/ac6/systemworkbench/plugins/fr.ac6.mcu.externaltools.arm-none.win32_1.17.0.201812190825/tools/compiler/bin/../lib/gcc/arm-none-eabi/7.3.1/../../../../arm-none-eabi/lib/thumb/v7-m\libc.a(lib_a-__call_atexit.o)
 .ARM.attributes
                0x000004ca       0x2d d:/apps/ac6/systemworkbench/plugins/fr.ac6.mcu.externaltools.arm-none.win32_1.17.0.201812190825/tools/compiler/bin/../lib/gcc/arm-none-eabi/7.3.1/../../../../arm-none-eabi/lib/thumb/v7-m\libc.a(lib_a-atexit.o)
 .ARM.attributes
                0x000004f7       0x2d d:/apps/ac6/systemworkbench/plugins/fr.ac6.mcu.externaltools.arm-none.win32_1.17.0.201812190825/tools/compiler/bin/../lib/gcc/arm-none-eabi/7.3.1/../../../../arm-none-eabi/lib/thumb/v7-m\libc.a(lib_a-fini.o)
 .ARM.attributes
                0x00000524       0x2d d:/apps/ac6/systemworkbench/plugins/fr.ac6.mcu.externaltools.arm-none.win32_1.17.0.201812190825/tools/compiler/bin/../lib/gcc/arm-none-eabi/7.3.1/../../../../arm-none-eabi/lib/thumb/v7-m\libc.a(lib_a-lock.o)
 .ARM.attributes
                0x00000551       0x2d d:/apps/ac6/systemworkbench/plugins/fr.ac6.mcu.externaltools.arm-none.win32_1.17.0.201812190825/tools/compiler/bin/../lib/gcc/arm-none-eabi/7.3.1/../../../../arm-none-eabi/lib/thumb/v7-m\libc.a(lib_a-__atexit.o)
 .ARM.attributes
                0x0000057e       0x1d d:/apps/ac6/systemworkbench/plugins/fr.ac6.mcu.externaltools.arm-none.win32_1.17.0.201812190825/tools/compiler/bin/../lib/gcc/arm-none-eabi/7.3.1/thumb/v7-m/crtn.o
OUTPUT(HPDL1414_DISPLAY.elf elf32-littlearm)

.debug_info     0x00000000     0x6d5a
 .debug_info    0x00000000      0x4eb StdPeriph_Driver/src/misc.o
 .debug_info    0x000004eb      0x7d2 StdPeriph_Driver/src/stm32f10x_bkp.o
 .debug_info    0x00000cbd      0x476 StdPeriph_Driver/src/stm32f10x_dma.o
 .debug_info    0x00001133      0x885 StdPeriph_Driver/src/stm32f10x_gpio.o
 .debug_info    0x000019b8      0x49c StdPeriph_Driver/src/stm32f10x_pwr.o
 .debug_info    0x00001e54      0x99d StdPeriph_Driver/src/stm32f10x_rcc.o
 .debug_info    0x000027f1      0x4a3 StdPeriph_Driver/src/stm32f10x_rtc.o
 .debug_info    0x00002c94      0xb1e StdPeriph_Driver/src/stm32f10x_usart.o
 .debug_info    0x000037b2      0x67e src/at_cmd.o
 .debug_info    0x00003e30      0x232 src/epoch.o
 .debug_info    0x00004062      0x257 src/hpdl1414.o
 .debug_info    0x000042b9      0x5bf src/io_setup.o
 .debug_info    0x00004878      0x750 src/main.o
 .debug_info    0x00004fc8      0x53d src/rtc.o
 .debug_info    0x00005505      0x150 src/stm32f10x_it.o
 .debug_info    0x00005655      0x386 src/system_stm32f10x.o
 .debug_info    0x000059db     0x135d src/uart.o
 .debug_info    0x00006d38       0x22 startup/startup_stm32.o

.debug_abbrev   0x00000000     0x1e75
 .debug_abbrev  0x00000000      0x195 StdPeriph_Driver/src/misc.o
 .debug_abbrev  0x00000195      0x1ac StdPeriph_Driver/src/stm32f10x_bkp.o
 .debug_abbrev  0x00000341      0x221 StdPeriph_Driver/src/stm32f10x_dma.o
 .debug_abbrev  0x00000562      0x21a StdPeriph_Driver/src/stm32f10x_gpio.o
 .debug_abbrev  0x0000077c      0x1e2 StdPeriph_Driver/src/stm32f10x_pwr.o
 .debug_abbrev  0x0000095e      0x284 StdPeriph_Driver/src/stm32f10x_rcc.o
 .debug_abbrev  0x00000be2      0x20b StdPeriph_Driver/src/stm32f10x_rtc.o
 .debug_abbrev  0x00000ded      0x1fc StdPeriph_Driver/src/stm32f10x_usart.o
 .debug_abbrev  0x00000fe9      0x1e5 src/at_cmd.o
 .debug_abbrev  0x000011ce      0x108 src/epoch.o
 .debug_abbrev  0x000012d6      0x129 src/hpdl1414.o
 .debug_abbrev  0x000013ff      0x140 src/io_setup.o
 .debug_abbrev  0x0000153f      0x1bc src/main.o
 .debug_abbrev  0x000016fb      0x149 src/rtc.o
 .debug_abbrev  0x00001844       0xdc src/stm32f10x_it.o
 .debug_abbrev  0x00001920      0x15c src/system_stm32f10x.o
 .debug_abbrev  0x00001a7c      0x3e7 src/uart.o
 .debug_abbrev  0x00001e63       0x12 startup/startup_stm32.o

.debug_loc      0x00000000     0x438b
 .debug_loc     0x00000000      0x16b StdPeriph_Driver/src/misc.o
 .debug_loc     0x0000016b       0xee StdPeriph_Driver/src/stm32f10x_bkp.o
 .debug_loc     0x00000259      0x12a StdPeriph_Driver/src/stm32f10x_dma.o
 .debug_loc     0x00000383     0x117b StdPeriph_Driver/src/stm32f10x_gpio.o
 .debug_loc     0x000014fe      0x111 StdPeriph_Driver/src/stm32f10x_pwr.o
 .debug_loc     0x0000160f      0x754 StdPeriph_Driver/src/stm32f10x_rcc.o
 .debug_loc     0x00001d63      0x1ed StdPeriph_Driver/src/stm32f10x_rtc.o
 .debug_loc     0x00001f50      0x800 StdPeriph_Driver/src/stm32f10x_usart.o
 .debug_loc     0x00002750      0x865 src/at_cmd.o
 .debug_loc     0x00002fb5      0x551 src/epoch.o
 .debug_loc     0x00003506      0x18d src/hpdl1414.o
 .debug_loc     0x00003693      0x1de src/main.o
 .debug_loc     0x00003871       0xc2 src/rtc.o
 .debug_loc     0x00003933       0xf8 src/system_stm32f10x.o
 .debug_loc     0x00003a2b      0x960 src/uart.o

.debug_aranges  0x00000000      0x720
 .debug_aranges
                0x00000000       0x40 StdPeriph_Driver/src/misc.o
 .debug_aranges
                0x00000040       0x78 StdPeriph_Driver/src/stm32f10x_bkp.o
 .debug_aranges
                0x000000b8       0x60 StdPeriph_Driver/src/stm32f10x_dma.o
 .debug_aranges
                0x00000118       0xa8 StdPeriph_Driver/src/stm32f10x_gpio.o
 .debug_aranges
                0x000001c0       0x60 StdPeriph_Driver/src/stm32f10x_pwr.o
 .debug_aranges
                0x00000220      0x120 StdPeriph_Driver/src/stm32f10x_rcc.o
 .debug_aranges
                0x00000340       0x80 StdPeriph_Driver/src/stm32f10x_rtc.o
 .debug_aranges
                0x000003c0      0x100 StdPeriph_Driver/src/stm32f10x_usart.o
 .debug_aranges
                0x000004c0       0x50 src/at_cmd.o
 .debug_aranges
                0x00000510       0x28 src/epoch.o
 .debug_aranges
                0x00000538       0x20 src/hpdl1414.o
 .debug_aranges
                0x00000558       0x20 src/io_setup.o
 .debug_aranges
                0x00000578       0x20 src/main.o
 .debug_aranges
                0x00000598       0x38 src/rtc.o
 .debug_aranges
                0x000005d0       0x48 src/stm32f10x_it.o
 .debug_aranges
                0x00000618       0x28 src/system_stm32f10x.o
 .debug_aranges
                0x00000640       0xb8 src/uart.o
 .debug_aranges
                0x000006f8       0x28 startup/startup_stm32.o

.debug_ranges   0x00000000      0xa40
 .debug_ranges  0x00000000       0x30 StdPeriph_Driver/src/misc.o
 .debug_ranges  0x00000030       0x68 StdPeriph_Driver/src/stm32f10x_bkp.o
 .debug_ranges  0x00000098       0x50 StdPeriph_Driver/src/stm32f10x_dma.o
 .debug_ranges  0x000000e8       0x98 StdPeriph_Driver/src/stm32f10x_gpio.o
 .debug_ranges  0x00000180       0x50 StdPeriph_Driver/src/stm32f10x_pwr.o
 .debug_ranges  0x000001d0      0x130 StdPeriph_Driver/src/stm32f10x_rcc.o
 .debug_ranges  0x00000300       0xd0 StdPeriph_Driver/src/stm32f10x_rtc.o
 .debug_ranges  0x000003d0       0xf0 StdPeriph_Driver/src/stm32f10x_usart.o
 .debug_ranges  0x000004c0      0x190 src/at_cmd.o
 .debug_ranges  0x00000650       0x18 src/epoch.o
 .debug_ranges  0x00000668       0x10 src/hpdl1414.o
 .debug_ranges  0x00000678       0x10 src/io_setup.o
 .debug_ranges  0x00000688       0x50 src/main.o
 .debug_ranges  0x000006d8       0x28 src/rtc.o
 .debug_ranges  0x00000700       0x38 src/stm32f10x_it.o
 .debug_ranges  0x00000738       0x18 src/system_stm32f10x.o
 .debug_ranges  0x00000750      0x2d0 src/uart.o
 .debug_ranges  0x00000a20       0x20 startup/startup_stm32.o

.debug_macro    0x00000000     0xe6e1
 .debug_macro   0x00000000      0x18b StdPeriph_Driver/src/misc.o
 .debug_macro   0x0000018b       0x56 StdPeriph_Driver/src/misc.o
 .debug_macro   0x000001e1       0x22 StdPeriph_Driver/src/misc.o
 .debug_macro   0x00000203      0x69f StdPeriph_Driver/src/misc.o
 .debug_macro   0x000008a2     0x7eb3 StdPeriph_Driver/src/misc.o
 .debug_macro   0x00008755      0x2df StdPeriph_Driver/src/misc.o
 .debug_macro   0x00008a34      0x144 StdPeriph_Driver/src/misc.o
 .debug_macro   0x00008b78      0x3cf StdPeriph_Driver/src/misc.o
 .debug_macro   0x00008f47       0xc8 StdPeriph_Driver/src/misc.o
 .debug_macro   0x0000900f      0x196 StdPeriph_Driver/src/misc.o
 .debug_macro   0x000091a5       0xac StdPeriph_Driver/src/misc.o
 .debug_macro   0x00009251      0x3ad StdPeriph_Driver/src/misc.o
 .debug_macro   0x000095fe       0x9a StdPeriph_Driver/src/misc.o
 .debug_macro   0x00009698      0x2cf StdPeriph_Driver/src/misc.o
 .debug_macro   0x00009967      0x279 StdPeriph_Driver/src/misc.o
 .debug_macro   0x00009be0      0x2ac StdPeriph_Driver/src/misc.o
 .debug_macro   0x00009e8c      0x2b1 StdPeriph_Driver/src/misc.o
 .debug_macro   0x0000a13d       0x64 StdPeriph_Driver/src/misc.o
 .debug_macro   0x0000a1a1       0x82 StdPeriph_Driver/src/misc.o
 .debug_macro   0x0000a223      0x461 StdPeriph_Driver/src/misc.o
 .debug_macro   0x0000a684       0x58 StdPeriph_Driver/src/misc.o
 .debug_macro   0x0000a6dc      0x341 StdPeriph_Driver/src/misc.o
 .debug_macro   0x0000aa1d      0x2c4 StdPeriph_Driver/src/misc.o
 .debug_macro   0x0000ace1      0x711 StdPeriph_Driver/src/misc.o
 .debug_macro   0x0000b3f2      0x220 StdPeriph_Driver/src/misc.o
 .debug_macro   0x0000b612       0x34 StdPeriph_Driver/src/misc.o
 .debug_macro   0x0000b646       0x35 StdPeriph_Driver/src/misc.o
 .debug_macro   0x0000b67b       0x85 StdPeriph_Driver/src/misc.o
 .debug_macro   0x0000b700      0x1e3 StdPeriph_Driver/src/stm32f10x_bkp.o
 .debug_macro   0x0000b8e3      0x1dd StdPeriph_Driver/src/stm32f10x_dma.o
 .debug_macro   0x0000bac0      0x3a7 StdPeriph_Driver/src/stm32f10x_dma.o
 .debug_macro   0x0000be67      0x1d7 StdPeriph_Driver/src/stm32f10x_gpio.o
 .debug_macro   0x0000c03e      0x2a6 StdPeriph_Driver/src/stm32f10x_gpio.o
 .debug_macro   0x0000c2e4      0x1cb StdPeriph_Driver/src/stm32f10x_pwr.o
 .debug_macro   0x0000c4af       0x7c StdPeriph_Driver/src/stm32f10x_pwr.o
 .debug_macro   0x0000c52b      0x2af StdPeriph_Driver/src/stm32f10x_rcc.o
 .debug_macro   0x0000c7da      0x45b StdPeriph_Driver/src/stm32f10x_rcc.o
 .debug_macro   0x0000cc35      0x191 StdPeriph_Driver/src/stm32f10x_rtc.o
 .debug_macro   0x0000cdc6       0x52 StdPeriph_Driver/src/stm32f10x_rtc.o
 .debug_macro   0x0000ce18      0x23d StdPeriph_Driver/src/stm32f10x_usart.o
 .debug_macro   0x0000d055      0x21a StdPeriph_Driver/src/stm32f10x_usart.o
 .debug_macro   0x0000d26f       0x9a src/at_cmd.o
 .debug_macro   0x0000d309       0x22 src/at_cmd.o
 .debug_macro   0x0000d32b       0x76 src/epoch.o
 .debug_macro   0x0000d3a1      0x1a2 src/hpdl1414.o
 .debug_macro   0x0000d543      0x6bd src/hpdl1414.o
 .debug_macro   0x0000dc00       0xee src/hpdl1414.o
 .debug_macro   0x0000dcee      0x192 src/io_setup.o
 .debug_macro   0x0000de80      0x1cb src/main.o
 .debug_macro   0x0000e04b       0x16 src/main.o
 .debug_macro   0x0000e061      0x19a src/rtc.o
 .debug_macro   0x0000e1fb      0x1a0 src/stm32f10x_it.o
 .debug_macro   0x0000e39b      0x188 src/system_stm32f10x.o
 .debug_macro   0x0000e523      0x1be src/uart.o

.debug_line     0x00000000     0x743a
 .debug_line    0x00000000      0x606 StdPeriph_Driver/src/misc.o
 .debug_line    0x00000606      0x685 StdPeriph_Driver/src/stm32f10x_bkp.o
 .debug_line    0x00000c8b      0x6d5 StdPeriph_Driver/src/stm32f10x_dma.o
 .debug_line    0x00001360      0x92d StdPeriph_Driver/src/stm32f10x_gpio.o
 .debug_line    0x00001c8d      0x66f StdPeriph_Driver/src/stm32f10x_pwr.o
 .debug_line    0x000022fc      0x8ca StdPeriph_Driver/src/stm32f10x_rcc.o
 .debug_line    0x00002bc6      0x6f5 StdPeriph_Driver/src/stm32f10x_rtc.o
 .debug_line    0x000032bb      0x8a0 StdPeriph_Driver/src/stm32f10x_usart.o
 .debug_line    0x00003b5b      0x4c9 src/at_cmd.o
 .debug_line    0x00004024      0x34d src/epoch.o
 .debug_line    0x00004371      0x5fb src/hpdl1414.o
 .debug_line    0x0000496c      0x60c src/io_setup.o
 .debug_line    0x00004f78      0x7e6 src/main.o
 .debug_line    0x0000575e      0x653 src/rtc.o
 .debug_line    0x00005db1      0x658 src/stm32f10x_it.o
 .debug_line    0x00006409      0x5e3 src/system_stm32f10x.o
 .debug_line    0x000069ec      0x9d2 src/uart.o
 .debug_line    0x000073be       0x7c startup/startup_stm32.o

.debug_str      0x00000000    0x51a48
 .debug_str     0x00000000    0x4deac StdPeriph_Driver/src/misc.o
                              0x4e018 (size before relaxing)
 .debug_str     0x0004deac      0x636 StdPeriph_Driver/src/stm32f10x_bkp.o
                              0x4e45e (size before relaxing)
 .debug_str     0x0004e4e2      0x6e0 StdPeriph_Driver/src/stm32f10x_dma.o
                              0x4e4c0 (size before relaxing)
 .debug_str     0x0004ebc2      0x5bb StdPeriph_Driver/src/stm32f10x_gpio.o
                              0x4e3a7 (size before relaxing)
 .debug_str     0x0004f17d      0x2d1 StdPeriph_Driver/src/stm32f10x_pwr.o
                              0x4e112 (size before relaxing)
 .debug_str     0x0004f44e      0xb81 StdPeriph_Driver/src/stm32f10x_rcc.o
                              0x4ea16 (size before relaxing)
 .debug_str     0x0004ffcf      0x1c8 StdPeriph_Driver/src/stm32f10x_rtc.o
                              0x4e021 (size before relaxing)
 .debug_str     0x00050197      0x7f0 StdPeriph_Driver/src/stm32f10x_usart.o
                              0x4e6e0 (size before relaxing)
 .debug_str     0x00050987      0x268 src/at_cmd.o
                               0x3e8c (size before relaxing)
 .debug_str     0x00050bef       0x74 src/epoch.o
                               0x3ce2 (size before relaxing)
 .debug_str     0x00050c63      0x4d3 src/hpdl1414.o
                              0x4e319 (size before relaxing)
 .debug_str     0x00051136       0x2d src/io_setup.o
                              0x4e36e (size before relaxing)
 .debug_str     0x00051163      0x185 src/main.o
                              0x4e546 (size before relaxing)
 .debug_str     0x000512e8       0x8c src/rtc.o
                              0x4e3ec (size before relaxing)
 .debug_str     0x00051374       0xf3 src/stm32f10x_it.o
                              0x4e332 (size before relaxing)
 .debug_str     0x00051467       0x73 src/system_stm32f10x.o
                              0x4ded3 (size before relaxing)
 .debug_str     0x000514da      0x545 src/uart.o
                              0x4e842 (size before relaxing)
 .debug_str     0x00051a1f       0x29 startup/startup_stm32.o
                                 0x5d (size before relaxing)

.comment        0x00000000       0x7f
 .comment       0x00000000       0x7f StdPeriph_Driver/src/misc.o
                                 0x80 (size before relaxing)
 .comment       0x0000007f       0x80 StdPeriph_Driver/src/stm32f10x_bkp.o
 .comment       0x0000007f       0x80 StdPeriph_Driver/src/stm32f10x_dma.o
 .comment       0x0000007f       0x80 StdPeriph_Driver/src/stm32f10x_gpio.o
 .comment       0x0000007f       0x80 StdPeriph_Driver/src/stm32f10x_pwr.o
 .comment       0x0000007f       0x80 StdPeriph_Driver/src/stm32f10x_rcc.o
 .comment       0x0000007f       0x80 StdPeriph_Driver/src/stm32f10x_rtc.o
 .comment       0x0000007f       0x80 StdPeriph_Driver/src/stm32f10x_usart.o
 .comment       0x0000007f       0x80 src/at_cmd.o
 .comment       0x0000007f       0x80 src/epoch.o
 .comment       0x0000007f       0x80 src/hpdl1414.o
 .comment       0x0000007f       0x80 src/io_setup.o
 .comment       0x0000007f       0x80 src/main.o
 .comment       0x0000007f       0x80 src/rtc.o
 .comment       0x0000007f       0x80 src/stm32f10x_it.o
 .comment       0x0000007f       0x80 src/system_stm32f10x.o
 .comment       0x0000007f       0x80 src/uart.o

.debug_frame    0x00000000     0x12ac
 .debug_frame   0x00000000       0x7c StdPeriph_Driver/src/misc.o
 .debug_frame   0x0000007c       0xec StdPeriph_Driver/src/stm32f10x_bkp.o
 .debug_frame   0x00000168       0xf0 StdPeriph_Driver/src/stm32f10x_dma.o
 .debug_frame   0x00000258      0x1b0 StdPeriph_Driver/src/stm32f10x_gpio.o
 .debug_frame   0x00000408       0xb8 StdPeriph_Driver/src/stm32f10x_pwr.o
 .debug_frame   0x000004c0      0x240 StdPeriph_Driver/src/stm32f10x_rcc.o
 .debug_frame   0x00000700       0xf0 StdPeriph_Driver/src/stm32f10x_rtc.o
 .debug_frame   0x000007f0      0x258 StdPeriph_Driver/src/stm32f10x_usart.o
 .debug_frame   0x00000a48      0x138 src/at_cmd.o
 .debug_frame   0x00000b80       0x4c src/epoch.o
 .debug_frame   0x00000bcc       0x34 src/hpdl1414.o
 .debug_frame   0x00000c00       0x3c src/io_setup.o
 .debug_frame   0x00000c3c       0x3c src/main.o
 .debug_frame   0x00000c78       0x7c src/rtc.o
 .debug_frame   0x00000cf4       0xc0 src/stm32f10x_it.o
 .debug_frame   0x00000db4       0x3c src/system_stm32f10x.o
 .debug_frame   0x00000df0      0x284 src/uart.o
 .debug_frame   0x00001074       0x2c d:/apps/ac6/systemworkbench/plugins/fr.ac6.mcu.externaltools.arm-none.win32_1.17.0.201812190825/tools/compiler/bin/../lib/gcc/arm-none-eabi/7.3.1/../../../../arm-none-eabi/lib/thumb/v7-m\libc.a(lib_a-init.o)
 .debug_frame   0x000010a0       0x40 d:/apps/ac6/systemworkbench/plugins/fr.ac6.mcu.externaltools.arm-none.win32_1.17.0.201812190825/tools/compiler/bin/../lib/gcc/arm-none-eabi/7.3.1/../../../../arm-none-eabi/lib/thumb/v7-m\libc.a(lib_a-memmove.o)
 .debug_frame   0x000010e0       0x38 d:/apps/ac6/systemworkbench/plugins/fr.ac6.mcu.externaltools.arm-none.win32_1.17.0.201812190825/tools/compiler/bin/../lib/gcc/arm-none-eabi/7.3.1/../../../../arm-none-eabi/lib/thumb/v7-m\libc.a(lib_a-memset.o)
 .debug_frame   0x00001118       0x5c d:/apps/ac6/systemworkbench/plugins/fr.ac6.mcu.externaltools.arm-none.win32_1.17.0.201812190825/tools/compiler/bin/../lib/gcc/arm-none-eabi/7.3.1/../../../../arm-none-eabi/lib/thumb/v7-m\libc.a(lib_a-__call_atexit.o)
 .debug_frame   0x00001174       0x20 d:/apps/ac6/systemworkbench/plugins/fr.ac6.mcu.externaltools.arm-none.win32_1.17.0.201812190825/tools/compiler/bin/../lib/gcc/arm-none-eabi/7.3.1/../../../../arm-none-eabi/lib/thumb/v7-m\libc.a(lib_a-atexit.o)
 .debug_frame   0x00001194       0x34 d:/apps/ac6/systemworkbench/plugins/fr.ac6.mcu.externaltools.arm-none.win32_1.17.0.201812190825/tools/compiler/bin/../lib/gcc/arm-none-eabi/7.3.1/../../../../arm-none-eabi/lib/thumb/v7-m\libc.a(lib_a-fini.o)
 .debug_frame   0x000011c8       0xb0 d:/apps/ac6/systemworkbench/plugins/fr.ac6.mcu.externaltools.arm-none.win32_1.17.0.201812190825/tools/compiler/bin/../lib/gcc/arm-none-eabi/7.3.1/../../../../arm-none-eabi/lib/thumb/v7-m\libc.a(lib_a-lock.o)
 .debug_frame   0x00001278       0x34 d:/apps/ac6/systemworkbench/plugins/fr.ac6.mcu.externaltools.arm-none.win32_1.17.0.201812190825/tools/compiler/bin/../lib/gcc/arm-none-eabi/7.3.1/../../../../arm-none-eabi/lib/thumb/v7-m\libc.a(lib_a-__atexit.o)
