Archive member included to satisfy reference by file (symbol)

d:/apps/ac6/plugins/fr.ac6.mcu.externaltools.arm-none.win32_1.17.0.201812190825/tools/compiler/bin/../lib/gcc/arm-none-eabi/7.3.1/../../../../arm-none-eabi/lib/thumb/v7-m\libc.a(lib_a-exit.o)
                              d:/apps/ac6/plugins/fr.ac6.mcu.externaltools.arm-none.win32_1.17.0.201812190825/tools/compiler/bin/../lib/gcc/arm-none-eabi/7.3.1/../../../../arm-none-eabi/lib/thumb/v7-m/crt0.o (exit)
d:/apps/ac6/plugins/fr.ac6.mcu.externaltools.arm-none.win32_1.17.0.201812190825/tools/compiler/bin/../lib/gcc/arm-none-eabi/7.3.1/../../../../arm-none-eabi/lib/thumb/v7-m\libc.a(lib_a-impure.o)
                              d:/apps/ac6/plugins/fr.ac6.mcu.externaltools.arm-none.win32_1.17.0.201812190825/tools/compiler/bin/../lib/gcc/arm-none-eabi/7.3.1/../../../../arm-none-eabi/lib/thumb/v7-m\libc.a(lib_a-exit.o) (_global_impure_ptr)
d:/apps/ac6/plugins/fr.ac6.mcu.externaltools.arm-none.win32_1.17.0.201812190825/tools/compiler/bin/../lib/gcc/arm-none-eabi/7.3.1/../../../../arm-none-eabi/lib/thumb/v7-m\libc.a(lib_a-init.o)
                              d:/apps/ac6/plugins/fr.ac6.mcu.externaltools.arm-none.win32_1.17.0.201812190825/tools/compiler/bin/../lib/gcc/arm-none-eabi/7.3.1/../../../../arm-none-eabi/lib/thumb/v7-m/crt0.o (__libc_init_array)
d:/apps/ac6/plugins/fr.ac6.mcu.externaltools.arm-none.win32_1.17.0.201812190825/tools/compiler/bin/../lib/gcc/arm-none-eabi/7.3.1/../../../../arm-none-eabi/lib/thumb/v7-m\libc.a(lib_a-memcpy.o)
                              ./src/main.o (memcpy)
d:/apps/ac6/plugins/fr.ac6.mcu.externaltools.arm-none.win32_1.17.0.201812190825/tools/compiler/bin/../lib/gcc/arm-none-eabi/7.3.1/../../../../arm-none-eabi/lib/thumb/v7-m\libc.a(lib_a-memmove.o)
                              ./src/main.o (memmove)
d:/apps/ac6/plugins/fr.ac6.mcu.externaltools.arm-none.win32_1.17.0.201812190825/tools/compiler/bin/../lib/gcc/arm-none-eabi/7.3.1/../../../../arm-none-eabi/lib/thumb/v7-m\libc.a(lib_a-memset.o)
                              d:/apps/ac6/plugins/fr.ac6.mcu.externaltools.arm-none.win32_1.17.0.201812190825/tools/compiler/bin/../lib/gcc/arm-none-eabi/7.3.1/../../../../arm-none-eabi/lib/thumb/v7-m/crt0.o (memset)
d:/apps/ac6/plugins/fr.ac6.mcu.externaltools.arm-none.win32_1.17.0.201812190825/tools/compiler/bin/../lib/gcc/arm-none-eabi/7.3.1/../../../../arm-none-eabi/lib/thumb/v7-m\libc.a(lib_a-__call_atexit.o)
                              d:/apps/ac6/plugins/fr.ac6.mcu.externaltools.arm-none.win32_1.17.0.201812190825/tools/compiler/bin/../lib/gcc/arm-none-eabi/7.3.1/../../../../arm-none-eabi/lib/thumb/v7-m\libc.a(lib_a-exit.o) (__call_exitprocs)
d:/apps/ac6/plugins/fr.ac6.mcu.externaltools.arm-none.win32_1.17.0.201812190825/tools/compiler/bin/../lib/gcc/arm-none-eabi/7.3.1/../../../../arm-none-eabi/lib/thumb/v7-m\libc.a(lib_a-atexit.o)
                              d:/apps/ac6/plugins/fr.ac6.mcu.externaltools.arm-none.win32_1.17.0.201812190825/tools/compiler/bin/../lib/gcc/arm-none-eabi/7.3.1/../../../../arm-none-eabi/lib/thumb/v7-m\libc.a(lib_a-__call_atexit.o) (atexit)
d:/apps/ac6/plugins/fr.ac6.mcu.externaltools.arm-none.win32_1.17.0.201812190825/tools/compiler/bin/../lib/gcc/arm-none-eabi/7.3.1/../../../../arm-none-eabi/lib/thumb/v7-m\libc.a(lib_a-fini.o)
                              d:/apps/ac6/plugins/fr.ac6.mcu.externaltools.arm-none.win32_1.17.0.201812190825/tools/compiler/bin/../lib/gcc/arm-none-eabi/7.3.1/../../../../arm-none-eabi/lib/thumb/v7-m\libc.a(lib_a-__call_atexit.o) (__libc_fini_array)
d:/apps/ac6/plugins/fr.ac6.mcu.externaltools.arm-none.win32_1.17.0.201812190825/tools/compiler/bin/../lib/gcc/arm-none-eabi/7.3.1/../../../../arm-none-eabi/lib/thumb/v7-m\libc.a(lib_a-lock.o)
                              d:/apps/ac6/plugins/fr.ac6.mcu.externaltools.arm-none.win32_1.17.0.201812190825/tools/compiler/bin/../lib/gcc/arm-none-eabi/7.3.1/../../../../arm-none-eabi/lib/thumb/v7-m\libc.a(lib_a-__call_atexit.o) (__retarget_lock_acquire_recursive)
d:/apps/ac6/plugins/fr.ac6.mcu.externaltools.arm-none.win32_1.17.0.201812190825/tools/compiler/bin/../lib/gcc/arm-none-eabi/7.3.1/../../../../arm-none-eabi/lib/thumb/v7-m\libc.a(lib_a-__atexit.o)
                              d:/apps/ac6/plugins/fr.ac6.mcu.externaltools.arm-none.win32_1.17.0.201812190825/tools/compiler/bin/../lib/gcc/arm-none-eabi/7.3.1/../../../../arm-none-eabi/lib/thumb/v7-m\libc.a(lib_a-atexit.o) (__register_exitproc)

Allocating common symbols
Common symbol       size              file

__lock___atexit_recursive_mutex
                    0x1               d:/apps/ac6/plugins/fr.ac6.mcu.externaltools.arm-none.win32_1.17.0.201812190825/tools/compiler/bin/../lib/gcc/arm-none-eabi/7.3.1/../../../../arm-none-eabi/lib/thumb/v7-m\libc.a(lib_a-lock.o)
__lock___arc4random_mutex
[...]
Memory Configuration

Name             Origin             Length             Attributes
RAM              0x20000000         0x00001000         xrw
ROM              0x08000000         0x00008000         xr
*default*        0x00000000         0xffffffff

Linker script and memory map

LOAD d:/apps/ac6/plugins/fr.ac6.mcu.externaltools.arm-none.win32_1.17.0.201812190825/tools/compiler/bin/../lib/gcc/arm-none-eabi/7.3.1/thumb/v7-m/crti.o
LOAD d:/apps/ac6/plugins/fr.ac6.mcu.externaltools.arm-none.win32_1.17.0.201812190825/tools/compiler/bin/../lib/gcc/arm-none-eabi/7.3.1/thumb/v7-m/crtbegin.o
LOAD d:/apps/ac6/plugins/fr.ac6.mcu.externaltools.arm-none.win32_1.17.0.201812190825/tools/compiler/bin/../lib/gcc/arm-none-eabi/7.3.1/../../../../arm-none-eabi/lib/thumb/v7-m/crt0.o
LOAD d:/apps/ac6/plugins/fr.ac6.mcu.externaltools.arm-none.win32_1.17.0.201812190825/tools/compiler/bin/../lib/gcc/arm-none-eabi/7.3.1/../../../../arm-none-eabi/lib/thumb/v7-m\libm.a
LOAD ./startup/startup_stm32.o
LOAD ./src/at_cmd.o
LOAD ./src/epoch.o
LOAD ./src/hpdl1414.o
LOAD ./src/io_setup.o
LOAD ./src/main.o
LOAD ./src/rtc.o
LOAD ./src/stm32f10x_it.o
LOAD ./src/system_stm32f10x.o
LOAD ./src/uart.o
LOAD ./StdPeriph_Driver/src/misc.o
LOAD ./StdPeriph_Driver/src/stm32f10x_adc.o
LOAD ./StdPeriph_Driver/src/stm32f10x_bkp.o
LOAD ./StdPeriph_Driver/src/stm32f10x_can.o
LOAD ./StdPeriph_Driver/src/stm32f10x_cec.o
LOAD ./StdPeriph_Driver/src/stm32f10x_crc.o
LOAD ./StdPeriph_Driver/src/stm32f10x_dac.o
LOAD ./StdPeriph_Driver/src/stm32f10x_dbgmcu.o
LOAD ./StdPeriph_Driver/src/stm32f10x_dma.o
LOAD ./StdPeriph_Driver/src/stm32f10x_exti.o
LOAD ./StdPeriph_Driver/src/stm32f10x_flash.o
LOAD ./StdPeriph_Driver/src/stm32f10x_fsmc.o
LOAD ./StdPeriph_Driver/src/stm32f10x_gpio.o
LOAD ./StdPeriph_Driver/src/stm32f10x_i2c.o
LOAD ./StdPeriph_Driver/src/stm32f10x_iwdg.o
LOAD ./StdPeriph_Driver/src/stm32f10x_pwr.o
LOAD ./StdPeriph_Driver/src/stm32f10x_rcc.o
LOAD ./StdPeriph_Driver/src/stm32f10x_rtc.o
LOAD ./StdPeriph_Driver/src/stm32f10x_sdio.o
LOAD ./StdPeriph_Driver/src/stm32f10x_spi.o
LOAD ./StdPeriph_Driver/src/stm32f10x_tim.o
LOAD ./StdPeriph_Driver/src/stm32f10x_usart.o
LOAD ./StdPeriph_Driver/src/stm32f10x_wwdg.o
LOAD ./CMSIS/core/core_cm3.o
START GROUP
LOAD d:/apps/ac6/plugins/fr.ac6.mcu.externaltools.arm-none.win32_1.17.0.201812190825/tools/compiler/bin/../lib/gcc/arm-none-eabi/7.3.1/thumb/v7-m\libgcc.a
LOAD d:/apps/ac6/plugins/fr.ac6.mcu.externaltools.arm-none.win32_1.17.0.201812190825/tools/compiler/bin/../lib/gcc/arm-none-eabi/7.3.1/../../../../arm-none-eabi/lib/thumb/v7-m\libc.a
END GROUP
LOAD d:/apps/ac6/plugins/fr.ac6.mcu.externaltools.arm-none.win32_1.17.0.201812190825/tools/compiler/bin/../lib/gcc/arm-none-eabi/7.3.1/thumb/v7-m/crtend.o
LOAD d:/apps/ac6/plugins/fr.ac6.mcu.externaltools.arm-none.win32_1.17.0.201812190825/tools/compiler/bin/../lib/gcc/arm-none-eabi/7.3.1/thumb/v7-m/crtn.o
                0x20001000                _estack = 0x20001000
                0x00000000                _Min_Heap_Size = 0x0
                0x00000400                _Min_Stack_Size = 0x400

.isr_vector     0x08000000      0x130
                0x08000000                . = ALIGN (0x4)
 *(.isr_vector)
 .isr_vector    0x08000000      0x130 ./startup/startup_stm32.o
                0x08000000                g_pfnVectors
                0x08000130                . = ALIGN (0x4)

.text           0x08000130     0x1e94
                0x08000130                . = ALIGN (0x4)
 *(.text)
 .text          0x08000130       0x40 d:/apps/ac6/plugins/fr.ac6.mcu.externaltools.arm-none.win32_1.17.0.201812190825/tools/compiler/bin/../lib/gcc/arm-none-eabi/7.3.1/thumb/v7-m/crtbegin.o
 .text          0x08000170       0xec d:/apps/ac6/plugins/fr.ac6.mcu.externaltools.arm-none.win32_1.17.0.201812190825/tools/compiler/bin/../lib/gcc/arm-none-eabi/7.3.1/../../../../arm-none-eabi/lib/thumb/v7-m\libc.a(lib_a-memcpy.o)
                0x08000170                memcpy
 *(.text*)
 .text.Reset_Handler
                0x0800025c       0x50 ./startup/startup_stm32.o
                0x0800025c                Reset_Handler
 .text.Default_Handler
                0x080002ac        0x2 ./startup/startup_stm32.o
                0x080002ac                EXTI2_IRQHandler
                0x080002ac                TIM8_TRG_COM_IRQHandler
                0x080002ac                TIM8_CC_IRQHandler
                0x080002ac                TIM1_CC_IRQHandler
                0x080002ac                TIM6_IRQHandler
                0x080002ac                PVD_IRQHandler
                0x080002ac                SDIO_IRQHandler
                0x080002ac                EXTI3_IRQHandler
                0x080002ac                USB_HP_CAN_TX_IRQHandler
                0x080002ac                EXTI0_IRQHandler
                0x080002ac                I2C2_EV_IRQHandler
                0x080002ac                ADC1_2_IRQHandler
                0x080002ac                SPI1_IRQHandler
                0x080002ac                CAN_SCE_IRQHandler
                0x080002ac                TAMPER_IRQHandler
                0x080002ac                TIM8_UP_IRQHandler
                0x080002ac                DMA2_Channel2_IRQHandler
                0x080002ac                USART3_IRQHandler
                0x080002ac                RTC_IRQHandler
                0x080002ac                DMA1_Channel7_IRQHandler
                0x080002ac                UART5_IRQHandler
                0x080002ac                ADC3_IRQHandler
                0x080002ac                TIM4_IRQHandler
                0x080002ac                CAN_RX1_IRQHandler
                0x080002ac                DMA2_Channel1_IRQHandler
                0x080002ac                I2C1_EV_IRQHandler
                0x080002ac                DMA1_Channel6_IRQHandler
                0x080002ac                UART4_IRQHandler
                0x080002ac                TIM3_IRQHandler
                0x080002ac                RCC_IRQHandler
                0x080002ac                TIM1_TRG_COM_IRQHandler
                0x080002ac                DMA1_Channel1_IRQHandler
                0x080002ac                Default_Handler
                0x080002ac                EXTI15_10_IRQHandler
                0x080002ac                TIM7_IRQHandler
                0x080002ac                TIM5_IRQHandler
                0x080002ac                EXTI9_5_IRQHandler
                0x080002ac                SPI2_IRQHandler
                0x080002ac                USB_LP_CAN_RX0_IRQHandler
                0x080002ac                EXTI4_IRQHandler
                0x080002ac                DMA1_Channel3_IRQHandler
                0x080002ac                FSMC_IRQHandler
                0x080002ac                TIM1_UP_IRQHandler
                0x080002ac                WWDG_IRQHandler
                0x080002ac                TIM2_IRQHandler
                0x080002ac                TIM1_BRK_IRQHandler
                0x080002ac                EXTI1_IRQHandler
                0x080002ac                RTCAlarm_IRQHandler
                0x080002ac                DMA2_Channel4_5_IRQHandler
                0x080002ac                USART2_IRQHandler
                0x080002ac                I2C2_ER_IRQHandler
                0x080002ac                DMA1_Channel2_IRQHandler
                0x080002ac                TIM8_BRK_IRQHandler
                0x080002ac                FLASH_IRQHandler
                0x080002ac                USART1_IRQHandler
                0x080002ac                SPI3_IRQHandler
                0x080002ac                I2C1_ER_IRQHandler
                0x080002ac                DMA2_Channel3_IRQHandler
 *fill*         0x080002ae        0x2 
 .text.AtCmdDataIn
                0x080002b0      0x22c ./src/at_cmd.o
                0x080002b0                AtCmdDataIn
 .text.AtCmdGetCmd
                0x080004dc       0x58 ./src/at_cmd.o
                0x080004dc                AtCmdGetCmd
 .text.AtCmdDumpCmd
                0x08000534       0x1c ./src/at_cmd.o
                0x08000534                AtCmdDumpCmd
 .text.date_time_to_epoch
                0x08000550       0x54 ./src/epoch.o
                0x08000550                date_time_to_epoch
 .text.epoch_to_date_time
                0x080005a4      0x14c ./src/epoch.o
                0x080005a4                epoch_to_date_time
 .text.Hdpl1414Write
                0x080006f0       0x7c ./src/hpdl1414.o
                0x080006f0                Hdpl1414Write
 .text.IoSetup  0x0800076c      0x1c4 ./src/io_setup.o
                0x0800076c                IoSetup
 .text.startup.main
                0x08000930      0x478 ./src/main.o
                0x08000930                main
 .text.RtcGet   0x08000da8       0x2c ./src/rtc.o
                0x08000da8                RtcGet
 .text.RtcSet   0x08000dd4       0x28 ./src/rtc.o
                0x08000dd4                RtcSet
 .text.RtcInit  0x08000dfc       0xa0 ./src/rtc.o
                0x08000dfc                RtcInit
 .text.NMI_Handler
                0x08000e9c        0x4 ./src/stm32f10x_it.o
                0x08000e9c                NMI_Handler
 .text.HardFault_Handler
                0x08000ea0        0x4 ./src/stm32f10x_it.o
                0x08000ea0                HardFault_Handler
 .text.MemManage_Handler
                0x08000ea4        0x4 ./src/stm32f10x_it.o
                0x08000ea4                MemManage_Handler
 .text.BusFault_Handler
                0x08000ea8        0x4 ./src/stm32f10x_it.o
                0x08000ea8                BusFault_Handler
 .text.UsageFault_Handler
                0x08000eac        0x4 ./src/stm32f10x_it.o
                0x08000eac                UsageFault_Handler
 .text.SVC_Handler
                0x08000eb0        0x4 ./src/stm32f10x_it.o
                0x08000eb0                SVC_Handler
 .text.DebugMon_Handler
                0x08000eb4        0x4 ./src/stm32f10x_it.o
                0x08000eb4                DebugMon_Handler
 .text.PendSV_Handler
                0x08000eb8        0x4 ./src/stm32f10x_it.o
                0x08000eb8                PendSV_Handler
 .text.SysTick_Handler
                0x08000ebc        0x4 ./src/stm32f10x_it.o
                0x08000ebc                SysTick_Handler
 .text.DMA1_Channel4_IRQHandler
                0x08000ec0        0x4 ./src/stm32f10x_it.o
                0x08000ec0                DMA1_Channel4_IRQHandler
 .text.DMA1_Channel5_IRQHandler
                0x08000ec4        0x4 ./src/stm32f10x_it.o
                0x08000ec4                DMA1_Channel5_IRQHandler
 .text.SystemInit
                0x08000ec8       0x50 ./src/system_stm32f10x.o
                0x08000ec8                SystemInit
 .text.Uart1Read
                0x08000f18       0x98 ./src/uart.o
                0x08000f18                Uart1Read
 .text.Uart1Peek
                0x08000fb0       0xbc ./src/uart.o
                0x08000fb0                Uart1Peek
 .text.Uart1Write
                0x0800106c      0x1e4 ./src/uart.o
                0x0800106c                Uart1Write
 .text.Uart1ISR
                0x08001250       0xcc ./src/uart.o
                0x08001250                Uart1ISR
 .text.Uart1Init
                0x0800131c      0x108 ./src/uart.o
                0x0800131c                Uart1Init
 .text.NVIC_Init
                0x08001424       0x58 ./StdPeriph_Driver/src/misc.o
                0x08001424                NVIC_Init
 .text.BKP_DeInit
                0x0800147c       0x14 ./StdPeriph_Driver/src/stm32f10x_bkp.o
                0x0800147c                BKP_DeInit
 .text.DMA_DeInit
                0x08001490      0x130 ./StdPeriph_Driver/src/stm32f10x_dma.o
                0x08001490                DMA_DeInit
 .text.DMA_Init
                0x080015c0       0x40 ./StdPeriph_Driver/src/stm32f10x_dma.o
                0x080015c0                DMA_Init
 .text.DMA_Cmd  0x08001600       0x18 ./StdPeriph_Driver/src/stm32f10x_dma.o
                0x08001600                DMA_Cmd
 .text.DMA_ITConfig
                0x08001618       0x14 ./StdPeriph_Driver/src/stm32f10x_dma.o
                0x08001618                DMA_ITConfig
 .text.DMA_GetCurrDataCounter
                0x0800162c        0x8 ./StdPeriph_Driver/src/stm32f10x_dma.o
                0x0800162c                DMA_GetCurrDataCounter
 .text.DMA_GetITStatus
                0x08001634       0x1c ./StdPeriph_Driver/src/stm32f10x_dma.o
                0x08001634                DMA_GetITStatus
 .text.DMA_ClearITPendingBit
                0x08001650       0x14 ./StdPeriph_Driver/src/stm32f10x_dma.o
                0x08001650                DMA_ClearITPendingBit
 .text.GPIO_Init
                0x08001664      0x30c ./StdPeriph_Driver/src/stm32f10x_gpio.o
                0x08001664                GPIO_Init
 .text.GPIO_WriteBit
                0x08001970        0xc ./StdPeriph_Driver/src/stm32f10x_gpio.o
                0x08001970                GPIO_WriteBit
 .text.GPIO_Write
                0x0800197c        0x4 ./StdPeriph_Driver/src/stm32f10x_gpio.o
                0x0800197c                GPIO_Write
 .text.GPIO_PinRemapConfig
                0x08001980       0x6c ./StdPeriph_Driver/src/stm32f10x_gpio.o
                0x08001980                GPIO_PinRemapConfig
 .text.PWR_BackupAccessCmd
                0x080019ec        0xc ./StdPeriph_Driver/src/stm32f10x_pwr.o
                0x080019ec                PWR_BackupAccessCmd
 .text.RCC_LSEConfig
                0x080019f8       0x20 ./StdPeriph_Driver/src/stm32f10x_rcc.o
                0x080019f8                RCC_LSEConfig
 .text.RCC_LSICmd
                0x08001a18        0xc ./StdPeriph_Driver/src/stm32f10x_rcc.o
                0x08001a18                RCC_LSICmd
 .text.RCC_RTCCLKConfig
                0x08001a24       0x10 ./StdPeriph_Driver/src/stm32f10x_rcc.o
                0x08001a24                RCC_RTCCLKConfig
 .text.RCC_RTCCLKCmd
                0x08001a34        0xc ./StdPeriph_Driver/src/stm32f10x_rcc.o
                0x08001a34                RCC_RTCCLKCmd
 .text.RCC_GetClocksFreq
                0x08001a40       0x8c ./StdPeriph_Driver/src/stm32f10x_rcc.o
                0x08001a40                RCC_GetClocksFreq
 .text.RCC_AHBPeriphClockCmd
                0x08001acc       0x18 ./StdPeriph_Driver/src/stm32f10x_rcc.o
                0x08001acc                RCC_AHBPeriphClockCmd
 .text.RCC_APB2PeriphClockCmd
                0x08001ae4       0x18 ./StdPeriph_Driver/src/stm32f10x_rcc.o
                0x08001ae4                RCC_APB2PeriphClockCmd
 .text.RCC_APB1PeriphClockCmd
                0x08001afc       0x18 ./StdPeriph_Driver/src/stm32f10x_rcc.o
                0x08001afc                RCC_APB1PeriphClockCmd
 .text.RCC_APB1PeriphResetCmd
                0x08001b14       0x18 ./StdPeriph_Driver/src/stm32f10x_rcc.o
                0x08001b14                RCC_APB1PeriphResetCmd
 .text.RCC_BackupResetCmd
                0x08001b2c        0xc ./StdPeriph_Driver/src/stm32f10x_rcc.o
                0x08001b2c                RCC_BackupResetCmd
 .text.RCC_GetFlagStatus
                0x08001b38       0x34 ./StdPeriph_Driver/src/stm32f10x_rcc.o
                0x08001b38                RCC_GetFlagStatus
 .text.RTC_ITConfig
                0x08001b6c       0x1c ./StdPeriph_Driver/src/stm32f10x_rtc.o
                0x08001b6c                RTC_ITConfig
 .text.RTC_GetCounter
                0x08001b88       0x10 ./StdPeriph_Driver/src/stm32f10x_rtc.o
                0x08001b88                RTC_GetCounter
 .text.RTC_SetCounter
                0x08001b98       0x24 ./StdPeriph_Driver/src/stm32f10x_rtc.o
                0x08001b98                RTC_SetCounter
 .text.RTC_SetPrescaler
                0x08001bbc       0x28 ./StdPeriph_Driver/src/stm32f10x_rtc.o
                0x08001bbc                RTC_SetPrescaler
 .text.RTC_WaitForLastTask
                0x08001be4       0x10 ./StdPeriph_Driver/src/stm32f10x_rtc.o
                0x08001be4                RTC_WaitForLastTask
 .text.RTC_WaitForSynchro
                0x08001bf4       0x1c ./StdPeriph_Driver/src/stm32f10x_rtc.o
                0x08001bf4                RTC_WaitForSynchro
 .text.USART_Init
                0x08001c10       0xb4 ./StdPeriph_Driver/src/stm32f10x_usart.o
                0x08001c10                USART_Init
 .text.USART_Cmd
                0x08001cc4       0x18 ./StdPeriph_Driver/src/stm32f10x_usart.o
                0x08001cc4                USART_Cmd
 .text.USART_DMACmd
                0x08001cdc       0x14 ./StdPeriph_Driver/src/stm32f10x_usart.o
                0x08001cdc                USART_DMACmd
 .text.__libc_init_array
                0x08001cf0       0x48 d:/apps/ac6/plugins/fr.ac6.mcu.externaltools.arm-none.win32_1.17.0.201812190825/tools/compiler/bin/../lib/gcc/arm-none-eabi/7.3.1/../../../../arm-none-eabi/lib/thumb/v7-m\libc.a(lib_a-init.o)
                0x08001cf0                __libc_init_array
 .text.memmove  0x08001d38       0xc4 d:/apps/ac6/plugins/fr.ac6.mcu.externaltools.arm-none.win32_1.17.0.201812190825/tools/compiler/bin/../lib/gcc/arm-none-eabi/7.3.1/../../../../arm-none-eabi/lib/thumb/v7-m\libc.a(lib_a-memmove.o)
                0x08001d38                memmove
 .text.memset   0x08001dfc       0x94 d:/apps/ac6/plugins/fr.ac6.mcu.externaltools.arm-none.win32_1.17.0.201812190825/tools/compiler/bin/../lib/gcc/arm-none-eabi/7.3.1/../../../../arm-none-eabi/lib/thumb/v7-m\libc.a(lib_a-memset.o)
                0x08001dfc                memset
 .text.startup.register_fini
                0x08001e90       0x14 d:/apps/ac6/plugins/fr.ac6.mcu.externaltools.arm-none.win32_1.17.0.201812190825/tools/compiler/bin/../lib/gcc/arm-none-eabi/7.3.1/../../../../arm-none-eabi/lib/thumb/v7-m\libc.a(lib_a-__call_atexit.o)
 .text.atexit   0x08001ea4        0xc d:/apps/ac6/plugins/fr.ac6.mcu.externaltools.arm-none.win32_1.17.0.201812190825/tools/compiler/bin/../lib/gcc/arm-none-eabi/7.3.1/../../../../arm-none-eabi/lib/thumb/v7-m\libc.a(lib_a-atexit.o)
                0x08001ea4                atexit
 .text.__libc_fini_array
                0x08001eb0       0x34 d:/apps/ac6/plugins/fr.ac6.mcu.externaltools.arm-none.win32_1.17.0.201812190825/tools/compiler/bin/../lib/gcc/arm-none-eabi/7.3.1/../../../../arm-none-eabi/lib/thumb/v7-m\libc.a(lib_a-fini.o)
                0x08001eb0                __libc_fini_array
 .text.__retarget_lock_acquire_recursive
                0x08001ee4        0x4 d:/apps/ac6/plugins/fr.ac6.mcu.externaltools.arm-none.win32_1.17.0.201812190825/tools/compiler/bin/../lib/gcc/arm-none-eabi/7.3.1/../../../../arm-none-eabi/lib/thumb/v7-m\libc.a(lib_a-lock.o)
                0x08001ee4                __retarget_lock_acquire_recursive
 .text.__retarget_lock_release_recursive
                0x08001ee8        0x4 d:/apps/ac6/plugins/fr.ac6.mcu.externaltools.arm-none.win32_1.17.0.201812190825/tools/compiler/bin/../lib/gcc/arm-none-eabi/7.3.1/../../../../arm-none-eabi/lib/thumb/v7-m\libc.a(lib_a-lock.o)
                0x08001ee8                __retarget_lock_release_recursive
 .text.__register_exitproc
                0x08001eec       0xc0 d:/apps/ac6/plugins/fr.ac6.mcu.externaltools.arm-none.win32_1.17.0.201812190825/tools/compiler/bin/../lib/gcc/arm-none-eabi/7.3.1/../../../../arm-none-eabi/lib/thumb/v7-m\libc.a(lib_a-__atexit.o)
                0x08001eec                __register_exitproc
 *(.glue_7)
 .glue_7        0x08001fac        0x0 linker stubs
 *(.glue_7t)
 .glue_7t       0x08001fac        0x0 linker stubs
 *(.eh_frame)
 .eh_frame      0x08001fac        0x0 d:/apps/ac6/plugins/fr.ac6.mcu.externaltools.arm-none.win32_1.17.0.201812190825/tools/compiler/bin/../lib/gcc/arm-none-eabi/7.3.1/thumb/v7-m/crtbegin.o
 *(.init)
 .init          0x08001fac        0x4 d:/apps/ac6/plugins/fr.ac6.mcu.externaltools.arm-none.win32_1.17.0.201812190825/tools/compiler/bin/../lib/gcc/arm-none-eabi/7.3.1/thumb/v7-m/crti.o
                0x08001fac                _init
 .init          0x08001fb0        0x8 d:/apps/ac6/plugins/fr.ac6.mcu.externaltools.arm-none.win32_1.17.0.201812190825/tools/compiler/bin/../lib/gcc/arm-none-eabi/7.3.1/thumb/v7-m/crtn.o
 *(.fini)
 .fini          0x08001fb8        0x4 d:/apps/ac6/plugins/fr.ac6.mcu.externaltools.arm-none.win32_1.17.0.201812190825/tools/compiler/bin/../lib/gcc/arm-none-eabi/7.3.1/thumb/v7-m/crti.o
                0x08001fb8                _fini
 .fini          0x08001fbc        0x8 d:/apps/ac6/plugins/fr.ac6.mcu.externaltools.arm-none.win32_1.17.0.201812190825/tools/compiler/bin/../lib/gcc/arm-none-eabi/7.3.1/thumb/v7-m/crtn.o
                0x08001fc4                . = ALIGN (0x4)
                0x08001fc4                _etext = .

.vfp11_veneer   0x08001fc4        0x0
 .vfp11_veneer  0x08001fc4        0x0 linker stubs

.v4_bx          0x08001fc4        0x0
 .v4_bx         0x08001fc4        0x0 linker stubs

.iplt           0x08001fc4        0x0
 .iplt          0x08001fc4        0x0 d:/apps/ac6/plugins/fr.ac6.mcu.externaltools.arm-none.win32_1.17.0.201812190825/tools/compiler/bin/../lib/gcc/arm-none-eabi/7.3.1/thumb/v7-m/crtbegin.o

.rodata         0x08001fc4      0x154
                0x08001fc4                . = ALIGN (0x4)
 *(.rodata)
 .rodata        0x08001fc4       0x44 ./src/at_cmd.o
                0x08001fc4                _at_cmds
                0x08001ffc                _at_cmds_lens
 .rodata        0x08002008       0x60 ./src/epoch.o
                0x08002008                days
 .rodata        0x08002068       0x8a ./src/main.o
 *(.rodata*)
 *fill*         0x080020f2        0x2 
 .rodata.str1.4
                0x080020f4       0x20 ./src/main.o
                                 0x1f (size before relaxing)
 .rodata._global_impure_ptr
                0x08002114        0x4 d:/apps/ac6/plugins/fr.ac6.mcu.externaltools.arm-none.win32_1.17.0.201812190825/tools/compiler/bin/../lib/gcc/arm-none-eabi/7.3.1/../../../../arm-none-eabi/lib/thumb/v7-m\libc.a(lib_a-impure.o)
                0x08002114                _global_impure_ptr
                0x08002118                . = ALIGN (0x4)

.rel.dyn        0x08002118        0x0
 .rel.iplt      0x08002118        0x0 d:/apps/ac6/plugins/fr.ac6.mcu.externaltools.arm-none.win32_1.17.0.201812190825/tools/compiler/bin/../lib/gcc/arm-none-eabi/7.3.1/thumb/v7-m/crtbegin.o

.ARM.extab      0x08002118        0x0
                0x08002118                . = ALIGN (0x4)
 *(.ARM.extab* .gnu.linkonce.armextab.*)
                0x08002118                . = ALIGN (0x4)

.ARM            0x08002118        0x0
                0x08002118                . = ALIGN (0x4)
                0x08002118                __exidx_start = .
 *(.ARM.exidx*)
                0x08002118                __exidx_end = .
                0x08002118                . = ALIGN (0x4)

.preinit_array  0x08002118        0x0
                0x08002118                . = ALIGN (0x4)
                0x08002118                PROVIDE (__preinit_array_start = .)
 *(.preinit_array*)
                0x08002118                PROVIDE (__preinit_array_end = .)
                0x08002118                . = ALIGN (0x4)

.init_array     0x08002118        0x8
                0x08002118                . = ALIGN (0x4)
                0x08002118                PROVIDE (__init_array_start = .)
 *(SORT_BY_NAME(.init_array.*))
 .init_array.00000
                0x08002118        0x4 d:/apps/ac6/plugins/fr.ac6.mcu.externaltools.arm-none.win32_1.17.0.201812190825/tools/compiler/bin/../lib/gcc/arm-none-eabi/7.3.1/../../../../arm-none-eabi/lib/thumb/v7-m\libc.a(lib_a-__call_atexit.o)
 *(.init_array*)
 .init_array    0x0800211c        0x4 d:/apps/ac6/plugins/fr.ac6.mcu.externaltools.arm-none.win32_1.17.0.201812190825/tools/compiler/bin/../lib/gcc/arm-none-eabi/7.3.1/thumb/v7-m/crtbegin.o
                0x08002120                PROVIDE (__init_array_end = .)
                0x08002120                . = ALIGN (0x4)

.fini_array     0x08002120        0x4
                0x08002120                . = ALIGN (0x4)
                0x08002120                PROVIDE (__fini_array_start = .)
 *(SORT_BY_NAME(.fini_array.*))
 *(.fini_array*)
 .fini_array    0x08002120        0x4 d:/apps/ac6/plugins/fr.ac6.mcu.externaltools.arm-none.win32_1.17.0.201812190825/tools/compiler/bin/../lib/gcc/arm-none-eabi/7.3.1/thumb/v7-m/crtbegin.o
                0x08002124                PROVIDE (__fini_array_end = .)
                0x08002124                . = ALIGN (0x4)
                0x08002124                _sidata = LOADADDR (.data)

.data           0x20000000      0x444 load address 0x08002124
                0x20000000                . = ALIGN (0x4)
                0x20000000                _sdata = .
 *(.data)
 .data          0x20000000        0x1 ./src/at_cmd.o
 *fill*         0x20000001        0x3 
 .data          0x20000004       0x14 ./StdPeriph_Driver/src/stm32f10x_rcc.o
 *(.data*)
 .data.impure_data
                0x20000018      0x428 d:/apps/ac6/plugins/fr.ac6.mcu.externaltools.arm-none.win32_1.17.0.201812190825/tools/compiler/bin/../lib/gcc/arm-none-eabi/7.3.1/../../../../arm-none-eabi/lib/thumb/v7-m\libc.a(lib_a-impure.o)
 .data.__atexit_recursive_mutex
                0x20000440        0x4 d:/apps/ac6/plugins/fr.ac6.mcu.externaltools.arm-none.win32_1.17.0.201812190825/tools/compiler/bin/../lib/gcc/arm-none-eabi/7.3.1/../../../../arm-none-eabi/lib/thumb/v7-m\libc.a(lib_a-__call_atexit.o)
                0x20000440                __atexit_recursive_mutex
                0x20000444                . = ALIGN (0x4)
                0x20000444                _edata = .

.igot.plt       0x20000444        0x0 load address 0x08002568
 .igot.plt      0x20000444        0x0 d:/apps/ac6/plugins/fr.ac6.mcu.externaltools.arm-none.win32_1.17.0.201812190825/tools/compiler/bin/../lib/gcc/arm-none-eabi/7.3.1/thumb/v7-m/crtbegin.o
                0x20000444                . = ALIGN (0x4)

.bss            0x20000444      0x4d8 load address 0x08002568
                0x20000444                _sbss = .
                0x20000444                __bss_start__ = _sbss
 *(.bss)
 .bss           0x20000444       0x1c d:/apps/ac6/plugins/fr.ac6.mcu.externaltools.arm-none.win32_1.17.0.201812190825/tools/compiler/bin/../lib/gcc/arm-none-eabi/7.3.1/thumb/v7-m/crtbegin.o
 .bss           0x20000460       0x69 ./src/at_cmd.o
 *fill*         0x200004c9        0x3 
 .bss           0x200004cc       0x20 ./src/uart.o
                0x200004d0                uart1_rx_buffer_p
                0x200004d4                uart1_end_callback
                0x200004d8                uart1_tx_in_use_p
                0x200004dc                uart1_tx_buffer_len
                0x200004e4                uart1_tx_running
                0x200004e8                uart1_nvic_val
 *(.bss*)
 *(COMMON)
 COMMON         0x200004ec      0x409 ./src/uart.o
                0x200004ec                uart1_tx_buffer
                0x200006ec                uart1_rx_buffer
 *fill*         0x200008f5        0x3 
 COMMON         0x200008f8       0x21 d:/apps/ac6/plugins/fr.ac6.mcu.externaltools.arm-none.win32_1.17.0.201812190825/tools/compiler/bin/../lib/gcc/arm-none-eabi/7.3.1/../../../../arm-none-eabi/lib/thumb/v7-m\libc.a(lib_a-lock.o)
                0x200008f8                __lock___atexit_recursive_mutex
                0x200008fc                __lock___arc4random_mutex
                0x20000900                __lock___env_recursive_mutex
                0x20000904                __lock___sinit_recursive_mutex
                0x20000908                __lock___malloc_recursive_mutex
                0x2000090c                __lock___at_quick_exit_mutex
                0x20000910                __lock___dd_hash_mutex
                0x20000914                __lock___tz_mutex
                0x20000918                __lock___sfp_recursive_mutex
                0x2000091c                . = ALIGN (0x4)
 *fill*         0x20000919        0x3 
                0x2000091c                _ebss = .
                0x2000091c                __bss_end__ = _ebss

._user_heap_stack
                0x2000091c      0x404 load address 0x08002568
                0x20000920                . = ALIGN (0x8)
 *fill*         0x2000091c        0x4 
                [!provide]                PROVIDE (end = .)
                [!provide]                PROVIDE (_end = .)
                0x20000920                . = (. + _Min_Heap_Size)
                0x20000d20                . = (. + _Min_Stack_Size)
 *fill*         0x20000920      0x400 
                0x20000d20                . = ALIGN (0x8)

/DISCARD/
 libc.a(*)
 libm.a(*)
 libgcc.a(*)

.ARM.attributes
                0x00000000       0x29
 *(.ARM.attributes)
 .ARM.attributes
                0x00000000       0x1d d:/apps/ac6/plugins/fr.ac6.mcu.externaltools.arm-none.win32_1.17.0.201812190825/tools/compiler/bin/../lib/gcc/arm-none-eabi/7.3.1/thumb/v7-m/crti.o
 .ARM.attributes
                0x0000001d       0x2d d:/apps/ac6/plugins/fr.ac6.mcu.externaltools.arm-none.win32_1.17.0.201812190825/tools/compiler/bin/../lib/gcc/arm-none-eabi/7.3.1/thumb/v7-m/crtbegin.o
 .ARM.attributes
                0x0000004a       0x21 ./startup/startup_stm32.o
 .ARM.attributes
                0x0000006b       0x33 ./src/at_cmd.o
 .ARM.attributes
                0x0000009e       0x33 ./src/epoch.o
 .ARM.attributes
                0x000000d1       0x33 ./src/hpdl1414.o
 .ARM.attributes
                0x00000104       0x33 ./src/io_setup.o
 .ARM.attributes
                0x00000137       0x33 ./src/main.o
 .ARM.attributes
                0x0000016a       0x33 ./src/rtc.o
 .ARM.attributes
                0x0000019d       0x33 ./src/stm32f10x_it.o
 .ARM.attributes
                0x000001d0       0x33 ./src/system_stm32f10x.o
 .ARM.attributes
                0x00000203       0x33 ./src/uart.o
 .ARM.attributes
                0x00000236       0x33 ./StdPeriph_Driver/src/misc.o
 .ARM.attributes
                0x00000269       0x33 ./StdPeriph_Driver/src/stm32f10x_bkp.o
 .ARM.attributes
                0x0000029c       0x33 ./StdPeriph_Driver/src/stm32f10x_dma.o
 .ARM.attributes
                0x000002cf       0x33 ./StdPeriph_Driver/src/stm32f10x_gpio.o
 .ARM.attributes
                0x00000302       0x33 ./StdPeriph_Driver/src/stm32f10x_pwr.o
 .ARM.attributes
                0x00000335       0x33 ./StdPeriph_Driver/src/stm32f10x_rcc.o
 .ARM.attributes
                0x00000368       0x33 ./StdPeriph_Driver/src/stm32f10x_rtc.o
 .ARM.attributes
                0x0000039b       0x33 ./StdPeriph_Driver/src/stm32f10x_usart.o
 .ARM.attributes
                0x000003ce       0x2d d:/apps/ac6/plugins/fr.ac6.mcu.externaltools.arm-none.win32_1.17.0.201812190825/tools/compiler/bin/../lib/gcc/arm-none-eabi/7.3.1/../../../../arm-none-eabi/lib/thumb/v7-m\libc.a(lib_a-impure.o)
 .ARM.attributes
                0x000003fb       0x2d d:/apps/ac6/plugins/fr.ac6.mcu.externaltools.arm-none.win32_1.17.0.201812190825/tools/compiler/bin/../lib/gcc/arm-none-eabi/7.3.1/../../../../arm-none-eabi/lib/thumb/v7-m\libc.a(lib_a-init.o)
 .ARM.attributes
                0x00000428       0x1b d:/apps/ac6/plugins/fr.ac6.mcu.externaltools.arm-none.win32_1.17.0.201812190825/tools/compiler/bin/../lib/gcc/arm-none-eabi/7.3.1/../../../../arm-none-eabi/lib/thumb/v7-m\libc.a(lib_a-memcpy.o)
 .ARM.attributes
                0x00000443       0x2d d:/apps/ac6/plugins/fr.ac6.mcu.externaltools.arm-none.win32_1.17.0.201812190825/tools/compiler/bin/../lib/gcc/arm-none-eabi/7.3.1/../../../../arm-none-eabi/lib/thumb/v7-m\libc.a(lib_a-memmove.o)
 .ARM.attributes
                0x00000470       0x2d d:/apps/ac6/plugins/fr.ac6.mcu.externaltools.arm-none.win32_1.17.0.201812190825/tools/compiler/bin/../lib/gcc/arm-none-eabi/7.3.1/../../../../arm-none-eabi/lib/thumb/v7-m\libc.a(lib_a-memset.o)
 .ARM.attributes
                0x0000049d       0x2d d:/apps/ac6/plugins/fr.ac6.mcu.externaltools.arm-none.win32_1.17.0.201812190825/tools/compiler/bin/../lib/gcc/arm-none-eabi/7.3.1/../../../../arm-none-eabi/lib/thumb/v7-m\libc.a(lib_a-__call_atexit.o)
 .ARM.attributes
                0x000004ca       0x2d d:/apps/ac6/plugins/fr.ac6.mcu.externaltools.arm-none.win32_1.17.0.201812190825/tools/compiler/bin/../lib/gcc/arm-none-eabi/7.3.1/../../../../arm-none-eabi/lib/thumb/v7-m\libc.a(lib_a-atexit.o)
 .ARM.attributes
                0x000004f7       0x2d d:/apps/ac6/plugins/fr.ac6.mcu.externaltools.arm-none.win32_1.17.0.201812190825/tools/compiler/bin/../lib/gcc/arm-none-eabi/7.3.1/../../../../arm-none-eabi/lib/thumb/v7-m\libc.a(lib_a-fini.o)
 .ARM.attributes
                0x00000524       0x2d d:/apps/ac6/plugins/fr.ac6.mcu.externaltools.arm-none.win32_1.17.0.201812190825/tools/compiler/bin/../lib/gcc/arm-none-eabi/7.3.1/../../../../arm-none-eabi/lib/thumb/v7-m\libc.a(lib_a-lock.o)
 .ARM.attributes
                0x00000551       0x2d d:/apps/ac6/plugins/fr.ac6.mcu.externaltools.arm-none.win32_1.17.0.201812190825/tools/compiler/bin/../lib/gcc/arm-none-eabi/7.3.1/../../../../arm-none-eabi/lib/thumb/v7-m\libc.a(lib_a-__atexit.o)
 .ARM.attributes
                0x0000057e       0x1d d:/apps/ac6/plugins/fr.ac6.mcu.externaltools.arm-none.win32_1.17.0.201812190825/tools/compiler/bin/../lib/gcc/arm-none-eabi/7.3.1/thumb/v7-m/crtn.o
OUTPUT(HPDL1414_DISPLAY.elf elf32-littlearm)

.debug_line     0x00000000     0x6fe2
 .debug_line    0x00000000       0x7c ./startup/startup_stm32.o
 .debug_line    0x0000007c      0x489 ./src/at_cmd.o
 .debug_line    0x00000505      0x30d ./src/epoch.o
 .debug_line    0x00000812      0x5bb ./src/hpdl1414.o
 .debug_line    0x00000dcd      0x5cc ./src/io_setup.o
 .debug_line    0x00001399      0x7a8 ./src/main.o
 .debug_line    0x00001b41      0x613 ./src/rtc.o
 .debug_line    0x00002154      0x618 ./src/stm32f10x_it.o
 .debug_line    0x0000276c      0x5a0 ./src/system_stm32f10x.o
 .debug_line    0x00002d0c      0x992 ./src/uart.o
 .debug_line    0x0000369e      0x5c6 ./StdPeriph_Driver/src/misc.o
 .debug_line    0x00003c64      0x645 ./StdPeriph_Driver/src/stm32f10x_bkp.o
 .debug_line    0x000042a9      0x695 ./StdPeriph_Driver/src/stm32f10x_dma.o
 .debug_line    0x0000493e      0x8ed ./StdPeriph_Driver/src/stm32f10x_gpio.o
 .debug_line    0x0000522b      0x62f ./StdPeriph_Driver/src/stm32f10x_pwr.o
 .debug_line    0x0000585a      0x873 ./StdPeriph_Driver/src/stm32f10x_rcc.o
 .debug_line    0x000060cd      0x6b5 ./StdPeriph_Driver/src/stm32f10x_rtc.o
 .debug_line    0x00006782      0x860 ./StdPeriph_Driver/src/stm32f10x_usart.o

.debug_info     0x00000000     0x6ce2
 .debug_info    0x00000000       0x22 ./startup/startup_stm32.o
 .debug_info    0x00000022      0x67e ./src/at_cmd.o
 .debug_info    0x000006a0      0x232 ./src/epoch.o
 .debug_info    0x000008d2      0x257 ./src/hpdl1414.o
 .debug_info    0x00000b29      0x5bf ./src/io_setup.o
 .debug_info    0x000010e8      0x756 ./src/main.o
 .debug_info    0x0000183e      0x53d ./src/rtc.o
 .debug_info    0x00001d7b      0x150 ./src/stm32f10x_it.o
 .debug_info    0x00001ecb      0x377 ./src/system_stm32f10x.o
 .debug_info    0x00002242     0x135d ./src/uart.o
 .debug_info    0x0000359f      0x4eb ./StdPeriph_Driver/src/misc.o
 .debug_info    0x00003a8a      0x7d2 ./StdPeriph_Driver/src/stm32f10x_bkp.o
 .debug_info    0x0000425c      0x476 ./StdPeriph_Driver/src/stm32f10x_dma.o
 .debug_info    0x000046d2      0x885 ./StdPeriph_Driver/src/stm32f10x_gpio.o
 .debug_info    0x00004f57      0x49c ./StdPeriph_Driver/src/stm32f10x_pwr.o
 .debug_info    0x000053f3      0x92e ./StdPeriph_Driver/src/stm32f10x_rcc.o
 .debug_info    0x00005d21      0x4a3 ./StdPeriph_Driver/src/stm32f10x_rtc.o
 .debug_info    0x000061c4      0xb1e ./StdPeriph_Driver/src/stm32f10x_usart.o

.debug_abbrev   0x00000000     0x1e98
 .debug_abbrev  0x00000000       0x12 ./startup/startup_stm32.o
 .debug_abbrev  0x00000012      0x1e5 ./src/at_cmd.o
 .debug_abbrev  0x000001f7      0x108 ./src/epoch.o
 .debug_abbrev  0x000002ff      0x129 ./src/hpdl1414.o
 .debug_abbrev  0x00000428      0x140 ./src/io_setup.o
 .debug_abbrev  0x00000568      0x1bc ./src/main.o
 .debug_abbrev  0x00000724      0x149 ./src/rtc.o
 .debug_abbrev  0x0000086d       0xdc ./src/stm32f10x_it.o
 .debug_abbrev  0x00000949      0x17f ./src/system_stm32f10x.o
 .debug_abbrev  0x00000ac8      0x3e7 ./src/uart.o
 .debug_abbrev  0x00000eaf      0x195 ./StdPeriph_Driver/src/misc.o
 .debug_abbrev  0x00001044      0x1ac ./StdPeriph_Driver/src/stm32f10x_bkp.o
 .debug_abbrev  0x000011f0      0x221 ./StdPeriph_Driver/src/stm32f10x_dma.o
 .debug_abbrev  0x00001411      0x21a ./StdPeriph_Driver/src/stm32f10x_gpio.o
 .debug_abbrev  0x0000162b      0x1e2 ./StdPeriph_Driver/src/stm32f10x_pwr.o
 .debug_abbrev  0x0000180d      0x284 ./StdPeriph_Driver/src/stm32f10x_rcc.o
 .debug_abbrev  0x00001a91      0x20b ./StdPeriph_Driver/src/stm32f10x_rtc.o
 .debug_abbrev  0x00001c9c      0x1fc ./StdPeriph_Driver/src/stm32f10x_usart.o

.debug_aranges  0x00000000      0x718
 .debug_aranges
                0x00000000       0x28 ./startup/startup_stm32.o
 .debug_aranges
                0x00000028       0x50 ./src/at_cmd.o
 .debug_aranges
                0x00000078       0x28 ./src/epoch.o
 .debug_aranges
                0x000000a0       0x20 ./src/hpdl1414.o
 .debug_aranges
                0x000000c0       0x20 ./src/io_setup.o
 .debug_aranges
                0x000000e0       0x20 ./src/main.o
 .debug_aranges
                0x00000100       0x38 ./src/rtc.o
 .debug_aranges
                0x00000138       0x48 ./src/stm32f10x_it.o
 .debug_aranges
                0x00000180       0x28 ./src/system_stm32f10x.o
 .debug_aranges
                0x000001a8       0xb8 ./src/uart.o
 .debug_aranges
                0x00000260       0x40 ./StdPeriph_Driver/src/misc.o
 .debug_aranges
                0x000002a0       0x78 ./StdPeriph_Driver/src/stm32f10x_bkp.o
 .debug_aranges
                0x00000318       0x60 ./StdPeriph_Driver/src/stm32f10x_dma.o
 .debug_aranges
                0x00000378       0xa8 ./StdPeriph_Driver/src/stm32f10x_gpio.o
 .debug_aranges
                0x00000420       0x60 ./StdPeriph_Driver/src/stm32f10x_pwr.o
 .debug_aranges
                0x00000480      0x118 ./StdPeriph_Driver/src/stm32f10x_rcc.o
 .debug_aranges
                0x00000598       0x80 ./StdPeriph_Driver/src/stm32f10x_rtc.o
 .debug_aranges
                0x00000618      0x100 ./StdPeriph_Driver/src/stm32f10x_usart.o

.debug_str      0x00000000    0x50df9
 .debug_str     0x00000000       0x5d ./startup/startup_stm32.o
 .debug_str     0x0000005d     0x3cbe ./src/at_cmd.o
                               0x3e7a (size before relaxing)
 .debug_str     0x00003d1b       0x74 ./src/epoch.o
                               0x3cd0 (size before relaxing)
 .debug_str     0x00003d8f    0x49ac1 ./src/hpdl1414.o
                              0x4d73b (size before relaxing)
 .debug_str     0x0004d850      0x183 ./src/io_setup.o
                              0x4d790 (size before relaxing)
 .debug_str     0x0004d9d3      0x185 ./src/main.o
                              0x4d968 (size before relaxing)
 .debug_str     0x0004db58      0x186 ./src/rtc.o
                              0x4d80e (size before relaxing)
 .debug_str     0x0004dcde       0xf3 ./src/stm32f10x_it.o
                              0x4d754 (size before relaxing)
 .debug_str     0x0004ddd1      0x112 ./src/system_stm32f10x.o
                              0x4d2dd (size before relaxing)
 .debug_str     0x0004dee3      0x82b ./src/uart.o
                              0x4dc64 (size before relaxing)
 .debug_str     0x0004e70e      0x169 ./StdPeriph_Driver/src/misc.o
                              0x4d43a (size before relaxing)
 .debug_str     0x0004e877      0x60c ./StdPeriph_Driver/src/stm32f10x_bkp.o
                              0x4d880 (size before relaxing)
 .debug_str     0x0004ee83      0x59d ./StdPeriph_Driver/src/stm32f10x_dma.o
                              0x4d8e2 (size before relaxing)
 .debug_str     0x0004f420      0x455 ./StdPeriph_Driver/src/stm32f10x_gpio.o
                              0x4d7c9 (size before relaxing)
 .debug_str     0x0004f875      0x2a6 ./StdPeriph_Driver/src/stm32f10x_pwr.o
                              0x4d534 (size before relaxing)
 .debug_str     0x0004fb1b      0xa31 ./StdPeriph_Driver/src/stm32f10x_rcc.o
                              0x4dd98 (size before relaxing)
 .debug_str     0x0005054c      0x165 ./StdPeriph_Driver/src/stm32f10x_rtc.o
                              0x4d443 (size before relaxing)
 .debug_str     0x000506b1      0x748 ./StdPeriph_Driver/src/stm32f10x_usart.o
                              0x4db02 (size before relaxing)

.debug_ranges   0x00000000      0xa18
 .debug_ranges  0x00000000       0x20 ./startup/startup_stm32.o
 .debug_ranges  0x00000020      0x190 ./src/at_cmd.o
 .debug_ranges  0x000001b0       0x18 ./src/epoch.o
 .debug_ranges  0x000001c8       0x10 ./src/hpdl1414.o
 .debug_ranges  0x000001d8       0x10 ./src/io_setup.o
 .debug_ranges  0x000001e8       0x30 ./src/main.o
 .debug_ranges  0x00000218       0x28 ./src/rtc.o
 .debug_ranges  0x00000240       0x38 ./src/stm32f10x_it.o
 .debug_ranges  0x00000278       0x18 ./src/system_stm32f10x.o
 .debug_ranges  0x00000290      0x2d0 ./src/uart.o
 .debug_ranges  0x00000560       0x30 ./StdPeriph_Driver/src/misc.o
 .debug_ranges  0x00000590       0x68 ./StdPeriph_Driver/src/stm32f10x_bkp.o
 .debug_ranges  0x000005f8       0x50 ./StdPeriph_Driver/src/stm32f10x_dma.o
 .debug_ranges  0x00000648       0x98 ./StdPeriph_Driver/src/stm32f10x_gpio.o
 .debug_ranges  0x000006e0       0x50 ./StdPeriph_Driver/src/stm32f10x_pwr.o
 .debug_ranges  0x00000730      0x128 ./StdPeriph_Driver/src/stm32f10x_rcc.o
 .debug_ranges  0x00000858       0xd0 ./StdPeriph_Driver/src/stm32f10x_rtc.o
 .debug_ranges  0x00000928       0xf0 ./StdPeriph_Driver/src/stm32f10x_usart.o

.debug_loc      0x00000000     0x42ff
 .debug_loc     0x00000000      0x865 ./src/at_cmd.o
 .debug_loc     0x00000865      0x551 ./src/epoch.o
 .debug_loc     0x00000db6      0x18d ./src/hpdl1414.o
 .debug_loc     0x00000f43      0x21c ./src/main.o
 .debug_loc     0x0000115f       0xc2 ./src/rtc.o
 .debug_loc     0x00001221       0xbc ./src/system_stm32f10x.o
 .debug_loc     0x000012dd      0x960 ./src/uart.o
 .debug_loc     0x00001c3d      0x16b ./StdPeriph_Driver/src/misc.o
 .debug_loc     0x00001da8       0xee ./StdPeriph_Driver/src/stm32f10x_bkp.o
 .debug_loc     0x00001e96      0x12a ./StdPeriph_Driver/src/stm32f10x_dma.o
 .debug_loc     0x00001fc0     0x117b ./StdPeriph_Driver/src/stm32f10x_gpio.o
 .debug_loc     0x0000313b      0x111 ./StdPeriph_Driver/src/stm32f10x_pwr.o
 .debug_loc     0x0000324c      0x6c6 ./StdPeriph_Driver/src/stm32f10x_rcc.o
 .debug_loc     0x00003912      0x1ed ./StdPeriph_Driver/src/stm32f10x_rtc.o
 .debug_loc     0x00003aff      0x800 ./StdPeriph_Driver/src/stm32f10x_usart.o

.debug_macro    0x00000000     0xf3f4
 .debug_macro   0x00000000       0x9a ./src/at_cmd.o
 .debug_macro   0x0000009a      0xa6c ./src/at_cmd.o
 .debug_macro   0x00000b06       0x22 ./src/at_cmd.o
 .debug_macro   0x00000b28       0x8e ./src/at_cmd.o
 .debug_macro   0x00000bb6       0x51 ./src/at_cmd.o
 .debug_macro   0x00000c07       0xef ./src/at_cmd.o
 .debug_macro   0x00000cf6       0x6a ./src/at_cmd.o
 .debug_macro   0x00000d60      0x1df ./src/at_cmd.o
 .debug_macro   0x00000f3f       0x22 ./src/at_cmd.o
 .debug_macro   0x00000f61       0x76 ./src/epoch.o
 .debug_macro   0x00000fd7      0x1a2 ./src/hpdl1414.o
 .debug_macro   0x00001179       0x56 ./src/hpdl1414.o
 .debug_macro   0x000011cf      0x6bd ./src/hpdl1414.o
 .debug_macro   0x0000188c     0x7dbe ./src/hpdl1414.o
 .debug_macro   0x0000964a      0x2df ./src/hpdl1414.o
 .debug_macro   0x00009929      0x144 ./src/hpdl1414.o
 .debug_macro   0x00009a6d      0x3cf ./src/hpdl1414.o
 .debug_macro   0x00009e3c       0xc8 ./src/hpdl1414.o
 .debug_macro   0x00009f04      0x17a ./src/hpdl1414.o
 .debug_macro   0x0000a07e       0xac ./src/hpdl1414.o
 .debug_macro   0x0000a12a      0x3ad ./src/hpdl1414.o
 .debug_macro   0x0000a4d7       0x9a ./src/hpdl1414.o
 .debug_macro   0x0000a571      0x2cf ./src/hpdl1414.o
 .debug_macro   0x0000a840      0x279 ./src/hpdl1414.o
 .debug_macro   0x0000aab9      0x2ac ./src/hpdl1414.o
 .debug_macro   0x0000ad65      0x2b1 ./src/hpdl1414.o
 .debug_macro   0x0000b016       0x64 ./src/hpdl1414.o
 .debug_macro   0x0000b07a       0x82 ./src/hpdl1414.o
 .debug_macro   0x0000b0fc      0x3e2 ./src/hpdl1414.o
 .debug_macro   0x0000b4de       0x58 ./src/hpdl1414.o
 .debug_macro   0x0000b536      0x341 ./src/hpdl1414.o
 .debug_macro   0x0000b877      0x2c4 ./src/hpdl1414.o
 .debug_macro   0x0000bb3b      0x711 ./src/hpdl1414.o
 .debug_macro   0x0000c24c      0x220 ./src/hpdl1414.o
 .debug_macro   0x0000c46c       0x34 ./src/hpdl1414.o
 .debug_macro   0x0000c4a0       0x8b ./src/hpdl1414.o
 .debug_macro   0x0000c52b       0x35 ./src/hpdl1414.o
 .debug_macro   0x0000c560       0xee ./src/hpdl1414.o
 .debug_macro   0x0000c64e      0x192 ./src/io_setup.o
 .debug_macro   0x0000c7e0       0x22 ./src/io_setup.o
 .debug_macro   0x0000c802      0x69f ./src/io_setup.o
 .debug_macro   0x0000cea1      0x2a6 ./src/io_setup.o
 .debug_macro   0x0000d147      0x1cb ./src/main.o
 .debug_macro   0x0000d312       0x16 ./src/main.o
 .debug_macro   0x0000d328      0x19a ./src/rtc.o
 .debug_macro   0x0000d4c2      0x1a0 ./src/stm32f10x_it.o
 .debug_macro   0x0000d662      0x188 ./src/system_stm32f10x.o
 .debug_macro   0x0000d7ea      0x1be ./src/uart.o
 .debug_macro   0x0000d9a8      0x3a7 ./src/uart.o
 .debug_macro   0x0000dd4f      0x18b ./StdPeriph_Driver/src/misc.o
 .debug_macro   0x0000deda       0x85 ./StdPeriph_Driver/src/misc.o
 .debug_macro   0x0000df5f      0x1e3 ./StdPeriph_Driver/src/stm32f10x_bkp.o
 .debug_macro   0x0000e142      0x1dd ./StdPeriph_Driver/src/stm32f10x_dma.o
 .debug_macro   0x0000e31f      0x1d7 ./StdPeriph_Driver/src/stm32f10x_gpio.o
 .debug_macro   0x0000e4f6      0x1cb ./StdPeriph_Driver/src/stm32f10x_pwr.o
 .debug_macro   0x0000e6c1       0x7c ./StdPeriph_Driver/src/stm32f10x_pwr.o
 .debug_macro   0x0000e73d      0x2a1 ./StdPeriph_Driver/src/stm32f10x_rcc.o
 .debug_macro   0x0000e9de      0x3dc ./StdPeriph_Driver/src/stm32f10x_rcc.o
 .debug_macro   0x0000edba      0x191 ./StdPeriph_Driver/src/stm32f10x_rtc.o
 .debug_macro   0x0000ef4b       0x52 ./StdPeriph_Driver/src/stm32f10x_rtc.o
 .debug_macro   0x0000ef9d      0x23d ./StdPeriph_Driver/src/stm32f10x_usart.o
 .debug_macro   0x0000f1da      0x21a ./StdPeriph_Driver/src/stm32f10x_usart.o

.comment        0x00000000       0x7f
 .comment       0x00000000       0x7f ./src/at_cmd.o
                                 0x80 (size before relaxing)
 .comment       0x0000007f       0x80 ./src/epoch.o
 .comment       0x0000007f       0x80 ./src/hpdl1414.o
 .comment       0x0000007f       0x80 ./src/io_setup.o
 .comment       0x0000007f       0x80 ./src/main.o
 .comment       0x0000007f       0x80 ./src/rtc.o
 .comment       0x0000007f       0x80 ./src/stm32f10x_it.o
 .comment       0x0000007f       0x80 ./src/system_stm32f10x.o
 .comment       0x0000007f       0x80 ./src/uart.o
 .comment       0x0000007f       0x80 ./StdPeriph_Driver/src/misc.o
 .comment       0x0000007f       0x80 ./StdPeriph_Driver/src/stm32f10x_bkp.o
 .comment       0x0000007f       0x80 ./StdPeriph_Driver/src/stm32f10x_dma.o
 .comment       0x0000007f       0x80 ./StdPeriph_Driver/src/stm32f10x_gpio.o
 .comment       0x0000007f       0x80 ./StdPeriph_Driver/src/stm32f10x_pwr.o
 .comment       0x0000007f       0x80 ./StdPeriph_Driver/src/stm32f10x_rcc.o
 .comment       0x0000007f       0x80 ./StdPeriph_Driver/src/stm32f10x_rtc.o
 .comment       0x0000007f       0x80 ./StdPeriph_Driver/src/stm32f10x_usart.o

.debug_frame    0x00000000     0x1290
 .debug_frame   0x00000000      0x138 ./src/at_cmd.o
 .debug_frame   0x00000138       0x4c ./src/epoch.o
 .debug_frame   0x00000184       0x34 ./src/hpdl1414.o
 .debug_frame   0x000001b8       0x3c ./src/io_setup.o
 .debug_frame   0x000001f4       0x3c ./src/main.o
 .debug_frame   0x00000230       0x7c ./src/rtc.o
 .debug_frame   0x000002ac       0xc0 ./src/stm32f10x_it.o
 .debug_frame   0x0000036c       0x3c ./src/system_stm32f10x.o
 .debug_frame   0x000003a8      0x284 ./src/uart.o
 .debug_frame   0x0000062c       0x7c ./StdPeriph_Driver/src/misc.o
 .debug_frame   0x000006a8       0xec ./StdPeriph_Driver/src/stm32f10x_bkp.o
 .debug_frame   0x00000794       0xf0 ./StdPeriph_Driver/src/stm32f10x_dma.o
 .debug_frame   0x00000884      0x1b0 ./StdPeriph_Driver/src/stm32f10x_gpio.o
 .debug_frame   0x00000a34       0xb8 ./StdPeriph_Driver/src/stm32f10x_pwr.o
 .debug_frame   0x00000aec      0x224 ./StdPeriph_Driver/src/stm32f10x_rcc.o
 .debug_frame   0x00000d10       0xf0 ./StdPeriph_Driver/src/stm32f10x_rtc.o
 .debug_frame   0x00000e00      0x258 ./StdPeriph_Driver/src/stm32f10x_usart.o
 .debug_frame   0x00001058       0x2c d:/apps/ac6/plugins/fr.ac6.mcu.externaltools.arm-none.win32_1.17.0.201812190825/tools/compiler/bin/../lib/gcc/arm-none-eabi/7.3.1/../../../../arm-none-eabi/lib/thumb/v7-m\libc.a(lib_a-init.o)
 .debug_frame   0x00001084       0x40 d:/apps/ac6/plugins/fr.ac6.mcu.externaltools.arm-none.win32_1.17.0.201812190825/tools/compiler/bin/../lib/gcc/arm-none-eabi/7.3.1/../../../../arm-none-eabi/lib/thumb/v7-m\libc.a(lib_a-memmove.o)
 .debug_frame   0x000010c4       0x38 d:/apps/ac6/plugins/fr.ac6.mcu.externaltools.arm-none.win32_1.17.0.201812190825/tools/compiler/bin/../lib/gcc/arm-none-eabi/7.3.1/../../../../arm-none-eabi/lib/thumb/v7-m\libc.a(lib_a-memset.o)
 .debug_frame   0x000010fc       0x5c d:/apps/ac6/plugins/fr.ac6.mcu.externaltools.arm-none.win32_1.17.0.201812190825/tools/compiler/bin/../lib/gcc/arm-none-eabi/7.3.1/../../../../arm-none-eabi/lib/thumb/v7-m\libc.a(lib_a-__call_atexit.o)
 .debug_frame   0x00001158       0x20 d:/apps/ac6/plugins/fr.ac6.mcu.externaltools.arm-none.win32_1.17.0.201812190825/tools/compiler/bin/../lib/gcc/arm-none-eabi/7.3.1/../../../../arm-none-eabi/lib/thumb/v7-m\libc.a(lib_a-atexit.o)
 .debug_frame   0x00001178       0x34 d:/apps/ac6/plugins/fr.ac6.mcu.externaltools.arm-none.win32_1.17.0.201812190825/tools/compiler/bin/../lib/gcc/arm-none-eabi/7.3.1/../../../../arm-none-eabi/lib/thumb/v7-m\libc.a(lib_a-fini.o)
 .debug_frame   0x000011ac       0xb0 d:/apps/ac6/plugins/fr.ac6.mcu.externaltools.arm-none.win32_1.17.0.201812190825/tools/compiler/bin/../lib/gcc/arm-none-eabi/7.3.1/../../../../arm-none-eabi/lib/thumb/v7-m\libc.a(lib_a-lock.o)
 .debug_frame   0x0000125c       0x34 d:/apps/ac6/plugins/fr.ac6.mcu.externaltools.arm-none.win32_1.17.0.201812190825/tools/compiler/bin/../lib/gcc/arm-none-eabi/7.3.1/../../../../arm-none-eabi/lib/thumb/v7-m\libc.a(lib_a-__atexit.o)
